
Optional file libmchp_peripheral.a not found

Optional file libmchp_peripheral_32MX250F128B.a not found
Archive member included because of file (symbol)

/Applications/microchip/xc32/v2.05/bin/bin/../../lib/gcc/pic32mx/4.8.3/../../../../pic32mx/lib/libpic32.a(memcpy.o)
                              build/default/production/_ext/2122810968/usb_device.o (memcpy)
/Applications/microchip/xc32/v2.05/bin/bin/../../lib/gcc/pic32mx/4.8.3/../../../../pic32mx/lib/libpic32.a(default-bootstrap-exception-handler.o)
                              /Applications/microchip/xc32/v2.05/bin/bin/../../lib/gcc/pic32mx/4.8.3/../../../../pic32mx/lib/./proc/32MX250F128B/crt0_mips32r2.o (_bootstrap_exception_handler)
/Applications/microchip/xc32/v2.05/bin/bin/../../lib/gcc/pic32mx/4.8.3/../../../../pic32mx/lib/libpic32.a(default-on-reset.o)
                              /Applications/microchip/xc32/v2.05/bin/bin/../../lib/gcc/pic32mx/4.8.3/../../../../pic32mx/lib/./proc/32MX250F128B/crt0_mips32r2.o (_on_reset)
/Applications/microchip/xc32/v2.05/bin/bin/../../lib/gcc/pic32mx/4.8.3/../../../../pic32mx/lib/libpic32.a(default-on-bootstrap.o)
                              /Applications/microchip/xc32/v2.05/bin/bin/../../lib/gcc/pic32mx/4.8.3/../../../../pic32mx/lib/./proc/32MX250F128B/crt0_mips32r2.o (_on_bootstrap)
/Applications/microchip/xc32/v2.05/bin/bin/../../lib/gcc/pic32mx/4.8.3/../../../../pic32mx/lib/libpic32.a(default-nmi-handler.o)
                              /Applications/microchip/xc32/v2.05/bin/bin/../../lib/gcc/pic32mx/4.8.3/../../../../pic32mx/lib/./proc/32MX250F128B/crt0_mips32r2.o (_nmi_handler)
/Applications/microchip/xc32/v2.05/bin/bin/../../lib/gcc/pic32mx/4.8.3/../../../../pic32mx/lib/libpic32.a(general-exception.o)
                              /Applications/microchip/xc32/v2.05/bin/bin/../../lib/gcc/pic32mx/4.8.3/../../../../pic32mx/lib/./proc/32MX250F128B/crt0_mips32r2.o (_general_exception_context)
/Applications/microchip/xc32/v2.05/bin/bin/../../lib/gcc/pic32mx/4.8.3/../../../../pic32mx/lib/libpic32.a(vector0.o)
                              /Applications/microchip/xc32/v2.05/bin/bin/../../lib/gcc/pic32mx/4.8.3/../../../../pic32mx/lib/./proc/32MX250F128B/default_isr_vectors.o (__vector_dispatch_0)
/Applications/microchip/xc32/v2.05/bin/bin/../../lib/gcc/pic32mx/4.8.3/../../../../pic32mx/lib/libpic32.a(vector1.o)
                              /Applications/microchip/xc32/v2.05/bin/bin/../../lib/gcc/pic32mx/4.8.3/../../../../pic32mx/lib/./proc/32MX250F128B/default_isr_vectors.o (__vector_dispatch_1)
/Applications/microchip/xc32/v2.05/bin/bin/../../lib/gcc/pic32mx/4.8.3/../../../../pic32mx/lib/libpic32.a(vector2.o)
                              /Applications/microchip/xc32/v2.05/bin/bin/../../lib/gcc/pic32mx/4.8.3/../../../../pic32mx/lib/./proc/32MX250F128B/default_isr_vectors.o (__vector_dispatch_2)
/Applications/microchip/xc32/v2.05/bin/bin/../../lib/gcc/pic32mx/4.8.3/../../../../pic32mx/lib/libpic32.a(vector3.o)
                              /Applications/microchip/xc32/v2.05/bin/bin/../../lib/gcc/pic32mx/4.8.3/../../../../pic32mx/lib/./proc/32MX250F128B/default_isr_vectors.o (__vector_dispatch_3)
/Applications/microchip/xc32/v2.05/bin/bin/../../lib/gcc/pic32mx/4.8.3/../../../../pic32mx/lib/libpic32.a(vector4.o)
                              /Applications/microchip/xc32/v2.05/bin/bin/../../lib/gcc/pic32mx/4.8.3/../../../../pic32mx/lib/./proc/32MX250F128B/default_isr_vectors.o (__vector_dispatch_4)
/Applications/microchip/xc32/v2.05/bin/bin/../../lib/gcc/pic32mx/4.8.3/../../../../pic32mx/lib/libpic32.a(vector5.o)
                              /Applications/microchip/xc32/v2.05/bin/bin/../../lib/gcc/pic32mx/4.8.3/../../../../pic32mx/lib/./proc/32MX250F128B/default_isr_vectors.o (__vector_dispatch_5)
/Applications/microchip/xc32/v2.05/bin/bin/../../lib/gcc/pic32mx/4.8.3/../../../../pic32mx/lib/libpic32.a(vector6.o)
                              /Applications/microchip/xc32/v2.05/bin/bin/../../lib/gcc/pic32mx/4.8.3/../../../../pic32mx/lib/./proc/32MX250F128B/default_isr_vectors.o (__vector_dispatch_6)
/Applications/microchip/xc32/v2.05/bin/bin/../../lib/gcc/pic32mx/4.8.3/../../../../pic32mx/lib/libpic32.a(vector7.o)
                              /Applications/microchip/xc32/v2.05/bin/bin/../../lib/gcc/pic32mx/4.8.3/../../../../pic32mx/lib/./proc/32MX250F128B/default_isr_vectors.o (__vector_dispatch_7)
/Applications/microchip/xc32/v2.05/bin/bin/../../lib/gcc/pic32mx/4.8.3/../../../../pic32mx/lib/libpic32.a(vector8.o)
                              /Applications/microchip/xc32/v2.05/bin/bin/../../lib/gcc/pic32mx/4.8.3/../../../../pic32mx/lib/./proc/32MX250F128B/default_isr_vectors.o (__vector_dispatch_8)
/Applications/microchip/xc32/v2.05/bin/bin/../../lib/gcc/pic32mx/4.8.3/../../../../pic32mx/lib/libpic32.a(vector9.o)
                              /Applications/microchip/xc32/v2.05/bin/bin/../../lib/gcc/pic32mx/4.8.3/../../../../pic32mx/lib/./proc/32MX250F128B/default_isr_vectors.o (__vector_dispatch_9)
[...]
Memory Configuration

Name             Origin             Length             Attributes
kseg0_program_mem 0x9d000000         0x0001f000         xr
exception_mem    0x9d01f000         0x00001000
debug_exec_mem   0x9fc00490         0x00000760
kseg0_boot_mem   0x9fc00490         0x00000000
kseg1_boot_mem   0xbfc00000         0x00000490
config3          0xbfc00bf0         0x00000004
config2          0xbfc00bf4         0x00000004
config1          0xbfc00bf8         0x00000004
config0          0xbfc00bfc         0x00000004
kseg1_data_mem   0xa0000000         0x00008000         w !x
sfrs             0xbf800000         0x00100000
configsfrs       0xbfc00bf0         0x00000010
*default*        0x00000000         0xffffffff

Linker script and memory map

LOAD /Applications/microchip/xc32/v2.05/bin/bin/../../lib/gcc/pic32mx/4.8.3/../../../../pic32mx/lib/./proc/32MX250F128B/crt0_mips32r2.o
LOAD /Applications/microchip/xc32/v2.05/bin/bin/../../lib/gcc/pic32mx/4.8.3/../../../../pic32mx/lib/debug-exception-return.o
LOAD build/default/production/_ext/639803181/sys_clk_pic32mx.o
LOAD build/default/production/_ext/340578644/sys_devcon.o
LOAD build/default/production/_ext/340578644/sys_devcon_pic32mx.o
LOAD build/default/production/_ext/822048611/sys_ports_static.o
LOAD build/default/production/_ext/1688732426/system_init.o
LOAD build/default/production/_ext/1688732426/system_interrupt.o
LOAD build/default/production/_ext/1688732426/system_exceptions.o
LOAD build/default/production/_ext/1688732426/system_tasks.o
LOAD build/default/production/_ext/1360937237/app.o
LOAD build/default/production/_ext/1360937237/main.o
LOAD build/default/production/_ext/1360937237/i2c.o
LOAD build/default/production/_ext/1360937237/imu.o
LOAD build/default/production/_ext/1360937237/ST7735.o
LOAD build/default/production/_ext/951802379/drv_usbfs.o
LOAD build/default/production/_ext/951802379/drv_usbfs_device.o
LOAD build/default/production/_ext/1873525429/sys_int_pic32.o
LOAD build/default/production/_ext/2122810968/usb_device.o
LOAD build/default/production/_ext/2122810968/usb_device_cdc.o
LOAD build/default/production/_ext/2122810968/usb_device_cdc_acm.o
LOAD ../../../../../microchip/harmony/v2_05_01/bin/framework/peripheral/PIC32MX250F128B_peripherals.a
                0x00000001                __MPLAB_BUILD = 0x1
                0x00000000                _min_heap_size = 0x0
LOAD /Applications/microchip/xc32/v2.05/bin/bin/../../lib/gcc/pic32mx/4.8.3/../../../../pic32mx/lib/./proc/32MX250F128B/default_isr_vectors.o
LOAD /Applications/microchip/xc32/v2.05/bin/bin/../../lib/gcc/pic32mx/4.8.3/../../../../pic32mx/lib/pic32_software_reset.o
                0x00000400                PROVIDE (_min_stack_size, 0x400)
LOAD /Applications/microchip/xc32/v2.05/bin/bin/../../lib/gcc/pic32mx/4.8.3/../../../../pic32mx/lib/./proc/32MX250F128B/processor.o
START GROUP
LOAD libmchp_peripheral.a
END GROUP
START GROUP
LOAD libmchp_peripheral_32MX250F128B.a
END GROUP
                0x00000001                PROVIDE (_vector_spacing, 0x1)
                0x9d01f000                PROVIDE (_ebase_address, 0x9d01f000)
                0xbfc00000                _RESET_ADDR = 0xbfc00000
                0xbfc00380                _BEV_EXCPT_ADDR = 0xbfc00380
                0xbfc00480                _DBG_EXCPT_ADDR = 0xbfc00480
                0x9fc00490                _DBG_CODE_ADDR = 0x9fc00490
                0x00000760                _DBG_CODE_SIZE = 0x760
                0x9d01f180                _GEN_EXCPT_ADDR = (_ebase_address + 0x180)

.config_BFC00BF0
                0xbfc00bf0        0x4
 *(.config_BFC00BF0)
 .config_BFC00BF0
                0xbfc00bf0        0x4 build/default/production/_ext/1688732426/system_init.o

.config_BFC00BF4
                0xbfc00bf4        0x4
 *(.config_BFC00BF4)
 .config_BFC00BF4
                0xbfc00bf4        0x4 build/default/production/_ext/1688732426/system_init.o

.config_BFC00BF8
                0xbfc00bf8        0x4
 *(.config_BFC00BF8)
 .config_BFC00BF8
                0xbfc00bf8        0x4 build/default/production/_ext/1688732426/system_init.o

.config_BFC00BFC
                0xbfc00bfc        0x4
 *(.config_BFC00BFC)
 .config_BFC00BFC
                0xbfc00bfc        0x4 build/default/production/_ext/1688732426/system_init.o
                0xbfc02000                PROVIDE (_DBG_CODE_ADDR, 0xbfc02000)
                0x00000ff0                PROVIDE (_DBG_CODE_SIZE, 0xff0)

.reset          0xbfc00000      0x1e4
 *(.reset)
 .reset         0xbfc00000        0x8 /Applications/microchip/xc32/v2.05/bin/bin/../../lib/gcc/pic32mx/4.8.3/../../../../pic32mx/lib/./proc/32MX250F128B/crt0_mips32r2.o
                0xbfc00000                _reset
 *(.reset.startup)
 .reset.startup
                0xbfc00008      0x1dc /Applications/microchip/xc32/v2.05/bin/bin/../../lib/gcc/pic32mx/4.8.3/../../../../pic32mx/lib/./proc/32MX250F128B/crt0_mips32r2.o
                0xbfc00008                _startup

.bev_excpt      0xbfc00380       0x10
 *(.bev_handler)
 .bev_handler   0xbfc00380       0x10 /Applications/microchip/xc32/v2.05/bin/bin/../../lib/gcc/pic32mx/4.8.3/../../../../pic32mx/lib/./proc/32MX250F128B/crt0_mips32r2.o

.dbg_excpt      0xbfc00480        0x0
                0xbfc00480                . = (. + DEFINED (_DEBUGGER)?0x8:0x0)

.dbg_code       0x9fc00490        0x0
                0x9fc00490                . = (. + DEFINED (_DEBUGGER)?_DBG_CODE_SIZE:0x0)

.app_excpt      0x9d01f180       0x10
 *(.gen_handler)
 .gen_handler   0x9d01f180       0x10 /Applications/microchip/xc32/v2.05/bin/bin/../../lib/gcc/pic32mx/4.8.3/../../../../pic32mx/lib/./proc/32MX250F128B/crt0_mips32r2.o

.vector_0       0x9d01f200        0x8
 *(.vector_0)
 .vector_0      0x9d01f200        0x8 /Applications/microchip/xc32/v2.05/bin/bin/../../lib/gcc/pic32mx/4.8.3/../../../../pic32mx/lib/libpic32.a(vector0.o)
                0x9d01f200                __vector_dispatch_0
                0x00000001                ASSERT (((_vector_spacing == 0x0) || (SIZEOF (.vector_0) <= (_vector_spacing << 0x5))), function at exception vector 0 too large)

.vector_1       0x9d01f220        0x8
 *(.vector_1)
 .vector_1      0x9d01f220        0x8 /Applications/microchip/xc32/v2.05/bin/bin/../../lib/gcc/pic32mx/4.8.3/../../../../pic32mx/lib/libpic32.a(vector1.o)
                0x9d01f220                __vector_dispatch_1
                0x00000001                ASSERT (((_vector_spacing == 0x0) || (SIZEOF (.vector_1) <= (_vector_spacing << 0x5))), function at exception vector 1 too large)

.vector_2       0x9d01f240        0x8
 *(.vector_2)
 .vector_2      0x9d01f240        0x8 /Applications/microchip/xc32/v2.05/bin/bin/../../lib/gcc/pic32mx/4.8.3/../../../../pic32mx/lib/libpic32.a(vector2.o)
                0x9d01f240                __vector_dispatch_2
                0x00000001                ASSERT (((_vector_spacing == 0x0) || (SIZEOF (.vector_2) <= (_vector_spacing << 0x5))), function at exception vector 2 too large)

.vector_3       0x9d01f260        0x8
 *(.vector_3)
 .vector_3      0x9d01f260        0x8 /Applications/microchip/xc32/v2.05/bin/bin/../../lib/gcc/pic32mx/4.8.3/../../../../pic32mx/lib/libpic32.a(vector3.o)
                0x9d01f260                __vector_dispatch_3
                0x00000001                ASSERT (((_vector_spacing == 0x0) || (SIZEOF (.vector_3) <= (_vector_spacing << 0x5))), function at exception vector 3 too large)

.vector_4       0x9d01f280        0x8
 *(.vector_4)
 .vector_4      0x9d01f280        0x8 /Applications/microchip/xc32/v2.05/bin/bin/../../lib/gcc/pic32mx/4.8.3/../../../../pic32mx/lib/libpic32.a(vector4.o)
                0x9d01f280                __vector_dispatch_4
                0x00000001                ASSERT (((_vector_spacing == 0x0) || (SIZEOF (.vector_4) <= (_vector_spacing << 0x5))), function at exception vector 4 too large)

.vector_5       0x9d01f2a0        0x8
 *(.vector_5)
 .vector_5      0x9d01f2a0        0x8 /Applications/microchip/xc32/v2.05/bin/bin/../../lib/gcc/pic32mx/4.8.3/../../../../pic32mx/lib/libpic32.a(vector5.o)
                0x9d01f2a0                __vector_dispatch_5
                0x00000001                ASSERT (((_vector_spacing == 0x0) || (SIZEOF (.vector_5) <= (_vector_spacing << 0x5))), function at exception vector 5 too large)

.vector_6       0x9d01f2c0        0x8
 *(.vector_6)
 .vector_6      0x9d01f2c0        0x8 /Applications/microchip/xc32/v2.05/bin/bin/../../lib/gcc/pic32mx/4.8.3/../../../../pic32mx/lib/libpic32.a(vector6.o)
                0x9d01f2c0                __vector_dispatch_6
                0x00000001                ASSERT (((_vector_spacing == 0x0) || (SIZEOF (.vector_6) <= (_vector_spacing << 0x5))), function at exception vector 6 too large)

.vector_7       0x9d01f2e0        0x8
 *(.vector_7)
 .vector_7      0x9d01f2e0        0x8 /Applications/microchip/xc32/v2.05/bin/bin/../../lib/gcc/pic32mx/4.8.3/../../../../pic32mx/lib/libpic32.a(vector7.o)
                0x9d01f2e0                __vector_dispatch_7
                0x00000001                ASSERT (((_vector_spacing == 0x0) || (SIZEOF (.vector_7) <= (_vector_spacing << 0x5))), function at exception vector 7 too large)

.vector_8       0x9d01f300        0x8
 *(.vector_8)
 .vector_8      0x9d01f300        0x8 /Applications/microchip/xc32/v2.05/bin/bin/../../lib/gcc/pic32mx/4.8.3/../../../../pic32mx/lib/libpic32.a(vector8.o)
                0x9d01f300                __vector_dispatch_8
                0x00000001                ASSERT (((_vector_spacing == 0x0) || (SIZEOF (.vector_8) <= (_vector_spacing << 0x5))), function at exception vector 8 too large)

.vector_9       0x9d01f320        0x8
 *(.vector_9)
 .vector_9      0x9d01f320        0x8 /Applications/microchip/xc32/v2.05/bin/bin/../../lib/gcc/pic32mx/4.8.3/../../../../pic32mx/lib/libpic32.a(vector9.o)
                0x9d01f320                __vector_dispatch_9
                0x00000001                ASSERT (((_vector_spacing == 0x0) || (SIZEOF (.vector_9) <= (_vector_spacing << 0x5))), function at exception vector 9 too large)

.vector_10      0x9d01f340        0x8
 *(.vector_10)
 .vector_10     0x9d01f340        0x8 /Applications/microchip/xc32/v2.05/bin/bin/../../lib/gcc/pic32mx/4.8.3/../../../../pic32mx/lib/libpic32.a(vector10.o)
                0x9d01f340                __vector_dispatch_10
                0x00000001                ASSERT (((_vector_spacing == 0x0) || (SIZEOF (.vector_10) <= (_vector_spacing << 0x5))), function at exception vector 10 too large)

.vector_11      0x9d01f360        0x8
 *(.vector_11)
 .vector_11     0x9d01f360        0x8 /Applications/microchip/xc32/v2.05/bin/bin/../../lib/gcc/pic32mx/4.8.3/../../../../pic32mx/lib/libpic32.a(vector11.o)
                0x9d01f360                __vector_dispatch_11
                0x00000001                ASSERT (((_vector_spacing == 0x0) || (SIZEOF (.vector_11) <= (_vector_spacing << 0x5))), function at exception vector 11 too large)

.vector_12      0x9d01f380        0x8
 *(.vector_12)
 .vector_12     0x9d01f380        0x8 /Applications/microchip/xc32/v2.05/bin/bin/../../lib/gcc/pic32mx/4.8.3/../../../../pic32mx/lib/libpic32.a(vector12.o)
                0x9d01f380                __vector_dispatch_12
                0x00000001                ASSERT (((_vector_spacing == 0x0) || (SIZEOF (.vector_12) <= (_vector_spacing << 0x5))), function at exception vector 12 too large)

.vector_13      0x9d01f3a0        0x8
 *(.vector_13)
 .vector_13     0x9d01f3a0        0x8 /Applications/microchip/xc32/v2.05/bin/bin/../../lib/gcc/pic32mx/4.8.3/../../../../pic32mx/lib/libpic32.a(vector13.o)
                0x9d01f3a0                __vector_dispatch_13
                0x00000001                ASSERT (((_vector_spacing == 0x0) || (SIZEOF (.vector_13) <= (_vector_spacing << 0x5))), function at exception vector 13 too large)

.vector_14      0x9d01f3c0        0x8
 *(.vector_14)
 .vector_14     0x9d01f3c0        0x8 /Applications/microchip/xc32/v2.05/bin/bin/../../lib/gcc/pic32mx/4.8.3/../../../../pic32mx/lib/libpic32.a(vector14.o)
                0x9d01f3c0                __vector_dispatch_14
                0x00000001                ASSERT (((_vector_spacing == 0x0) || (SIZEOF (.vector_14) <= (_vector_spacing << 0x5))), function at exception vector 14 too large)

.vector_15      0x9d01f3e0        0x8
 *(.vector_15)
 .vector_15     0x9d01f3e0        0x8 /Applications/microchip/xc32/v2.05/bin/bin/../../lib/gcc/pic32mx/4.8.3/../../../../pic32mx/lib/libpic32.a(vector15.o)
                0x9d01f3e0                __vector_dispatch_15
                0x00000001                ASSERT (((_vector_spacing == 0x0) || (SIZEOF (.vector_15) <= (_vector_spacing << 0x5))), function at exception vector 15 too large)

.vector_16      0x9d01f400        0x8
 *(.vector_16)
 .vector_16     0x9d01f400        0x8 /Applications/microchip/xc32/v2.05/bin/bin/../../lib/gcc/pic32mx/4.8.3/../../../../pic32mx/lib/libpic32.a(vector16.o)
                0x9d01f400                __vector_dispatch_16
                0x00000001                ASSERT (((_vector_spacing == 0x0) || (SIZEOF (.vector_16) <= (_vector_spacing << 0x5))), function at exception vector 16 too large)

.vector_17      0x9d01f420        0x8
 *(.vector_17)
 .vector_17     0x9d01f420        0x8 /Applications/microchip/xc32/v2.05/bin/bin/../../lib/gcc/pic32mx/4.8.3/../../../../pic32mx/lib/libpic32.a(vector17.o)
                0x9d01f420                __vector_dispatch_17
                0x00000001                ASSERT (((_vector_spacing == 0x0) || (SIZEOF (.vector_17) <= (_vector_spacing << 0x5))), function at exception vector 17 too large)

.vector_18      0x9d01f440        0x8
 *(.vector_18)
 .vector_18     0x9d01f440        0x8 /Applications/microchip/xc32/v2.05/bin/bin/../../lib/gcc/pic32mx/4.8.3/../../../../pic32mx/lib/libpic32.a(vector18.o)
                0x9d01f440                __vector_dispatch_18
                0x00000001                ASSERT (((_vector_spacing == 0x0) || (SIZEOF (.vector_18) <= (_vector_spacing << 0x5))), function at exception vector 18 too large)

.vector_19      0x9d01f460        0x8
 *(.vector_19)
 .vector_19     0x9d01f460        0x8 /Applications/microchip/xc32/v2.05/bin/bin/../../lib/gcc/pic32mx/4.8.3/../../../../pic32mx/lib/libpic32.a(vector19.o)
                0x9d01f460                __vector_dispatch_19
                0x00000001                ASSERT (((_vector_spacing == 0x0) || (SIZEOF (.vector_19) <= (_vector_spacing << 0x5))), function at exception vector 19 too large)

.vector_20      0x9d01f480        0x8
 *(.vector_20)
 .vector_20     0x9d01f480        0x8 /Applications/microchip/xc32/v2.05/bin/bin/../../lib/gcc/pic32mx/4.8.3/../../../../pic32mx/lib/libpic32.a(vector20.o)
                0x9d01f480                __vector_dispatch_20
                0x00000001                ASSERT (((_vector_spacing == 0x0) || (SIZEOF (.vector_20) <= (_vector_spacing << 0x5))), function at exception vector 20 too large)

.vector_21      0x9d01f4a0        0x8
 *(.vector_21)
 .vector_21     0x9d01f4a0        0x8 /Applications/microchip/xc32/v2.05/bin/bin/../../lib/gcc/pic32mx/4.8.3/../../../../pic32mx/lib/libpic32.a(vector21.o)
                0x9d01f4a0                __vector_dispatch_21
                0x00000001                ASSERT (((_vector_spacing == 0x0) || (SIZEOF (.vector_21) <= (_vector_spacing << 0x5))), function at exception vector 21 too large)

.vector_22      0x9d01f4c0        0x8
 *(.vector_22)
 .vector_22     0x9d01f4c0        0x8 /Applications/microchip/xc32/v2.05/bin/bin/../../lib/gcc/pic32mx/4.8.3/../../../../pic32mx/lib/libpic32.a(vector22.o)
                0x9d01f4c0                __vector_dispatch_22
                0x00000001                ASSERT (((_vector_spacing == 0x0) || (SIZEOF (.vector_22) <= (_vector_spacing << 0x5))), function at exception vector 22 too large)

.vector_23      0x9d01f4e0        0x8
 *(.vector_23)
 .vector_23     0x9d01f4e0        0x8 /Applications/microchip/xc32/v2.05/bin/bin/../../lib/gcc/pic32mx/4.8.3/../../../../pic32mx/lib/libpic32.a(vector23.o)
                0x9d01f4e0                __vector_dispatch_23
                0x00000001                ASSERT (((_vector_spacing == 0x0) || (SIZEOF (.vector_23) <= (_vector_spacing << 0x5))), function at exception vector 23 too large)

.vector_24      0x9d01f500        0x8
 *(.vector_24)
 .vector_24     0x9d01f500        0x8 /Applications/microchip/xc32/v2.05/bin/bin/../../lib/gcc/pic32mx/4.8.3/../../../../pic32mx/lib/libpic32.a(vector24.o)
                0x9d01f500                __vector_dispatch_24
                0x00000001                ASSERT (((_vector_spacing == 0x0) || (SIZEOF (.vector_24) <= (_vector_spacing << 0x5))), function at exception vector 24 too large)

.vector_25      0x9d01f520        0x8
 *(.vector_25)
 .vector_25     0x9d01f520        0x8 /Applications/microchip/xc32/v2.05/bin/bin/../../lib/gcc/pic32mx/4.8.3/../../../../pic32mx/lib/libpic32.a(vector25.o)
                0x9d01f520                __vector_dispatch_25
                0x00000001                ASSERT (((_vector_spacing == 0x0) || (SIZEOF (.vector_25) <= (_vector_spacing << 0x5))), function at exception vector 25 too large)

.vector_26      0x9d01f540        0x8
 *(.vector_26)
 .vector_26     0x9d01f540        0x8 /Applications/microchip/xc32/v2.05/bin/bin/../../lib/gcc/pic32mx/4.8.3/../../../../pic32mx/lib/libpic32.a(vector26.o)
                0x9d01f540                __vector_dispatch_26
                0x00000001                ASSERT (((_vector_spacing == 0x0) || (SIZEOF (.vector_26) <= (_vector_spacing << 0x5))), function at exception vector 26 too large)

.vector_27      0x9d01f560        0x8
 *(.vector_27)
 .vector_27     0x9d01f560        0x8 /Applications/microchip/xc32/v2.05/bin/bin/../../lib/gcc/pic32mx/4.8.3/../../../../pic32mx/lib/libpic32.a(vector27.o)
                0x9d01f560                __vector_dispatch_27
                0x00000001                ASSERT (((_vector_spacing == 0x0) || (SIZEOF (.vector_27) <= (_vector_spacing << 0x5))), function at exception vector 27 too large)

.vector_28      0x9d01f580        0x8
 *(.vector_28)
 .vector_28     0x9d01f580        0x8 /Applications/microchip/xc32/v2.05/bin/bin/../../lib/gcc/pic32mx/4.8.3/../../../../pic32mx/lib/libpic32.a(vector28.o)
                0x9d01f580                __vector_dispatch_28
                0x00000001                ASSERT (((_vector_spacing == 0x0) || (SIZEOF (.vector_28) <= (_vector_spacing << 0x5))), function at exception vector 28 too large)

.vector_29      0x9d01f5a0        0x8
 *(.vector_29)
 .vector_29     0x9d01f5a0        0x8 /Applications/microchip/xc32/v2.05/bin/bin/../../lib/gcc/pic32mx/4.8.3/../../../../pic32mx/lib/libpic32.a(vector29.o)
                0x9d01f5a0                __vector_dispatch_29
                0x00000001                ASSERT (((_vector_spacing == 0x0) || (SIZEOF (.vector_29) <= (_vector_spacing << 0x5))), function at exception vector 29 too large)

.vector_30      0x9d01f5c0        0x8
 *(.vector_30)
 .vector_30     0x9d01f5c0        0x8 build/default/production/_ext/1688732426/system_interrupt.o
                0x9d01f5c0                __vector_dispatch_30
                0x00000001                ASSERT (((_vector_spacing == 0x0) || (SIZEOF (.vector_30) <= (_vector_spacing << 0x5))), function at exception vector 30 too large)

.vector_31      0x9d01f5e0        0x8
 *(.vector_31)
 .vector_31     0x9d01f5e0        0x8 /Applications/microchip/xc32/v2.05/bin/bin/../../lib/gcc/pic32mx/4.8.3/../../../../pic32mx/lib/libpic32.a(vector31.o)
                0x9d01f5e0                __vector_dispatch_31
                0x00000001                ASSERT (((_vector_spacing == 0x0) || (SIZEOF (.vector_31) <= (_vector_spacing << 0x5))), function at exception vector 31 too large)

.vector_32      0x9d01f600        0x8
 *(.vector_32)
 .vector_32     0x9d01f600        0x8 /Applications/microchip/xc32/v2.05/bin/bin/../../lib/gcc/pic32mx/4.8.3/../../../../pic32mx/lib/libpic32.a(vector32.o)
                0x9d01f600                __vector_dispatch_32
                0x00000001                ASSERT (((_vector_spacing == 0x0) || (SIZEOF (.vector_32) <= (_vector_spacing << 0x5))), function at exception vector 32 too large)

.vector_33      0x9d01f620        0x8
 *(.vector_33)
 .vector_33     0x9d01f620        0x8 /Applications/microchip/xc32/v2.05/bin/bin/../../lib/gcc/pic32mx/4.8.3/../../../../pic32mx/lib/libpic32.a(vector33.o)
                0x9d01f620                __vector_dispatch_33
                0x00000001                ASSERT (((_vector_spacing == 0x0) || (SIZEOF (.vector_33) <= (_vector_spacing << 0x5))), function at exception vector 33 too large)

.vector_34      0x9d01f640        0x8
 *(.vector_34)
 .vector_34     0x9d01f640        0x8 /Applications/microchip/xc32/v2.05/bin/bin/../../lib/gcc/pic32mx/4.8.3/../../../../pic32mx/lib/libpic32.a(vector34.o)
                0x9d01f640                __vector_dispatch_34
                0x00000001                ASSERT (((_vector_spacing == 0x0) || (SIZEOF (.vector_34) <= (_vector_spacing << 0x5))), function at exception vector 34 too large)

.vector_35      0x9d01f660        0x8
 *(.vector_35)
 .vector_35     0x9d01f660        0x8 /Applications/microchip/xc32/v2.05/bin/bin/../../lib/gcc/pic32mx/4.8.3/../../../../pic32mx/lib/libpic32.a(vector35.o)
                0x9d01f660                __vector_dispatch_35
                0x00000001                ASSERT (((_vector_spacing == 0x0) || (SIZEOF (.vector_35) <= (_vector_spacing << 0x5))), function at exception vector 35 too large)

.vector_36      0x9d01f680        0x8
 *(.vector_36)
 .vector_36     0x9d01f680        0x8 /Applications/microchip/xc32/v2.05/bin/bin/../../lib/gcc/pic32mx/4.8.3/../../../../pic32mx/lib/libpic32.a(vector36.o)
                0x9d01f680                __vector_dispatch_36
                0x00000001                ASSERT (((_vector_spacing == 0x0) || (SIZEOF (.vector_36) <= (_vector_spacing << 0x5))), function at exception vector 36 too large)

.vector_37      0x9d01f6a0        0x8
 *(.vector_37)
 .vector_37     0x9d01f6a0        0x8 /Applications/microchip/xc32/v2.05/bin/bin/../../lib/gcc/pic32mx/4.8.3/../../../../pic32mx/lib/libpic32.a(vector37.o)
                0x9d01f6a0                __vector_dispatch_37
                0x00000001                ASSERT (((_vector_spacing == 0x0) || (SIZEOF (.vector_37) <= (_vector_spacing << 0x5))), function at exception vector 37 too large)

.vector_38      0x9d01f6c0        0x8
 *(.vector_38)
 .vector_38     0x9d01f6c0        0x8 /Applications/microchip/xc32/v2.05/bin/bin/../../lib/gcc/pic32mx/4.8.3/../../../../pic32mx/lib/libpic32.a(vector38.o)
                0x9d01f6c0                __vector_dispatch_38
                0x00000001                ASSERT (((_vector_spacing == 0x0) || (SIZEOF (.vector_38) <= (_vector_spacing << 0x5))), function at exception vector 38 too large)

.vector_39      0x9d01f6e0        0x8
 *(.vector_39)
 .vector_39     0x9d01f6e0        0x8 /Applications/microchip/xc32/v2.05/bin/bin/../../lib/gcc/pic32mx/4.8.3/../../../../pic32mx/lib/libpic32.a(vector39.o)
                0x9d01f6e0                __vector_dispatch_39
                0x00000001                ASSERT (((_vector_spacing == 0x0) || (SIZEOF (.vector_39) <= (_vector_spacing << 0x5))), function at exception vector 39 too large)

.vector_40      0x9d01f700        0x8
 *(.vector_40)
 .vector_40     0x9d01f700        0x8 /Applications/microchip/xc32/v2.05/bin/bin/../../lib/gcc/pic32mx/4.8.3/../../../../pic32mx/lib/libpic32.a(vector40.o)
                0x9d01f700                __vector_dispatch_40
                0x00000001                ASSERT (((_vector_spacing == 0x0) || (SIZEOF (.vector_40) <= (_vector_spacing << 0x5))), function at exception vector 40 too large)

.vector_41      0x9d01f720        0x8
 *(.vector_41)
 .vector_41     0x9d01f720        0x8 /Applications/microchip/xc32/v2.05/bin/bin/../../lib/gcc/pic32mx/4.8.3/../../../../pic32mx/lib/libpic32.a(vector41.o)
                0x9d01f720                __vector_dispatch_41
                0x00000001                ASSERT (((_vector_spacing == 0x0) || (SIZEOF (.vector_41) <= (_vector_spacing << 0x5))), function at exception vector 41 too large)

.vector_42      0x9d01f740        0x8
 *(.vector_42)
 .vector_42     0x9d01f740        0x8 /Applications/microchip/xc32/v2.05/bin/bin/../../lib/gcc/pic32mx/4.8.3/../../../../pic32mx/lib/libpic32.a(vector42.o)
                0x9d01f740                __vector_dispatch_42
                0x00000001                ASSERT (((_vector_spacing == 0x0) || (SIZEOF (.vector_42) <= (_vector_spacing << 0x5))), function at exception vector 42 too large)

.vector_43      0x9d01f760        0x8
 *(.vector_43)
 .vector_43     0x9d01f760        0x8 /Applications/microchip/xc32/v2.05/bin/bin/../../lib/gcc/pic32mx/4.8.3/../../../../pic32mx/lib/libpic32.a(vector43.o)
                0x9d01f760                __vector_dispatch_43
                0x00000001                ASSERT (((_vector_spacing == 0x0) || (SIZEOF (.vector_43) <= (_vector_spacing << 0x5))), function at exception vector 43 too large)

.vector_44      0x9d01f780        0x0
 *(.vector_44)
                0x00000001                ASSERT (((_vector_spacing == 0x0) || (SIZEOF (.vector_44) <= (_vector_spacing << 0x5))), function at exception vector 44 too large)

.vector_45      0x9d01f7a0        0x0
 *(.vector_45)
                0x00000001                ASSERT (((_vector_spacing == 0x0) || (SIZEOF (.vector_45) <= (_vector_spacing << 0x5))), function at exception vector 45 too large)

.vector_46      0x9d01f7c0        0x0
 *(.vector_46)
                0x00000001                ASSERT (((_vector_spacing == 0x0) || (SIZEOF (.vector_46) <= (_vector_spacing << 0x5))), function at exception vector 46 too large)

.vector_47      0x9d01f7e0        0x0
 *(.vector_47)
                0x00000001                ASSERT (((_vector_spacing == 0x0) || (SIZEOF (.vector_47) <= (_vector_spacing << 0x5))), function at exception vector 47 too large)

.vector_48      0x9d01f800        0x0
 *(.vector_48)
                0x00000001                ASSERT (((_vector_spacing == 0x0) || (SIZEOF (.vector_48) <= (_vector_spacing << 0x5))), function at exception vector 48 too large)

.vector_49      0x9d01f820        0x0
 *(.vector_49)
                0x00000001                ASSERT (((_vector_spacing == 0x0) || (SIZEOF (.vector_49) <= (_vector_spacing << 0x5))), function at exception vector 49 too large)

.vector_50      0x9d01f840        0x0
 *(.vector_50)
                0x00000001                ASSERT (((_vector_spacing == 0x0) || (SIZEOF (.vector_50) <= (_vector_spacing << 0x5))), function at exception vector 50 too large)

.vector_51      0x9d01f860        0x0
 *(.vector_51)
                0x00000001                ASSERT (((_vector_spacing == 0x0) || (SIZEOF (.vector_51) <= (_vector_spacing << 0x5))), function at exception vector 51 too large)

.vector_52      0x9d01f880        0x0
 *(.vector_52)
                0x00000001                ASSERT (((_vector_spacing == 0x0) || (SIZEOF (.vector_52) <= (_vector_spacing << 0x5))), function at exception vector 52 too large)

.vector_53      0x9d01f8a0        0x0
 *(.vector_53)
                0x00000001                ASSERT (((_vector_spacing == 0x0) || (SIZEOF (.vector_53) <= (_vector_spacing << 0x5))), function at exception vector 53 too large)

.vector_54      0x9d01f8c0        0x0
 *(.vector_54)
                0x00000001                ASSERT (((_vector_spacing == 0x0) || (SIZEOF (.vector_54) <= (_vector_spacing << 0x5))), function at exception vector 54 too large)

.vector_55      0x9d01f8e0        0x0
 *(.vector_55)
                0x00000001                ASSERT (((_vector_spacing == 0x0) || (SIZEOF (.vector_55) <= (_vector_spacing << 0x5))), function at exception vector 55 too large)

.vector_56      0x9d01f900        0x0
 *(.vector_56)
                0x00000001                ASSERT (((_vector_spacing == 0x0) || (SIZEOF (.vector_56) <= (_vector_spacing << 0x5))), function at exception vector 56 too large)

.vector_57      0x9d01f920        0x0
 *(.vector_57)
                0x00000001                ASSERT (((_vector_spacing == 0x0) || (SIZEOF (.vector_57) <= (_vector_spacing << 0x5))), function at exception vector 57 too large)

.vector_58      0x9d01f940        0x0
 *(.vector_58)
                0x00000001                ASSERT (((_vector_spacing == 0x0) || (SIZEOF (.vector_58) <= (_vector_spacing << 0x5))), function at exception vector 58 too large)

.vector_59      0x9d01f960        0x0
 *(.vector_59)
                0x00000001                ASSERT (((_vector_spacing == 0x0) || (SIZEOF (.vector_59) <= (_vector_spacing << 0x5))), function at exception vector 59 too large)

.vector_60      0x9d01f980        0x0
 *(.vector_60)
                0x00000001                ASSERT (((_vector_spacing == 0x0) || (SIZEOF (.vector_60) <= (_vector_spacing << 0x5))), function at exception vector 60 too large)

.vector_61      0x9d01f9a0        0x0
 *(.vector_61)
                0x00000001                ASSERT (((_vector_spacing == 0x0) || (SIZEOF (.vector_61) <= (_vector_spacing << 0x5))), function at exception vector 61 too large)

.vector_62      0x9d01f9c0        0x0
 *(.vector_62)
                0x00000001                ASSERT (((_vector_spacing == 0x0) || (SIZEOF (.vector_62) <= (_vector_spacing << 0x5))), function at exception vector 62 too large)

.vector_63      0x9d01f9e0        0x0
 *(.vector_63)
                0x00000001                ASSERT (((_vector_spacing == 0x0) || (SIZEOF (.vector_63) <= (_vector_spacing << 0x5))), function at exception vector 63 too large)

.startup
 *(.startup)

.text           0x9d000000        0x0
 *(.stub .gnu.linkonce.t.*)
 *(.text.*personality*)
 *(.mips16.fn.*)
 *(.mips16.call.*)
 *(.gnu.warning)
                0x9d000000                . = ALIGN (0x4)

.init           0x9d000000        0x0
 *crti.o(.init)
 *crtbegin.o(.init)
 *(EXCLUDE_FILE(*crtn.o *crtend?.o *crtend.o) .init)
 *crtend.o(.init)
 *crtn.o(.init)
                0x9d000000                . = ALIGN (0x4)

.fini           0x9d000000        0x0
 *(.fini)
                0x9d000000                . = ALIGN (0x4)

.preinit_array  0x9d000000        0x0
                0x9d000000                PROVIDE (__preinit_array_start, .)
 *(.preinit_array)
                0x9d000000                PROVIDE (__preinit_array_end, .)
                0x9d000000                . = ALIGN (0x4)

.init_array     0x9d000000        0x0
                0x9d000000                PROVIDE (__init_array_start, .)
 *(SORT(.init_array.*))
 *(.init_array)
                0x9d000000                PROVIDE (__init_array_end, .)
                0x9d000000                . = ALIGN (0x4)

.fini_array     0x9d000000        0x0
                0x9d000000                PROVIDE (__fini_array_start, .)
 *(SORT(.fini_array.*))
 *(.fini_array)
                0x9d000000                PROVIDE (__fini_array_end, .)
                0x9d000000                . = ALIGN (0x4)

.ctors          0x9d000000        0x0
 *crtbegin.o(.ctors)
 *crtbegin?.o(.ctors)
 *(EXCLUDE_FILE(*crtend?.o *crtend.o) .ctors)
 *(SORT(.ctors.*))
 *(.ctors)
                0x9d000000                . = ALIGN (0x4)

.dtors          0x9d000000        0x0
 *crtbegin.o(.dtors)
 *crtbegin?.o(.dtors)
 *(EXCLUDE_FILE(*crtend?.o *crtend.o) .dtors)
 *(SORT(.dtors.*))
 *(.dtors)
                0x9d000000                . = ALIGN (0x4)

.rodata         0x9d000000        0x0
 *(.gnu.linkonce.r.*)
 *(.rodata1)
                0x9d000000                . = ALIGN (0x4)

.sdata2         0x9fc00490        0x0
 *(.sdata2 .sdata2.* .gnu.linkonce.s2.*)
                0x9fc00490                . = ALIGN (0x4)

.sbss2          0x9fc00490        0x0
 *(.sbss2 .sbss2.* .gnu.linkonce.sb2.*)
                0x9fc00490                . = ALIGN (0x4)

.eh_frame_hdr
 *(.eh_frame_hdr)
                0x9fc00490                . = ALIGN (0x4)

.eh_frame
 *(.eh_frame)
                0x9fc00490                . = ALIGN (0x4)

.gcc_except_table
 *(.gcc_except_table .gcc_except_table.*)
                0x9fc00490                . = ALIGN (0x4)

.dbg_data       0xa0000000        0x0
                0xa0000000                . = (. + DEFINED (_DEBUGGER)?0x200:0x0)

.jcr            0xa0000000        0x0
 *(.jcr)
                0xa0000000                . = ALIGN (0x4)

.eh_frame
 *(.eh_frame)
                0xa0000000                . = ALIGN (0x4)

.gcc_except_table
 *(.gcc_except_table .gcc_except_table.*)
                0xa0000000                . = ALIGN (0x4)

.persist        0xa0000000        0x0
                0xa0000000                _persist_begin = .
 *(.persist .persist.*)
 *(.pbss .pbss.*)
                0xa0000000                . = ALIGN (0x4)
                0xa0000000                _persist_end = .

.data           0xa0000000        0x0
 *(.gnu.linkonce.d.*)
 *(.data1)
                0xa0000000                . = ALIGN (0x4)
                0xa0000000                . = .
                0xa0007ff0                _gp = (ALIGN (0x10) + 0x7ff0)

.got            0xa0000000        0x0
 *(.got.plt)
 *(.got)
                0xa0000000                . = ALIGN (0x4)

.sdata          0xa0000000        0x4
                0xa0000000                _sdata_begin = .
 *(.sdata .sdata.* .gnu.linkonce.s.*)
 .sdata         0xa0000000        0x4 /Applications/microchip/xc32/v2.05/bin/bin/../../lib/gcc/pic32mx/4.8.3/../../../../pic32mx/lib/libpic32.a(xc32_uart.o)
                0xa0000000                __XC_UART
                0xa0000004                . = ALIGN (0x4)
                0xa0000004                _sdata_end = .

.lit8
 *(.lit8)

.lit4
 *(.lit4)
                0xa0000004                . = ALIGN (0x4)
                0xa0000004                _data_end = .
                0xa0000004                _bss_begin = .

.sbss           0xa0000004       0x50
                0xa0000004                _sbss_begin = .
 *(.dynsbss)
 *(.sbss .sbss.* .gnu.linkonce.sb.*)
 .sbss          0xa0000004        0xc build/default/production/_ext/1688732426/system_exceptions.o
 .sbss          0xa0000010       0x14 build/default/production/_ext/1360937237/app.o
                0xa0000010                iir_output
                0xa0000014                j
                0xa0000018                q
                0xa000001c                startTime
                0xa0000020                i
 *(.scommon)
 .scommon       0xa0000024        0x8 build/default/production/_ext/340578644/sys_devcon.o
                0xa0000024                sysDevconObj
 .scommon       0xa000002c        0x8 build/default/production/_ext/1688732426/system_init.o
                0xa000002c                sysObj
 .scommon       0xa0000034       0x1c build/default/production/_ext/1360937237/app.o
                0xa0000034                new_iirco
                0xa0000038                zraw
                0xa000003c                z2raw
                0xa0000040                firo
                0xa0000044                mavo
                0xa0000048                old_iirco
                0xa000004c                len
 .scommon       0xa0000050        0x2 build/default/production/_ext/2122810968/usb_device_cdc.o
                0xa0000050                gUSBDeviceCdcCommonDataObj
                0xa0000052                _sbss_end = .
                0xa0000054                . = ALIGN (0x4)
 *fill*         0xa0000052        0x2 

.bss            0xa0000200      0x300
 *(.dynbss)
 *(COMMON)
 COMMON         0xa0000200       0x60 build/default/production/_ext/1688732426/system_init.o
                0xa0000200                endPointTable
 COMMON         0xa0000260      0x12c build/default/production/_ext/1360937237/app.o
                0xa0000260                readBuffer
                0xa00002a0                firsto
                0xa00002b8                r
                0xa00002c8                appData
                0xa00002f4                fr
                0xa0000334                dataOut
                0xa0000374                mav
 COMMON         0xa000038c       0xc8 build/default/production/_ext/951802379/drv_usbfs.o
                0xa000038c                gDrvUSBGroup
 COMMON         0xa0000454       0xac build/default/production/_ext/2122810968/usb_device_cdc.o
                0xa0000454                gUSBDeviceCDCIRP
                0xa00004c0                gUSBDeviceCDCInstance
                0xa0000500                . = ALIGN ((. != 0x0)?0x4:0x1)
                0xa0000500                . = ALIGN (0x4)
                0xa0000500                _end = .
                0xa0000500                _bss_end = .
                0x00008000                _bmxdudba_address = 0x8000
                0x00008000                _bmxdupba_address = 0x8000

/DISCARD/
 *(.pdr)
 *(.rel.dyn)
 *(.note.GNU-stack)
 *(.note.GNU-stack)
 *(.gnu_debuglink)
 *(.gnu.lto_*)
 *(.discard)

.gptab.sdata
 *(.gptab.data)
 *(.gptab.sdata)

.gptab.sbss
 *(.gptab.bss)
 *(.gptab.sbss)

.mdebug.abi32   0xa0000500        0x0
 *(.mdebug.abi32)
 .mdebug.abi32  0xa0000500        0x0 build/default/production/_ext/639803181/sys_clk_pic32mx.o
 .mdebug.abi32  0xa0000500        0x0 build/default/production/_ext/340578644/sys_devcon.o
 .mdebug.abi32  0xa0000500        0x0 build/default/production/_ext/340578644/sys_devcon_pic32mx.o
 .mdebug.abi32  0xa0000500        0x0 build/default/production/_ext/822048611/sys_ports_static.o
 .mdebug.abi32  0xa0000500        0x0 build/default/production/_ext/1688732426/system_init.o
 .mdebug.abi32  0xa0000500        0x0 build/default/production/_ext/1688732426/system_interrupt.o
 .mdebug.abi32  0xa0000500        0x0 build/default/production/_ext/1688732426/system_exceptions.o
 .mdebug.abi32  0xa0000500        0x0 build/default/production/_ext/1688732426/system_tasks.o
 .mdebug.abi32  0xa0000500        0x0 build/default/production/_ext/1360937237/app.o
 .mdebug.abi32  0xa0000500        0x0 build/default/production/_ext/1360937237/main.o
 .mdebug.abi32  0xa0000500        0x0 build/default/production/_ext/1360937237/i2c.o
 .mdebug.abi32  0xa0000500        0x0 build/default/production/_ext/1360937237/imu.o
 .mdebug.abi32  0xa0000500        0x0 build/default/production/_ext/1360937237/ST7735.o
 .mdebug.abi32  0xa0000500        0x0 build/default/production/_ext/951802379/drv_usbfs.o
 .mdebug.abi32  0xa0000500        0x0 build/default/production/_ext/951802379/drv_usbfs_device.o
 .mdebug.abi32  0xa0000500        0x0 build/default/production/_ext/1873525429/sys_int_pic32.o
 .mdebug.abi32  0xa0000500        0x0 build/default/production/_ext/2122810968/usb_device.o
 .mdebug.abi32  0xa0000500        0x0 build/default/production/_ext/2122810968/usb_device_cdc.o
 .mdebug.abi32  0xa0000500        0x0 build/default/production/_ext/2122810968/usb_device_cdc_acm.o
 .mdebug.abi32  0xa0000500        0x0 /Applications/microchip/xc32/v2.05/bin/bin/../../lib/gcc/pic32mx/4.8.3/../../../../pic32mx/lib/libpic32.a(default-bootstrap-exception-handler.o)
 .mdebug.abi32  0xa0000500        0x0 /Applications/microchip/xc32/v2.05/bin/bin/../../lib/gcc/pic32mx/4.8.3/../../../../pic32mx/lib/libpic32.a(default-on-reset.o)
 .mdebug.abi32  0xa0000500        0x0 /Applications/microchip/xc32/v2.05/bin/bin/../../lib/gcc/pic32mx/4.8.3/../../../../pic32mx/lib/libpic32.a(default-on-bootstrap.o)
 .mdebug.abi32  0xa0000500        0x0 /Applications/microchip/xc32/v2.05/bin/bin/../../lib/gcc/pic32mx/4.8.3/../../../../pic32mx/lib/libpic32.a(defaultinterrupt.o)
 .mdebug.abi32  0xa0000500        0x0 /Applications/microchip/xc32/v2.05/bin/bin/../../lib/gcc/pic32mx/4.8.3/../../../../pic32mx/lib/libc.a(sprintf_fF.eo)
 .mdebug.abi32  0xa0000500        0x0 /Applications/microchip/xc32/v2.05/bin/bin/../../lib/gcc/pic32mx/4.8.3/../../../../pic32mx/lib/libc.a(doprnt_fF.eo)
 .mdebug.abi32  0xa0000500        0x0 /Applications/microchip/xc32/v2.05/bin/bin/../../lib/gcc/pic32mx/4.8.3/../../../../pic32mx/lib/libc.a(_fputc_simple.o)
 .mdebug.abi32  0xa0000500        0x0 /Applications/microchip/xc32/v2.05/bin/bin/../../lib/gcc/pic32mx/4.8.3/../../../../pic32mx/lib/libc.a(ctype.o)
 .mdebug.abi32  0xa0000500        0x0 /Applications/microchip/xc32/v2.05/bin/bin/../../lib/gcc/pic32mx/4.8.3/../../../../pic32mx/lib/libc.a(ldpowers.o)
 .mdebug.abi32  0xa0000500        0x0 /Applications/microchip/xc32/v2.05/bin/bin/../../lib/gcc/pic32mx/4.8.3/../../../../pic32mx/lib/libc.a(_iob.o)
 .mdebug.abi32  0xa0000500        0x0 /Applications/microchip/xc32/v2.05/bin/bin/../../lib/gcc/pic32mx/4.8.3/../../../../pic32mx/lib/libc.a(_flsbuf_simple.o)
 .mdebug.abi32  0xa0000500        0x0 /Applications/microchip/xc32/v2.05/bin/bin/../../lib/gcc/pic32mx/4.8.3/../../../../pic32mx/lib/libe.a(_fixunsdfdi.o)
 .mdebug.abi32  0xa0000500        0x0 /Applications/microchip/xc32/v2.05/bin/bin/../../lib/gcc/pic32mx/4.8.3/../../../../pic32mx/lib/libe.a(_orderdf2.o)
 .mdebug.abi32  0xa0000500        0x0 /Applications/microchip/xc32/v2.05/bin/bin/../../lib/gcc/pic32mx/4.8.3/../../../../pic32mx/lib/libe.a(_fixdfdi.o)
 .mdebug.abi32  0xa0000500        0x0 /Applications/microchip/xc32/v2.05/bin/bin/../../lib/gcc/pic32mx/4.8.3/libgcc.a(_floatundidf.o)
 .mdebug.abi32  0xa0000500        0x0 /Applications/microchip/xc32/v2.05/bin/bin/../../lib/gcc/pic32mx/4.8.3/libgcc.a(_udivdi3.o)
 .mdebug.abi32  0xa0000500        0x0 /Applications/microchip/xc32/v2.05/bin/bin/../../lib/gcc/pic32mx/4.8.3/libgcc.a(_umoddi3.o)
 .mdebug.abi32  0xa0000500        0x0 /Applications/microchip/xc32/v2.05/bin/bin/../../lib/gcc/pic32mx/4.8.3/libgcc.a(floatunsidf.o)
 .mdebug.abi32  0xa0000500        0x0 /Applications/microchip/xc32/v2.05/bin/bin/../../lib/gcc/pic32mx/4.8.3/../../../../pic32mx/lib/libpic32.a(write.o)
 .mdebug.abi32  0xa0000500        0x0 /Applications/microchip/xc32/v2.05/bin/bin/../../lib/gcc/pic32mx/4.8.3/../../../../pic32mx/lib/libpic32.a(_mon_putc.o)
 .mdebug.abi32  0xa0000500        0x0 /Applications/microchip/xc32/v2.05/bin/bin/../../lib/gcc/pic32mx/4.8.3/../../../../pic32mx/lib/libpic32.a(xc32_uart.o)

.mdebug.abiN32
 *(.mdebug.abiN32)

.mdebug.abi64
 *(.mdebug.abi64)

.mdebug.abiO64
 *(.mdebug.abiO64)

.mdebug.eabi32
 *(.mdebug.eabi32)

.mdebug.eabi64
 *(.mdebug.eabi64)

.gcc_compiled_long32
 *(.gcc_compiled_long32)

.gcc_compiled_long64
 *(.gcc_compiled_long64)

.stab
 *(.stab)

.stabstr
 *(.stabstr)

.stab.excl
 *(.stab.excl)

.stab.exclstr
 *(.stab.exclstr)

.stab.index
 *(.stab.index)

.stab.indexstr
 *(.stab.indexstr)

.comment        0x00000000      0x1c9
 *(.comment)
 .comment       0x00000000       0x3c build/default/production/_ext/639803181/sys_clk_pic32mx.o
                                 0x3d (size before relaxing)
 .comment       0x00000000       0x3d build/default/production/_ext/340578644/sys_devcon.o
 .comment       0x00000000       0x3d build/default/production/_ext/340578644/sys_devcon_pic32mx.o
 .comment       0x00000000       0x3d build/default/production/_ext/822048611/sys_ports_static.o
 .comment       0x00000000       0x3d build/default/production/_ext/1688732426/system_init.o
 .comment       0x00000000       0x3d build/default/production/_ext/1688732426/system_interrupt.o
 .comment       0x00000000       0x3d build/default/production/_ext/1688732426/system_exceptions.o
 .comment       0x00000000       0x3d build/default/production/_ext/1688732426/system_tasks.o
 .comment       0x00000000       0x3d build/default/production/_ext/1360937237/app.o
 .comment       0x00000000       0x3d build/default/production/_ext/1360937237/main.o
 .comment       0x00000000       0x3d build/default/production/_ext/1360937237/i2c.o
 .comment       0x00000000       0x3d build/default/production/_ext/1360937237/imu.o
 .comment       0x00000000       0x3d build/default/production/_ext/1360937237/ST7735.o
 .comment       0x00000000       0x3d build/default/production/_ext/951802379/drv_usbfs.o
 .comment       0x00000000       0x3d build/default/production/_ext/951802379/drv_usbfs_device.o
 .comment       0x00000000       0x3d build/default/production/_ext/1873525429/sys_int_pic32.o
 .comment       0x00000000       0x3d build/default/production/_ext/2122810968/usb_device.o
 .comment       0x00000000       0x3d build/default/production/_ext/2122810968/usb_device_cdc.o
 .comment       0x00000000       0x3d build/default/production/_ext/2122810968/usb_device_cdc_acm.o
 .comment       0x00000000       0x3d /Applications/microchip/xc32/v2.05/bin/bin/../../lib/gcc/pic32mx/4.8.3/../../../../pic32mx/lib/libpic32.a(default-bootstrap-exception-handler.o)
 .comment       0x00000000       0x3d /Applications/microchip/xc32/v2.05/bin/bin/../../lib/gcc/pic32mx/4.8.3/../../../../pic32mx/lib/libpic32.a(default-on-reset.o)
 .comment       0x00000000       0x3d /Applications/microchip/xc32/v2.05/bin/bin/../../lib/gcc/pic32mx/4.8.3/../../../../pic32mx/lib/libpic32.a(default-on-bootstrap.o)
 .comment       0x00000000       0x3d /Applications/microchip/xc32/v2.05/bin/bin/../../lib/gcc/pic32mx/4.8.3/../../../../pic32mx/lib/libpic32.a(defaultinterrupt.o)
 .comment       0x00000000       0x3d /Applications/microchip/xc32/v2.05/bin/bin/../../lib/gcc/pic32mx/4.8.3/../../../../pic32mx/lib/libc.a(sprintf_fF.eo)
 .comment       0x00000000       0x3d /Applications/microchip/xc32/v2.05/bin/bin/../../lib/gcc/pic32mx/4.8.3/../../../../pic32mx/lib/libc.a(doprnt_fF.eo)
 .comment       0x00000000       0x3d /Applications/microchip/xc32/v2.05/bin/bin/../../lib/gcc/pic32mx/4.8.3/../../../../pic32mx/lib/libc.a(_fputc_simple.o)
 .comment       0x0000003c       0x4e /Applications/microchip/xc32/v2.05/bin/bin/../../lib/gcc/pic32mx/4.8.3/../../../../pic32mx/lib/libc.a(ctype.o)
                                 0x8b (size before relaxing)
 .comment       0x00000000       0x3d /Applications/microchip/xc32/v2.05/bin/bin/../../lib/gcc/pic32mx/4.8.3/../../../../pic32mx/lib/libc.a(ldpowers.o)
 .comment       0x00000000       0x3d /Applications/microchip/xc32/v2.05/bin/bin/../../lib/gcc/pic32mx/4.8.3/../../../../pic32mx/lib/libc.a(_iob.o)
 .comment       0x00000000       0x3d /Applications/microchip/xc32/v2.05/bin/bin/../../lib/gcc/pic32mx/4.8.3/../../../../pic32mx/lib/libc.a(_flsbuf_simple.o)
 .comment       0x0000008a       0x9f /Applications/microchip/xc32/v2.05/bin/bin/../../lib/gcc/pic32mx/4.8.3/../../../../pic32mx/lib/libe.a(_fixunsdfdi.o)
                                 0xdc (size before relaxing)
 .comment       0x00000129       0x50 /Applications/microchip/xc32/v2.05/bin/bin/../../lib/gcc/pic32mx/4.8.3/../../../../pic32mx/lib/libe.a(_orderdf2.o)
                                 0xdb (size before relaxing)
 .comment       0x00000179       0x50 /Applications/microchip/xc32/v2.05/bin/bin/../../lib/gcc/pic32mx/4.8.3/../../../../pic32mx/lib/libe.a(_fixdfdi.o)
                                 0xdb (size before relaxing)
 .comment       0x00000000       0x3d /Applications/microchip/xc32/v2.05/bin/bin/../../lib/gcc/pic32mx/4.8.3/libgcc.a(_floatundidf.o)
 .comment       0x00000000       0x3d /Applications/microchip/xc32/v2.05/bin/bin/../../lib/gcc/pic32mx/4.8.3/libgcc.a(_udivdi3.o)
 .comment       0x00000000       0x3d /Applications/microchip/xc32/v2.05/bin/bin/../../lib/gcc/pic32mx/4.8.3/libgcc.a(_umoddi3.o)
 .comment       0x00000000       0x3d /Applications/microchip/xc32/v2.05/bin/bin/../../lib/gcc/pic32mx/4.8.3/libgcc.a(floatunsidf.o)
 .comment       0x00000000       0x3d /Applications/microchip/xc32/v2.05/bin/bin/../../lib/gcc/pic32mx/4.8.3/../../../../pic32mx/lib/libpic32.a(write.o)
 .comment       0x00000000       0x3d /Applications/microchip/xc32/v2.05/bin/bin/../../lib/gcc/pic32mx/4.8.3/../../../../pic32mx/lib/libpic32.a(_mon_putc.o)
 .comment       0x00000000       0x3d /Applications/microchip/xc32/v2.05/bin/bin/../../lib/gcc/pic32mx/4.8.3/../../../../pic32mx/lib/libpic32.a(xc32_uart.o)

.debug
 *(.debug)

.line
 *(.line)

.debug_srcinfo
 *(.debug_srcinfo)

.debug_sfnames
 *(.debug_sfnames)

.debug_aranges  0x00000000      0xa10
 *(.debug_aranges)
 .debug_aranges
                0x00000000       0x50 build/default/production/_ext/639803181/sys_clk_pic32mx.o
 .debug_aranges
                0x00000050       0x78 build/default/production/_ext/340578644/sys_devcon.o
 .debug_aranges
                0x000000c8       0x20 build/default/production/_ext/340578644/sys_devcon_pic32mx.o
 .debug_aranges
                0x000000e8      0x148 build/default/production/_ext/822048611/sys_ports_static.o
 .debug_aranges
                0x00000230       0x20 build/default/production/_ext/1688732426/system_init.o
 .debug_aranges
                0x00000250       0x20 build/default/production/_ext/1688732426/system_interrupt.o
 .debug_aranges
                0x00000270       0x20 build/default/production/_ext/1688732426/system_exceptions.o
 .debug_aranges
                0x00000290       0x20 build/default/production/_ext/1688732426/system_tasks.o
 .debug_aranges
                0x000002b0       0x40 build/default/production/_ext/1360937237/app.o
 .debug_aranges
                0x000002f0       0x20 build/default/production/_ext/1360937237/main.o
 .debug_aranges
                0x00000310       0x50 build/default/production/_ext/1360937237/i2c.o
 .debug_aranges
                0x00000360       0x78 build/default/production/_ext/1360937237/imu.o
 .debug_aranges
                0x000003d8       0x60 build/default/production/_ext/1360937237/ST7735.o
 .debug_aranges
                0x00000438       0x60 build/default/production/_ext/951802379/drv_usbfs.o
 .debug_aranges
                0x00000498       0xc0 build/default/production/_ext/951802379/drv_usbfs_device.o
 .debug_aranges
                0x00000558       0x48 build/default/production/_ext/1873525429/sys_int_pic32.o
 .debug_aranges
                0x000005a0      0x1a0 build/default/production/_ext/2122810968/usb_device.o
 .debug_aranges
                0x00000740       0x88 build/default/production/_ext/2122810968/usb_device_cdc.o
 .debug_aranges
                0x000007c8       0x20 build/default/production/_ext/2122810968/usb_device_cdc_acm.o
 .debug_aranges
                0x000007e8       0x20 /Applications/microchip/xc32/v2.05/bin/bin/../../lib/gcc/pic32mx/4.8.3/../../../../pic32mx/lib/libpic32.a(default-bootstrap-exception-handler.o)
 .debug_aranges
                0x00000808       0x20 /Applications/microchip/xc32/v2.05/bin/bin/../../lib/gcc/pic32mx/4.8.3/../../../../pic32mx/lib/libpic32.a(default-on-reset.o)
 .debug_aranges
                0x00000828       0x20 /Applications/microchip/xc32/v2.05/bin/bin/../../lib/gcc/pic32mx/4.8.3/../../../../pic32mx/lib/libpic32.a(default-on-bootstrap.o)
 .debug_aranges
                0x00000848       0x20 /Applications/microchip/xc32/v2.05/bin/bin/../../lib/gcc/pic32mx/4.8.3/../../../../pic32mx/lib/libpic32.a(defaultinterrupt.o)
 .debug_aranges
                0x00000868       0x20 /Applications/microchip/xc32/v2.05/bin/bin/../../lib/gcc/pic32mx/4.8.3/../../../../pic32mx/lib/libc.a(sprintf_fF.eo)
 .debug_aranges
                0x00000888       0x28 /Applications/microchip/xc32/v2.05/bin/bin/../../lib/gcc/pic32mx/4.8.3/../../../../pic32mx/lib/libc.a(doprnt_fF.eo)
 .debug_aranges
                0x000008b0       0x20 /Applications/microchip/xc32/v2.05/bin/bin/../../lib/gcc/pic32mx/4.8.3/../../../../pic32mx/lib/libc.a(_fputc_simple.o)
 .debug_aranges
                0x000008d0       0x20 /Applications/microchip/xc32/v2.05/bin/bin/../../lib/gcc/pic32mx/4.8.3/../../../../pic32mx/lib/libc.a(_flsbuf_simple.o)
 .debug_aranges
                0x000008f0       0x20 /Applications/microchip/xc32/v2.05/bin/bin/../../lib/gcc/pic32mx/4.8.3/../../../../pic32mx/lib/libe.a(_fixunsdfdi.o)
 .debug_aranges
                0x00000910       0x20 /Applications/microchip/xc32/v2.05/bin/bin/../../lib/gcc/pic32mx/4.8.3/../../../../pic32mx/lib/libe.a(_orderdf2.o)
 .debug_aranges
                0x00000930       0x20 /Applications/microchip/xc32/v2.05/bin/bin/../../lib/gcc/pic32mx/4.8.3/../../../../pic32mx/lib/libe.a(_fixdfdi.o)
 .debug_aranges
                0x00000950       0x20 /Applications/microchip/xc32/v2.05/bin/bin/../../lib/gcc/pic32mx/4.8.3/libgcc.a(_floatundidf.o)
 .debug_aranges
                0x00000970       0x20 /Applications/microchip/xc32/v2.05/bin/bin/../../lib/gcc/pic32mx/4.8.3/libgcc.a(_udivdi3.o)
 .debug_aranges
                0x00000990       0x20 /Applications/microchip/xc32/v2.05/bin/bin/../../lib/gcc/pic32mx/4.8.3/libgcc.a(_umoddi3.o)
 .debug_aranges
                0x000009b0       0x20 /Applications/microchip/xc32/v2.05/bin/bin/../../lib/gcc/pic32mx/4.8.3/libgcc.a(floatunsidf.o)
 .debug_aranges
                0x000009d0       0x20 /Applications/microchip/xc32/v2.05/bin/bin/../../lib/gcc/pic32mx/4.8.3/../../../../pic32mx/lib/libpic32.a(write.o)
 .debug_aranges
                0x000009f0       0x20 /Applications/microchip/xc32/v2.05/bin/bin/../../lib/gcc/pic32mx/4.8.3/../../../../pic32mx/lib/libpic32.a(_mon_putc.o)

.debug_pubnames
 *(.debug_pubnames)

.debug_info     0x00000000    0x2d795
 *(.debug_info .gnu.linkonce.wi.*)
 .debug_info    0x00000000     0x18bd build/default/production/_ext/639803181/sys_clk_pic32mx.o
 .debug_info    0x000018bd     0x1643 build/default/production/_ext/340578644/sys_devcon.o
 .debug_info    0x00002f00     0x1065 build/default/production/_ext/340578644/sys_devcon_pic32mx.o
 .debug_info    0x00003f65     0x379d build/default/production/_ext/822048611/sys_ports_static.o
 .debug_info    0x00007702     0x4bb7 build/default/production/_ext/1688732426/system_init.o
 .debug_info    0x0000c2b9      0xc34 build/default/production/_ext/1688732426/system_interrupt.o
 .debug_info    0x0000ceed      0xbfa build/default/production/_ext/1688732426/system_exceptions.o
 .debug_info    0x0000dae7      0xc66 build/default/production/_ext/1688732426/system_tasks.o
 .debug_info    0x0000e74d     0x2779 build/default/production/_ext/1360937237/app.o
 .debug_info    0x00010ec6      0x19e build/default/production/_ext/1360937237/main.o
 .debug_info    0x00011064      0x5ff build/default/production/_ext/1360937237/i2c.o
 .debug_info    0x00011663      0x665 build/default/production/_ext/1360937237/imu.o
 .debug_info    0x00011cc8     0x13db build/default/production/_ext/1360937237/ST7735.o
 .debug_info    0x000130a3     0x4995 build/default/production/_ext/951802379/drv_usbfs.o
 .debug_info    0x00017a38     0x7f0c build/default/production/_ext/951802379/drv_usbfs_device.o
 .debug_info    0x0001f944     0x1120 build/default/production/_ext/1873525429/sys_int_pic32.o
 .debug_info    0x00020a64     0x5c6e build/default/production/_ext/2122810968/usb_device.o
 .debug_info    0x000266d2     0x3c08 build/default/production/_ext/2122810968/usb_device_cdc.o
 .debug_info    0x0002a2da     0x1416 build/default/production/_ext/2122810968/usb_device_cdc_acm.o
 .debug_info    0x0002b6f0      0x120 /Applications/microchip/xc32/v2.05/bin/bin/../../lib/gcc/pic32mx/4.8.3/../../../../pic32mx/lib/libpic32.a(default-bootstrap-exception-handler.o)
 .debug_info    0x0002b810       0xf9 /Applications/microchip/xc32/v2.05/bin/bin/../../lib/gcc/pic32mx/4.8.3/../../../../pic32mx/lib/libpic32.a(default-on-reset.o)
 .debug_info    0x0002b909      0x101 /Applications/microchip/xc32/v2.05/bin/bin/../../lib/gcc/pic32mx/4.8.3/../../../../pic32mx/lib/libpic32.a(default-on-bootstrap.o)
 .debug_info    0x0002ba0a      0x113 /Applications/microchip/xc32/v2.05/bin/bin/../../lib/gcc/pic32mx/4.8.3/../../../../pic32mx/lib/libpic32.a(defaultinterrupt.o)
 .debug_info    0x0002bb1d       0xf7 /Applications/microchip/xc32/v2.05/bin/bin/../../lib/gcc/pic32mx/4.8.3/../../../../pic32mx/lib/libc.a(sprintf_fF.eo)
 .debug_info    0x0002bc14      0x11f /Applications/microchip/xc32/v2.05/bin/bin/../../lib/gcc/pic32mx/4.8.3/../../../../pic32mx/lib/libc.a(doprnt_fF.eo)
 .debug_info    0x0002bd33       0xef /Applications/microchip/xc32/v2.05/bin/bin/../../lib/gcc/pic32mx/4.8.3/../../../../pic32mx/lib/libc.a(_fputc_simple.o)
 .debug_info    0x0002be22       0xf2 /Applications/microchip/xc32/v2.05/bin/bin/../../lib/gcc/pic32mx/4.8.3/../../../../pic32mx/lib/libc.a(_flsbuf_simple.o)
 .debug_info    0x0002bf14       0xfa /Applications/microchip/xc32/v2.05/bin/bin/../../lib/gcc/pic32mx/4.8.3/../../../../pic32mx/lib/libe.a(_fixunsdfdi.o)
 .debug_info    0x0002c00e       0xe6 /Applications/microchip/xc32/v2.05/bin/bin/../../lib/gcc/pic32mx/4.8.3/../../../../pic32mx/lib/libe.a(_orderdf2.o)
 .debug_info    0x0002c0f4       0xe5 /Applications/microchip/xc32/v2.05/bin/bin/../../lib/gcc/pic32mx/4.8.3/../../../../pic32mx/lib/libe.a(_fixdfdi.o)
 .debug_info    0x0002c1d9      0x2b8 /Applications/microchip/xc32/v2.05/bin/bin/../../lib/gcc/pic32mx/4.8.3/libgcc.a(_floatundidf.o)
 .debug_info    0x0002c491      0x7be /Applications/microchip/xc32/v2.05/bin/bin/../../lib/gcc/pic32mx/4.8.3/libgcc.a(_udivdi3.o)
 .debug_info    0x0002cc4f      0x7fb /Applications/microchip/xc32/v2.05/bin/bin/../../lib/gcc/pic32mx/4.8.3/libgcc.a(_umoddi3.o)
 .debug_info    0x0002d44a      0x16d /Applications/microchip/xc32/v2.05/bin/bin/../../lib/gcc/pic32mx/4.8.3/libgcc.a(floatunsidf.o)
 .debug_info    0x0002d5b7       0xeb /Applications/microchip/xc32/v2.05/bin/bin/../../lib/gcc/pic32mx/4.8.3/../../../../pic32mx/lib/libpic32.a(write.o)
 .debug_info    0x0002d6a2       0xf3 /Applications/microchip/xc32/v2.05/bin/bin/../../lib/gcc/pic32mx/4.8.3/../../../../pic32mx/lib/libpic32.a(_mon_putc.o)

.debug_abbrev   0x00000000     0x31ff
 *(.debug_abbrev)
 .debug_abbrev  0x00000000      0x27d build/default/production/_ext/639803181/sys_clk_pic32mx.o
 .debug_abbrev  0x0000027d      0x2a0 build/default/production/_ext/340578644/sys_devcon.o
 .debug_abbrev  0x0000051d      0x204 build/default/production/_ext/340578644/sys_devcon_pic32mx.o
 .debug_abbrev  0x00000721      0x29e build/default/production/_ext/822048611/sys_ports_static.o
 .debug_abbrev  0x000009bf      0x346 build/default/production/_ext/1688732426/system_init.o
 .debug_abbrev  0x00000d05      0x12d build/default/production/_ext/1688732426/system_interrupt.o
 .debug_abbrev  0x00000e32       0xf3 build/default/production/_ext/1688732426/system_exceptions.o
 .debug_abbrev  0x00000f25      0x140 build/default/production/_ext/1688732426/system_tasks.o
 .debug_abbrev  0x00001065      0x2b5 build/default/production/_ext/1360937237/app.o
 .debug_abbrev  0x0000131a       0x93 build/default/production/_ext/1360937237/main.o
 .debug_abbrev  0x000013ad      0x107 build/default/production/_ext/1360937237/i2c.o
 .debug_abbrev  0x000014b4      0x151 build/default/production/_ext/1360937237/imu.o
 .debug_abbrev  0x00001605      0x16b build/default/production/_ext/1360937237/ST7735.o
 .debug_abbrev  0x00001770      0x42b build/default/production/_ext/951802379/drv_usbfs.o
 .debug_abbrev  0x00001b9b      0x4bc build/default/production/_ext/951802379/drv_usbfs_device.o
 .debug_abbrev  0x00002057      0x237 build/default/production/_ext/1873525429/sys_int_pic32.o
 .debug_abbrev  0x0000228e      0x42f build/default/production/_ext/2122810968/usb_device.o
 .debug_abbrev  0x000026bd      0x40b build/default/production/_ext/2122810968/usb_device_cdc.o
 .debug_abbrev  0x00002ac8      0x1be build/default/production/_ext/2122810968/usb_device_cdc_acm.o
 .debug_abbrev  0x00002c86       0x28 /Applications/microchip/xc32/v2.05/bin/bin/../../lib/gcc/pic32mx/4.8.3/../../../../pic32mx/lib/libpic32.a(default-bootstrap-exception-handler.o)
 .debug_abbrev  0x00002cae       0x28 /Applications/microchip/xc32/v2.05/bin/bin/../../lib/gcc/pic32mx/4.8.3/../../../../pic32mx/lib/libpic32.a(default-on-reset.o)
 .debug_abbrev  0x00002cd6       0x28 /Applications/microchip/xc32/v2.05/bin/bin/../../lib/gcc/pic32mx/4.8.3/../../../../pic32mx/lib/libpic32.a(default-on-bootstrap.o)
 .debug_abbrev  0x00002cfe       0x28 /Applications/microchip/xc32/v2.05/bin/bin/../../lib/gcc/pic32mx/4.8.3/../../../../pic32mx/lib/libpic32.a(defaultinterrupt.o)
 .debug_abbrev  0x00002d26       0x28 /Applications/microchip/xc32/v2.05/bin/bin/../../lib/gcc/pic32mx/4.8.3/../../../../pic32mx/lib/libc.a(sprintf_fF.eo)
 .debug_abbrev  0x00002d4e       0x45 /Applications/microchip/xc32/v2.05/bin/bin/../../lib/gcc/pic32mx/4.8.3/../../../../pic32mx/lib/libc.a(doprnt_fF.eo)
 .debug_abbrev  0x00002d93       0x28 /Applications/microchip/xc32/v2.05/bin/bin/../../lib/gcc/pic32mx/4.8.3/../../../../pic32mx/lib/libc.a(_fputc_simple.o)
 .debug_abbrev  0x00002dbb       0x28 /Applications/microchip/xc32/v2.05/bin/bin/../../lib/gcc/pic32mx/4.8.3/../../../../pic32mx/lib/libc.a(_flsbuf_simple.o)
 .debug_abbrev  0x00002de3       0x37 /Applications/microchip/xc32/v2.05/bin/bin/../../lib/gcc/pic32mx/4.8.3/../../../../pic32mx/lib/libe.a(_fixunsdfdi.o)
 .debug_abbrev  0x00002e1a       0x28 /Applications/microchip/xc32/v2.05/bin/bin/../../lib/gcc/pic32mx/4.8.3/../../../../pic32mx/lib/libe.a(_orderdf2.o)
 .debug_abbrev  0x00002e42       0x28 /Applications/microchip/xc32/v2.05/bin/bin/../../lib/gcc/pic32mx/4.8.3/../../../../pic32mx/lib/libe.a(_fixdfdi.o)
 .debug_abbrev  0x00002e6a       0x64 /Applications/microchip/xc32/v2.05/bin/bin/../../lib/gcc/pic32mx/4.8.3/libgcc.a(_floatundidf.o)
 .debug_abbrev  0x00002ece      0x138 /Applications/microchip/xc32/v2.05/bin/bin/../../lib/gcc/pic32mx/4.8.3/libgcc.a(_udivdi3.o)
 .debug_abbrev  0x00003006      0x147 /Applications/microchip/xc32/v2.05/bin/bin/../../lib/gcc/pic32mx/4.8.3/libgcc.a(_umoddi3.o)
 .debug_abbrev  0x0000314d       0x62 /Applications/microchip/xc32/v2.05/bin/bin/../../lib/gcc/pic32mx/4.8.3/libgcc.a(floatunsidf.o)
 .debug_abbrev  0x000031af       0x28 /Applications/microchip/xc32/v2.05/bin/bin/../../lib/gcc/pic32mx/4.8.3/../../../../pic32mx/lib/libpic32.a(write.o)
 .debug_abbrev  0x000031d7       0x28 /Applications/microchip/xc32/v2.05/bin/bin/../../lib/gcc/pic32mx/4.8.3/../../../../pic32mx/lib/libpic32.a(_mon_putc.o)

.debug_line     0x00000000     0x6999
 *(.debug_line)
 .debug_line    0x00000000      0x500 build/default/production/_ext/639803181/sys_clk_pic32mx.o
 .debug_line    0x00000500      0x6cb build/default/production/_ext/340578644/sys_devcon.o
 .debug_line    0x00000bcb      0x3d7 build/default/production/_ext/340578644/sys_devcon_pic32mx.o
 .debug_line    0x00000fa2      0x869 build/default/production/_ext/822048611/sys_ports_static.o
 .debug_line    0x0000180b      0x72c build/default/production/_ext/1688732426/system_init.o
 .debug_line    0x00001f37      0x236 build/default/production/_ext/1688732426/system_interrupt.o
 .debug_line    0x0000216d      0x16a build/default/production/_ext/1688732426/system_exceptions.o
 .debug_line    0x000022d7      0x286 build/default/production/_ext/1688732426/system_tasks.o
 .debug_line    0x0000255d      0x378 build/default/production/_ext/1360937237/app.o
 .debug_line    0x000028d5       0xc6 build/default/production/_ext/1360937237/main.o
 .debug_line    0x0000299b      0x17a build/default/production/_ext/1360937237/i2c.o
 .debug_line    0x00002b15      0x16c build/default/production/_ext/1360937237/imu.o
 .debug_line    0x00002c81      0x25c build/default/production/_ext/1360937237/ST7735.o
 .debug_line    0x00002edd      0x83a build/default/production/_ext/951802379/drv_usbfs.o
 .debug_line    0x00003717      0xea6 build/default/production/_ext/951802379/drv_usbfs_device.o
 .debug_line    0x000045bd      0x30f build/default/production/_ext/1873525429/sys_int_pic32.o
 .debug_line    0x000048cc      0xa60 build/default/production/_ext/2122810968/usb_device.o
 .debug_line    0x0000532c      0x6af build/default/production/_ext/2122810968/usb_device_cdc.o
 .debug_line    0x000059db      0x27d build/default/production/_ext/2122810968/usb_device_cdc_acm.o
 .debug_line    0x00005c58       0xd2 /Applications/microchip/xc32/v2.05/bin/bin/../../lib/gcc/pic32mx/4.8.3/../../../../pic32mx/lib/libpic32.a(default-bootstrap-exception-handler.o)
 .debug_line    0x00005d2a       0xbf /Applications/microchip/xc32/v2.05/bin/bin/../../lib/gcc/pic32mx/4.8.3/../../../../pic32mx/lib/libpic32.a(default-on-reset.o)
 .debug_line    0x00005de9       0xc3 /Applications/microchip/xc32/v2.05/bin/bin/../../lib/gcc/pic32mx/4.8.3/../../../../pic32mx/lib/libpic32.a(default-on-bootstrap.o)
 .debug_line    0x00005eac       0xd1 /Applications/microchip/xc32/v2.05/bin/bin/../../lib/gcc/pic32mx/4.8.3/../../../../pic32mx/lib/libpic32.a(defaultinterrupt.o)
 .debug_line    0x00005f7d       0xac /Applications/microchip/xc32/v2.05/bin/bin/../../lib/gcc/pic32mx/4.8.3/../../../../pic32mx/lib/libc.a(sprintf_fF.eo)
 .debug_line    0x00006029       0xab /Applications/microchip/xc32/v2.05/bin/bin/../../lib/gcc/pic32mx/4.8.3/../../../../pic32mx/lib/libc.a(doprnt_fF.eo)
 .debug_line    0x000060d4       0xaa /Applications/microchip/xc32/v2.05/bin/bin/../../lib/gcc/pic32mx/4.8.3/../../../../pic32mx/lib/libc.a(_fputc_simple.o)
 .debug_line    0x0000617e        0x0 /Applications/microchip/xc32/v2.05/bin/bin/../../lib/gcc/pic32mx/4.8.3/../../../../pic32mx/lib/libc.a(ctype.o)
 .debug_line    0x0000617e        0x0 /Applications/microchip/xc32/v2.05/bin/bin/../../lib/gcc/pic32mx/4.8.3/../../../../pic32mx/lib/libc.a(ldpowers.o)
 .debug_line    0x0000617e        0x0 /Applications/microchip/xc32/v2.05/bin/bin/../../lib/gcc/pic32mx/4.8.3/../../../../pic32mx/lib/libc.a(_iob.o)
 .debug_line    0x0000617e       0xab /Applications/microchip/xc32/v2.05/bin/bin/../../lib/gcc/pic32mx/4.8.3/../../../../pic32mx/lib/libc.a(_flsbuf_simple.o)
 .debug_line    0x00006229       0xae /Applications/microchip/xc32/v2.05/bin/bin/../../lib/gcc/pic32mx/4.8.3/../../../../pic32mx/lib/libe.a(_fixunsdfdi.o)
 .debug_line    0x000062d7       0xad /Applications/microchip/xc32/v2.05/bin/bin/../../lib/gcc/pic32mx/4.8.3/../../../../pic32mx/lib/libe.a(_orderdf2.o)
 .debug_line    0x00006384       0xad /Applications/microchip/xc32/v2.05/bin/bin/../../lib/gcc/pic32mx/4.8.3/../../../../pic32mx/lib/libe.a(_fixdfdi.o)
 .debug_line    0x00006431       0xd6 /Applications/microchip/xc32/v2.05/bin/bin/../../lib/gcc/pic32mx/4.8.3/libgcc.a(_floatundidf.o)
 .debug_line    0x00006507      0x128 /Applications/microchip/xc32/v2.05/bin/bin/../../lib/gcc/pic32mx/4.8.3/libgcc.a(_udivdi3.o)
 .debug_line    0x0000662f      0x13a /Applications/microchip/xc32/v2.05/bin/bin/../../lib/gcc/pic32mx/4.8.3/libgcc.a(_umoddi3.o)
 .debug_line    0x00006769       0xc4 /Applications/microchip/xc32/v2.05/bin/bin/../../lib/gcc/pic32mx/4.8.3/libgcc.a(floatunsidf.o)
 .debug_line    0x0000682d       0xb4 /Applications/microchip/xc32/v2.05/bin/bin/../../lib/gcc/pic32mx/4.8.3/../../../../pic32mx/lib/libpic32.a(write.o)
 .debug_line    0x000068e1       0xb8 /Applications/microchip/xc32/v2.05/bin/bin/../../lib/gcc/pic32mx/4.8.3/../../../../pic32mx/lib/libpic32.a(_mon_putc.o)
 .debug_line    0x00006999        0x0 /Applications/microchip/xc32/v2.05/bin/bin/../../lib/gcc/pic32mx/4.8.3/../../../../pic32mx/lib/libpic32.a(xc32_uart.o)

.debug_frame    0x00000000     0x1490
 *(.debug_frame)
 .debug_frame   0x00000000       0xa0 build/default/production/_ext/639803181/sys_clk_pic32mx.o
 .debug_frame   0x000000a0       0xe8 build/default/production/_ext/340578644/sys_devcon.o
 .debug_frame   0x00000188       0x28 build/default/production/_ext/340578644/sys_devcon_pic32mx.o
 .debug_frame   0x000001b0      0x270 build/default/production/_ext/822048611/sys_ports_static.o
 .debug_frame   0x00000420       0x28 build/default/production/_ext/1688732426/system_init.o
 .debug_frame   0x00000448       0x64 build/default/production/_ext/1688732426/system_interrupt.o
 .debug_frame   0x000004ac       0x28 build/default/production/_ext/1688732426/system_exceptions.o
 .debug_frame   0x000004d4       0x28 build/default/production/_ext/1688732426/system_tasks.o
 .debug_frame   0x000004fc       0x94 build/default/production/_ext/1360937237/app.o
 .debug_frame   0x00000590       0x28 build/default/production/_ext/1360937237/main.o
 .debug_frame   0x000005b8       0x80 build/default/production/_ext/1360937237/i2c.o
 .debug_frame   0x00000638       0xfc build/default/production/_ext/1360937237/imu.o
 .debug_frame   0x00000734       0xec build/default/production/_ext/1360937237/ST7735.o
 .debug_frame   0x00000820       0xc8 build/default/production/_ext/951802379/drv_usbfs.o
 .debug_frame   0x000008e8      0x1e0 build/default/production/_ext/951802379/drv_usbfs_device.o
 .debug_frame   0x00000ac8       0x90 build/default/production/_ext/1873525429/sys_int_pic32.o
 .debug_frame   0x00000b58      0x4d8 build/default/production/_ext/2122810968/usb_device.o
 .debug_frame   0x00001030      0x17c build/default/production/_ext/2122810968/usb_device_cdc.o
 .debug_frame   0x000011ac       0x28 build/default/production/_ext/2122810968/usb_device_cdc_acm.o
 .debug_frame   0x000011d4       0x2c /Applications/microchip/xc32/v2.05/bin/bin/../../lib/gcc/pic32mx/4.8.3/../../../../pic32mx/lib/libpic32.a(default-bootstrap-exception-handler.o)
 .debug_frame   0x00001200       0x20 /Applications/microchip/xc32/v2.05/bin/bin/../../lib/gcc/pic32mx/4.8.3/../../../../pic32mx/lib/libpic32.a(default-on-reset.o)
 .debug_frame   0x00001220       0x20 /Applications/microchip/xc32/v2.05/bin/bin/../../lib/gcc/pic32mx/4.8.3/../../../../pic32mx/lib/libpic32.a(default-on-bootstrap.o)
 .debug_frame   0x00001240       0x20 /Applications/microchip/xc32/v2.05/bin/bin/../../lib/gcc/pic32mx/4.8.3/../../../../pic32mx/lib/libpic32.a(defaultinterrupt.o)
 .debug_frame   0x00001260       0x28 /Applications/microchip/xc32/v2.05/bin/bin/../../lib/gcc/pic32mx/4.8.3/../../../../pic32mx/lib/libc.a(sprintf_fF.eo)
 .debug_frame   0x00001288       0x58 /Applications/microchip/xc32/v2.05/bin/bin/../../lib/gcc/pic32mx/4.8.3/../../../../pic32mx/lib/libc.a(doprnt_fF.eo)
 .debug_frame   0x000012e0       0x2c /Applications/microchip/xc32/v2.05/bin/bin/../../lib/gcc/pic32mx/4.8.3/../../../../pic32mx/lib/libc.a(_fputc_simple.o)
 .debug_frame   0x0000130c       0x28 /Applications/microchip/xc32/v2.05/bin/bin/../../lib/gcc/pic32mx/4.8.3/../../../../pic32mx/lib/libc.a(_flsbuf_simple.o)
 .debug_frame   0x00001334       0x2c /Applications/microchip/xc32/v2.05/bin/bin/../../lib/gcc/pic32mx/4.8.3/../../../../pic32mx/lib/libe.a(_fixunsdfdi.o)
 .debug_frame   0x00001360       0x20 /Applications/microchip/xc32/v2.05/bin/bin/../../lib/gcc/pic32mx/4.8.3/../../../../pic32mx/lib/libe.a(_orderdf2.o)
 .debug_frame   0x00001380       0x20 /Applications/microchip/xc32/v2.05/bin/bin/../../lib/gcc/pic32mx/4.8.3/../../../../pic32mx/lib/libe.a(_fixdfdi.o)
 .debug_frame   0x000013a0       0x28 /Applications/microchip/xc32/v2.05/bin/bin/../../lib/gcc/pic32mx/4.8.3/libgcc.a(_floatundidf.o)
 .debug_frame   0x000013c8       0x20 /Applications/microchip/xc32/v2.05/bin/bin/../../lib/gcc/pic32mx/4.8.3/libgcc.a(_udivdi3.o)
 .debug_frame   0x000013e8       0x20 /Applications/microchip/xc32/v2.05/bin/bin/../../lib/gcc/pic32mx/4.8.3/libgcc.a(_umoddi3.o)
 .debug_frame   0x00001408       0x28 /Applications/microchip/xc32/v2.05/bin/bin/../../lib/gcc/pic32mx/4.8.3/libgcc.a(floatunsidf.o)
 .debug_frame   0x00001430       0x38 /Applications/microchip/xc32/v2.05/bin/bin/../../lib/gcc/pic32mx/4.8.3/../../../../pic32mx/lib/libpic32.a(write.o)
 .debug_frame   0x00001468       0x28 /Applications/microchip/xc32/v2.05/bin/bin/../../lib/gcc/pic32mx/4.8.3/../../../../pic32mx/lib/libpic32.a(_mon_putc.o)

.debug_str      0x00000000      0x87d
 *(.debug_str)
 .debug_str     0x00000000       0x46 build/default/production/_ext/639803181/sys_clk_pic32mx.o
 .debug_str     0x00000046       0x16 build/default/production/_ext/340578644/sys_devcon.o
 .debug_str     0x0000005c        0x6 build/default/production/_ext/340578644/sys_devcon_pic32mx.o
 .debug_str     0x00000062       0x98 build/default/production/_ext/822048611/sys_ports_static.o
 .debug_str     0x000000fa      0x119 build/default/production/_ext/1688732426/system_init.o
 .debug_str     0x00000213        0x0 build/default/production/_ext/1688732426/system_interrupt.o
 .debug_str     0x00000213        0x0 build/default/production/_ext/1688732426/system_exceptions.o
 .debug_str     0x00000213        0x0 build/default/production/_ext/1688732426/system_tasks.o
 .debug_str     0x00000213       0x2a build/default/production/_ext/1360937237/app.o
 .debug_str     0x0000023d        0x0 build/default/production/_ext/1360937237/main.o
 .debug_str     0x0000023d        0x0 build/default/production/_ext/1360937237/i2c.o
 .debug_str     0x0000023d        0x9 build/default/production/_ext/1360937237/imu.o
 .debug_str     0x00000246        0x0 build/default/production/_ext/1360937237/ST7735.o
 .debug_str     0x00000246       0xa2 build/default/production/_ext/951802379/drv_usbfs.o
 .debug_str     0x000002e8      0x173 build/default/production/_ext/951802379/drv_usbfs_device.o
 .debug_str     0x0000045b       0x1d build/default/production/_ext/1873525429/sys_int_pic32.o
 .debug_str     0x00000478      0x2d7 build/default/production/_ext/2122810968/usb_device.o
 .debug_str     0x0000074f      0x120 build/default/production/_ext/2122810968/usb_device_cdc.o
 .debug_str     0x0000086f        0xe build/default/production/_ext/2122810968/usb_device_cdc_acm.o
 .debug_str     0x0000087d        0x0 /Applications/microchip/xc32/v2.05/bin/bin/../../lib/gcc/pic32mx/4.8.3/../../../../pic32mx/lib/libpic32.a(default-bootstrap-exception-handler.o)
 .debug_str     0x0000087d        0x0 /Applications/microchip/xc32/v2.05/bin/bin/../../lib/gcc/pic32mx/4.8.3/../../../../pic32mx/lib/libpic32.a(default-on-reset.o)
 .debug_str     0x0000087d        0x0 /Applications/microchip/xc32/v2.05/bin/bin/../../lib/gcc/pic32mx/4.8.3/../../../../pic32mx/lib/libpic32.a(default-on-bootstrap.o)
 .debug_str     0x0000087d        0x0 /Applications/microchip/xc32/v2.05/bin/bin/../../lib/gcc/pic32mx/4.8.3/../../../../pic32mx/lib/libpic32.a(defaultinterrupt.o)
 .debug_str     0x0000087d        0x0 /Applications/microchip/xc32/v2.05/bin/bin/../../lib/gcc/pic32mx/4.8.3/../../../../pic32mx/lib/libc.a(sprintf_fF.eo)
 .debug_str     0x0000087d        0x0 /Applications/microchip/xc32/v2.05/bin/bin/../../lib/gcc/pic32mx/4.8.3/../../../../pic32mx/lib/libc.a(doprnt_fF.eo)
 .debug_str     0x0000087d        0x0 /Applications/microchip/xc32/v2.05/bin/bin/../../lib/gcc/pic32mx/4.8.3/../../../../pic32mx/lib/libc.a(_fputc_simple.o)
 .debug_str     0x0000087d        0x0 /Applications/microchip/xc32/v2.05/bin/bin/../../lib/gcc/pic32mx/4.8.3/../../../../pic32mx/lib/libc.a(ctype.o)
 .debug_str     0x0000087d        0x0 /Applications/microchip/xc32/v2.05/bin/bin/../../lib/gcc/pic32mx/4.8.3/../../../../pic32mx/lib/libc.a(ldpowers.o)
 .debug_str     0x0000087d        0x0 /Applications/microchip/xc32/v2.05/bin/bin/../../lib/gcc/pic32mx/4.8.3/../../../../pic32mx/lib/libc.a(_iob.o)
 .debug_str     0x0000087d        0x0 /Applications/microchip/xc32/v2.05/bin/bin/../../lib/gcc/pic32mx/4.8.3/../../../../pic32mx/lib/libc.a(_flsbuf_simple.o)
 .debug_str     0x0000087d        0x0 /Applications/microchip/xc32/v2.05/bin/bin/../../lib/gcc/pic32mx/4.8.3/../../../../pic32mx/lib/libe.a(_fixunsdfdi.o)
 .debug_str     0x0000087d        0x0 /Applications/microchip/xc32/v2.05/bin/bin/../../lib/gcc/pic32mx/4.8.3/../../../../pic32mx/lib/libe.a(_orderdf2.o)
 .debug_str     0x0000087d        0x0 /Applications/microchip/xc32/v2.05/bin/bin/../../lib/gcc/pic32mx/4.8.3/../../../../pic32mx/lib/libe.a(_fixdfdi.o)
 .debug_str     0x0000087d        0x0 /Applications/microchip/xc32/v2.05/bin/bin/../../lib/gcc/pic32mx/4.8.3/libgcc.a(_floatundidf.o)
 .debug_str     0x0000087d        0x0 /Applications/microchip/xc32/v2.05/bin/bin/../../lib/gcc/pic32mx/4.8.3/libgcc.a(_udivdi3.o)
 .debug_str     0x0000087d        0x0 /Applications/microchip/xc32/v2.05/bin/bin/../../lib/gcc/pic32mx/4.8.3/libgcc.a(_umoddi3.o)
 .debug_str     0x0000087d        0x0 /Applications/microchip/xc32/v2.05/bin/bin/../../lib/gcc/pic32mx/4.8.3/libgcc.a(floatunsidf.o)
 .debug_str     0x0000087d        0x0 /Applications/microchip/xc32/v2.05/bin/bin/../../lib/gcc/pic32mx/4.8.3/../../../../pic32mx/lib/libpic32.a(write.o)
 .debug_str     0x0000087d        0x0 /Applications/microchip/xc32/v2.05/bin/bin/../../lib/gcc/pic32mx/4.8.3/../../../../pic32mx/lib/libpic32.a(_mon_putc.o)
 .debug_str     0x0000087d        0x0 /Applications/microchip/xc32/v2.05/bin/bin/../../lib/gcc/pic32mx/4.8.3/../../../../pic32mx/lib/libpic32.a(xc32_uart.o)

.debug_loc      0x00000000     0x7ff0
 *(.debug_loc)
 .debug_loc     0x00000000       0x49 build/default/production/_ext/639803181/sys_clk_pic32mx.o
 .debug_loc     0x00000049       0xf0 build/default/production/_ext/340578644/sys_devcon.o
 .debug_loc     0x00000139       0x91 build/default/production/_ext/340578644/sys_devcon_pic32mx.o
 .debug_loc     0x000001ca      0x7ca build/default/production/_ext/822048611/sys_ports_static.o
 .debug_loc     0x00000994       0x21 build/default/production/_ext/1688732426/system_init.o
 .debug_loc     0x000009b5      0x3c1 build/default/production/_ext/1360937237/app.o
 .debug_loc     0x00000d76       0x21 build/default/production/_ext/1360937237/i2c.o
 .debug_loc     0x00000d97      0x16c build/default/production/_ext/1360937237/imu.o
 .debug_loc     0x00000f03      0x3d0 build/default/production/_ext/1360937237/ST7735.o
 .debug_loc     0x000012d3      0x4de build/default/production/_ext/951802379/drv_usbfs.o
 .debug_loc     0x000017b1     0x2301 build/default/production/_ext/951802379/drv_usbfs_device.o
 .debug_loc     0x00003ab2       0x7c build/default/production/_ext/1873525429/sys_int_pic32.o
 .debug_loc     0x00003b2e     0x1f0b build/default/production/_ext/2122810968/usb_device.o
 .debug_loc     0x00005a39      0xdac build/default/production/_ext/2122810968/usb_device_cdc.o
 .debug_loc     0x000067e5      0x1ff build/default/production/_ext/2122810968/usb_device_cdc_acm.o
 .debug_loc     0x000069e4       0x2c /Applications/microchip/xc32/v2.05/bin/bin/../../lib/gcc/pic32mx/4.8.3/../../../../pic32mx/lib/libpic32.a(default-bootstrap-exception-handler.o)
 .debug_loc     0x00006a10       0x20 /Applications/microchip/xc32/v2.05/bin/bin/../../lib/gcc/pic32mx/4.8.3/../../../../pic32mx/lib/libe.a(_fixunsdfdi.o)
 .debug_loc     0x00006a30       0x41 /Applications/microchip/xc32/v2.05/bin/bin/../../lib/gcc/pic32mx/4.8.3/libgcc.a(_floatundidf.o)
 .debug_loc     0x00006a71      0xa6a /Applications/microchip/xc32/v2.05/bin/bin/../../lib/gcc/pic32mx/4.8.3/libgcc.a(_udivdi3.o)
 .debug_loc     0x000074db      0xa3d /Applications/microchip/xc32/v2.05/bin/bin/../../lib/gcc/pic32mx/4.8.3/libgcc.a(_umoddi3.o)
 .debug_loc     0x00007f18       0x80 /Applications/microchip/xc32/v2.05/bin/bin/../../lib/gcc/pic32mx/4.8.3/libgcc.a(floatunsidf.o)
 .debug_loc     0x00007f98       0x38 /Applications/microchip/xc32/v2.05/bin/bin/../../lib/gcc/pic32mx/4.8.3/../../../../pic32mx/lib/libpic32.a(write.o)
 .debug_loc     0x00007fd0       0x20 /Applications/microchip/xc32/v2.05/bin/bin/../../lib/gcc/pic32mx/4.8.3/../../../../pic32mx/lib/libpic32.a(_mon_putc.o)

.debug_macinfo
 *(.debug_macinfo)

.debug_weaknames
 *(.debug_weaknames)

.debug_funcnames
 *(.debug_funcnames)

.debug_typenames
 *(.debug_typenames)

.debug_varnames
 *(.debug_varnames)

.debug_pubtypes
 *(.debug_pubtypes)

.debug_ranges   0x00000000      0x9b8
 *(.debug_ranges)
 .debug_ranges  0x00000000       0x40 build/default/production/_ext/639803181/sys_clk_pic32mx.o
 .debug_ranges  0x00000040       0x68 build/default/production/_ext/340578644/sys_devcon.o
 .debug_ranges  0x000000a8       0x10 build/default/production/_ext/340578644/sys_devcon_pic32mx.o
 .debug_ranges  0x000000b8      0x138 build/default/production/_ext/822048611/sys_ports_static.o
 .debug_ranges  0x000001f0       0x10 build/default/production/_ext/1688732426/system_init.o
 .debug_ranges  0x00000200       0x10 build/default/production/_ext/1688732426/system_interrupt.o
 .debug_ranges  0x00000210       0x10 build/default/production/_ext/1688732426/system_exceptions.o
 .debug_ranges  0x00000220       0x10 build/default/production/_ext/1688732426/system_tasks.o
 .debug_ranges  0x00000230       0x30 build/default/production/_ext/1360937237/app.o
 .debug_ranges  0x00000260       0x10 build/default/production/_ext/1360937237/main.o
 .debug_ranges  0x00000270       0x40 build/default/production/_ext/1360937237/i2c.o
 .debug_ranges  0x000002b0       0x68 build/default/production/_ext/1360937237/imu.o
 .debug_ranges  0x00000318       0x50 build/default/production/_ext/1360937237/ST7735.o
 .debug_ranges  0x00000368       0x50 build/default/production/_ext/951802379/drv_usbfs.o
 .debug_ranges  0x000003b8      0x150 build/default/production/_ext/951802379/drv_usbfs_device.o
 .debug_ranges  0x00000508       0x50 build/default/production/_ext/1873525429/sys_int_pic32.o
 .debug_ranges  0x00000558      0x190 build/default/production/_ext/2122810968/usb_device.o
 .debug_ranges  0x000006e8       0x78 build/default/production/_ext/2122810968/usb_device_cdc.o
 .debug_ranges  0x00000760       0x10 build/default/production/_ext/2122810968/usb_device_cdc_acm.o
 .debug_ranges  0x00000770       0x10 /Applications/microchip/xc32/v2.05/bin/bin/../../lib/gcc/pic32mx/4.8.3/../../../../pic32mx/lib/libpic32.a(default-bootstrap-exception-handler.o)
 .debug_ranges  0x00000780       0x10 /Applications/microchip/xc32/v2.05/bin/bin/../../lib/gcc/pic32mx/4.8.3/../../../../pic32mx/lib/libpic32.a(default-on-reset.o)
 .debug_ranges  0x00000790       0x10 /Applications/microchip/xc32/v2.05/bin/bin/../../lib/gcc/pic32mx/4.8.3/../../../../pic32mx/lib/libpic32.a(default-on-bootstrap.o)
 .debug_ranges  0x000007a0       0x10 /Applications/microchip/xc32/v2.05/bin/bin/../../lib/gcc/pic32mx/4.8.3/../../../../pic32mx/lib/libpic32.a(defaultinterrupt.o)
 .debug_ranges  0x000007b0       0x10 /Applications/microchip/xc32/v2.05/bin/bin/../../lib/gcc/pic32mx/4.8.3/../../../../pic32mx/lib/libc.a(sprintf_fF.eo)
 .debug_ranges  0x000007c0       0x18 /Applications/microchip/xc32/v2.05/bin/bin/../../lib/gcc/pic32mx/4.8.3/../../../../pic32mx/lib/libc.a(doprnt_fF.eo)
 .debug_ranges  0x000007d8       0x10 /Applications/microchip/xc32/v2.05/bin/bin/../../lib/gcc/pic32mx/4.8.3/../../../../pic32mx/lib/libc.a(_fputc_simple.o)
 .debug_ranges  0x000007e8       0x10 /Applications/microchip/xc32/v2.05/bin/bin/../../lib/gcc/pic32mx/4.8.3/../../../../pic32mx/lib/libc.a(_flsbuf_simple.o)
 .debug_ranges  0x000007f8       0x10 /Applications/microchip/xc32/v2.05/bin/bin/../../lib/gcc/pic32mx/4.8.3/../../../../pic32mx/lib/libe.a(_fixunsdfdi.o)
 .debug_ranges  0x00000808       0x10 /Applications/microchip/xc32/v2.05/bin/bin/../../lib/gcc/pic32mx/4.8.3/../../../../pic32mx/lib/libe.a(_orderdf2.o)
 .debug_ranges  0x00000818       0x10 /Applications/microchip/xc32/v2.05/bin/bin/../../lib/gcc/pic32mx/4.8.3/../../../../pic32mx/lib/libe.a(_fixdfdi.o)
 .debug_ranges  0x00000828       0x98 /Applications/microchip/xc32/v2.05/bin/bin/../../lib/gcc/pic32mx/4.8.3/libgcc.a(_udivdi3.o)
 .debug_ranges  0x000008c0       0xd8 /Applications/microchip/xc32/v2.05/bin/bin/../../lib/gcc/pic32mx/4.8.3/libgcc.a(_umoddi3.o)
 .debug_ranges  0x00000998       0x10 /Applications/microchip/xc32/v2.05/bin/bin/../../lib/gcc/pic32mx/4.8.3/../../../../pic32mx/lib/libpic32.a(write.o)
 .debug_ranges  0x000009a8       0x10 /Applications/microchip/xc32/v2.05/bin/bin/../../lib/gcc/pic32mx/4.8.3/../../../../pic32mx/lib/libpic32.a(_mon_putc.o)

.gnu.attributes
                0x00000000       0x10
 *(.gnu.attributes)
 .gnu.attributes
                0x00000000       0x10 build/default/production/_ext/639803181/sys_clk_pic32mx.o
 .gnu.attributes
                0x00000010       0x10 build/default/production/_ext/340578644/sys_devcon.o
 .gnu.attributes
                0x00000020       0x10 build/default/production/_ext/340578644/sys_devcon_pic32mx.o
 .gnu.attributes
                0x00000030       0x10 build/default/production/_ext/822048611/sys_ports_static.o
 .gnu.attributes
                0x00000040       0x10 build/default/production/_ext/1688732426/system_init.o
 .gnu.attributes
                0x00000050       0x10 build/default/production/_ext/1688732426/system_interrupt.o
 .gnu.attributes
                0x00000060       0x10 build/default/production/_ext/1688732426/system_exceptions.o
 .gnu.attributes
                0x00000070       0x10 build/default/production/_ext/1688732426/system_tasks.o
 .gnu.attributes
                0x00000080       0x10 build/default/production/_ext/1360937237/app.o
 .gnu.attributes
                0x00000090       0x10 build/default/production/_ext/1360937237/main.o
 .gnu.attributes
                0x000000a0       0x10 build/default/production/_ext/1360937237/i2c.o
 .gnu.attributes
                0x000000b0       0x10 build/default/production/_ext/1360937237/imu.o
 .gnu.attributes
                0x000000c0       0x10 build/default/production/_ext/1360937237/ST7735.o
 .gnu.attributes
                0x000000d0       0x10 build/default/production/_ext/951802379/drv_usbfs.o
 .gnu.attributes
                0x000000e0       0x10 build/default/production/_ext/951802379/drv_usbfs_device.o
 .gnu.attributes
                0x000000f0       0x10 build/default/production/_ext/1873525429/sys_int_pic32.o
 .gnu.attributes
                0x00000100       0x10 build/default/production/_ext/2122810968/usb_device.o
 .gnu.attributes
                0x00000110       0x10 build/default/production/_ext/2122810968/usb_device_cdc.o
 .gnu.attributes
                0x00000120       0x10 build/default/production/_ext/2122810968/usb_device_cdc_acm.o
 .gnu.attributes
                0x00000130       0x10 /Applications/microchip/xc32/v2.05/bin/bin/../../lib/gcc/pic32mx/4.8.3/../../../../pic32mx/lib/libpic32.a(default-bootstrap-exception-handler.o)
 .gnu.attributes
                0x00000140       0x10 /Applications/microchip/xc32/v2.05/bin/bin/../../lib/gcc/pic32mx/4.8.3/../../../../pic32mx/lib/libpic32.a(default-on-reset.o)
 .gnu.attributes
                0x00000150       0x10 /Applications/microchip/xc32/v2.05/bin/bin/../../lib/gcc/pic32mx/4.8.3/../../../../pic32mx/lib/libpic32.a(default-on-bootstrap.o)
 .gnu.attributes
                0x00000160       0x10 /Applications/microchip/xc32/v2.05/bin/bin/../../lib/gcc/pic32mx/4.8.3/../../../../pic32mx/lib/libpic32.a(defaultinterrupt.o)
 .gnu.attributes
                0x00000170       0x10 /Applications/microchip/xc32/v2.05/bin/bin/../../lib/gcc/pic32mx/4.8.3/../../../../pic32mx/lib/libc.a(sprintf_fF.eo)
 .gnu.attributes
                0x00000180       0x10 /Applications/microchip/xc32/v2.05/bin/bin/../../lib/gcc/pic32mx/4.8.3/../../../../pic32mx/lib/libc.a(doprnt_fF.eo)
 .gnu.attributes
                0x00000190       0x10 /Applications/microchip/xc32/v2.05/bin/bin/../../lib/gcc/pic32mx/4.8.3/../../../../pic32mx/lib/libc.a(_fputc_simple.o)
 .gnu.attributes
                0x000001a0       0x10 /Applications/microchip/xc32/v2.05/bin/bin/../../lib/gcc/pic32mx/4.8.3/../../../../pic32mx/lib/libc.a(ctype.o)
 .gnu.attributes
                0x000001b0       0x10 /Applications/microchip/xc32/v2.05/bin/bin/../../lib/gcc/pic32mx/4.8.3/../../../../pic32mx/lib/libc.a(ldpowers.o)
 .gnu.attributes
                0x000001c0       0x10 /Applications/microchip/xc32/v2.05/bin/bin/../../lib/gcc/pic32mx/4.8.3/../../../../pic32mx/lib/libc.a(_iob.o)
 .gnu.attributes
                0x000001d0       0x10 /Applications/microchip/xc32/v2.05/bin/bin/../../lib/gcc/pic32mx/4.8.3/../../../../pic32mx/lib/libc.a(_flsbuf_simple.o)
 .gnu.attributes
                0x000001e0       0x10 /Applications/microchip/xc32/v2.05/bin/bin/../../lib/gcc/pic32mx/4.8.3/../../../../pic32mx/lib/libe.a(_fixunsdfdi.o)
 .gnu.attributes
                0x000001f0       0x10 /Applications/microchip/xc32/v2.05/bin/bin/../../lib/gcc/pic32mx/4.8.3/../../../../pic32mx/lib/libe.a(_orderdf2.o)
 .gnu.attributes
                0x00000200       0x10 /Applications/microchip/xc32/v2.05/bin/bin/../../lib/gcc/pic32mx/4.8.3/../../../../pic32mx/lib/libe.a(_fixdfdi.o)
 .gnu.attributes
                0x00000210       0x10 /Applications/microchip/xc32/v2.05/bin/bin/../../lib/gcc/pic32mx/4.8.3/libgcc.a(_floatundidf.o)
 .gnu.attributes
                0x00000220       0x10 /Applications/microchip/xc32/v2.05/bin/bin/../../lib/gcc/pic32mx/4.8.3/libgcc.a(_udivdi3.o)
 .gnu.attributes
                0x00000230       0x10 /Applications/microchip/xc32/v2.05/bin/bin/../../lib/gcc/pic32mx/4.8.3/libgcc.a(_umoddi3.o)
 .gnu.attributes
                0x00000240       0x10 /Applications/microchip/xc32/v2.05/bin/bin/../../lib/gcc/pic32mx/4.8.3/libgcc.a(floatunsidf.o)
 .gnu.attributes
                0x00000250       0x10 /Applications/microchip/xc32/v2.05/bin/bin/../../lib/gcc/pic32mx/4.8.3/../../../../pic32mx/lib/libpic32.a(write.o)
 .gnu.attributes
                0x00000260       0x10 /Applications/microchip/xc32/v2.05/bin/bin/../../lib/gcc/pic32mx/4.8.3/../../../../pic32mx/lib/libpic32.a(_mon_putc.o)
 .gnu.attributes
                0x00000270       0x10 /Applications/microchip/xc32/v2.05/bin/bin/../../lib/gcc/pic32mx/4.8.3/../../../../pic32mx/lib/libpic32.a(xc32_uart.o)
LOAD /Applications/microchip/xc32/v2.05/bin/bin/../../lib/gcc/pic32mx/4.8.3/libgcc.a
START GROUP
LOAD /Applications/microchip/xc32/v2.05/bin/bin/../../lib/gcc/pic32mx/4.8.3/../../../../pic32mx/lib/libpic32.a
LOAD /Applications/microchip/xc32/v2.05/bin/bin/../../lib/gcc/pic32mx/4.8.3/../../../../pic32mx/lib/libdebug.a
LOAD /Applications/microchip/xc32/v2.05/bin/bin/../../lib/gcc/pic32mx/4.8.3/../../../../pic32mx/lib/libpic32.a
LOAD /Applications/microchip/xc32/v2.05/bin/bin/../../lib/gcc/pic32mx/4.8.3/../../../../pic32mx/lib/libc.a
LOAD /Applications/microchip/xc32/v2.05/bin/bin/../../lib/gcc/pic32mx/4.8.3/../../../../pic32mx/lib/libc.a
LOAD /Applications/microchip/xc32/v2.05/bin/bin/../../lib/gcc/pic32mx/4.8.3/../../../../pic32mx/lib/libm.a
LOAD /Applications/microchip/xc32/v2.05/bin/bin/../../lib/gcc/pic32mx/4.8.3/../../../../pic32mx/lib/libe.a
LOAD /Applications/microchip/xc32/v2.05/bin/bin/../../lib/gcc/pic32mx/4.8.3/../../../../pic32mx/lib/libdsp.a
LOAD /Applications/microchip/xc32/v2.05/bin/bin/../../lib/gcc/pic32mx/4.8.3/libgcc.a
LOAD /Applications/microchip/xc32/v2.05/bin/bin/../../lib/gcc/pic32mx/4.8.3/../../../../pic32mx/lib/libpic32.a
END GROUP
LOAD /Applications/microchip/xc32/v2.05/bin/bin/../../lib/gcc/pic32mx/4.8.3/libgcc.a
OUTPUT(dist/default/production/hw10.X.production.elf elf32-tradlittlemips)
LOAD stack
LOAD data_init

.reginfo        0x00000000       0x18
 .reginfo       0x00000000       0x18 /Applications/microchip/xc32/v2.05/bin/bin/../../lib/gcc/pic32mx/4.8.3/../../../../pic32mx/lib/./proc/32MX250F128B/crt0_mips32r2.o

.stack          0xa0000520      0x400
 .stack         0xa0000520      0x400 stack

.bss            0xa0000054       0xbc
 .bss           0xa0000054       0xbc build/default/production/_ext/2122810968/usb_device.o

.data           0xa0000110       0x50
 .data          0xa0000110       0x50 build/default/production/_ext/951802379/drv_usbfs_device.o
                0xa0000110                gDrvUSBFSDeviceInterface

.bss            0xa0000160       0x74
 .bss           0xa0000160       0x44 /Applications/microchip/xc32/v2.05/bin/bin/../../lib/gcc/pic32mx/4.8.3/../../../../pic32mx/lib/libc.a(_iob.o)
                0xa0000160                _sobuf
                0xa0000180                _sibuf
                0xa00001a0                _outdone
 .bss           0xa00001a4       0x30 build/default/production/_ext/1360937237/app.o
                0xa00001a4                firsto_old
                0xa00001bc                mav_old

.data           0xa00001d4       0x18
 .data          0xa00001d4       0x18 build/default/production/_ext/1360937237/app.o
                0xa00001d4                firco

._debug_exception
                0xbfc00480       0x2c
 ._debug_exception
                0xbfc00480       0x2c /Applications/microchip/xc32/v2.05/bin/bin/../../lib/gcc/pic32mx/4.8.3/../../../../pic32mx/lib/debug-exception-return.o
                0xbfc00480                __DbgExecReturn

.text._vfprintf_fF
                0x9d000000     0x11b8
 .text._vfprintf_fF
                0x9d000000     0x11b8 /Applications/microchip/xc32/v2.05/bin/bin/../../lib/gcc/pic32mx/4.8.3/../../../../pic32mx/lib/libc.a(doprnt_fF.eo)
                0x9d000000                _vfprintf_fF

.text._DRV_USBFS_DEVICE_Tasks_ISR
                0x9d0011b8      0x680
 .text._DRV_USBFS_DEVICE_Tasks_ISR
                0x9d0011b8      0x680 build/default/production/_ext/951802379/drv_usbfs_device.o
                0x9d0011b8                _DRV_USBFS_DEVICE_Tasks_ISR

.text.LCD_init  0x9d001838      0x4e4
 .text.LCD_init
                0x9d001838      0x4e4 build/default/production/_ext/1360937237/ST7735.o
                0x9d001838                LCD_init

.text.APP_Tasks
                0x9d001d1c      0x4d8
 .text.APP_Tasks
                0x9d001d1c      0x4d8 build/default/production/_ext/1360937237/app.o
                0x9d001d1c                APP_Tasks

.text.dp32mul   0x9d0021f4      0x4b8
 .text.dp32mul  0x9d0021f4      0x4b8 /Applications/microchip/xc32/v2.05/bin/bin/../../lib/gcc/pic32mx/4.8.3/../../../../pic32mx/lib/libm.a(dp32div.o)
                0x9d0021f4                dpdiv
                0x9d0021f4                __divdf3

.text           0x9d0026ac      0x8bc
 .text          0x9d0026ac      0x464 /Applications/microchip/xc32/v2.05/bin/bin/../../lib/gcc/pic32mx/4.8.3/libgcc.a(_umoddi3.o)
                0x9d0026ac                __umoddi3
 .text          0x9d002b10      0x458 /Applications/microchip/xc32/v2.05/bin/bin/../../lib/gcc/pic32mx/4.8.3/libgcc.a(_udivdi3.o)
                0x9d002b10                __udivdi3

.text.dp32subadd
                0x9d002f68      0x430
 .text.dp32subadd
                0x9d002f68      0x430 /Applications/microchip/xc32/v2.05/bin/bin/../../lib/gcc/pic32mx/4.8.3/../../../../pic32mx/lib/libm.a(dp32subadd.o)
                0x9d002f68                dpsub
                0x9d002f68                __subdf3
                0x9d002f70                __adddf3
                0x9d002f70                dpadd

.text.dp32mul   0x9d003398      0x32c
 .text.dp32mul  0x9d003398      0x32c /Applications/microchip/xc32/v2.05/bin/bin/../../lib/gcc/pic32mx/4.8.3/../../../../pic32mx/lib/libm.a(dp32mul.o)
                0x9d003398                dpmul
                0x9d003398                __muldf3

.text.fpsubadd  0x9d0036c4      0x278
 .text.fpsubadd
                0x9d0036c4      0x278 /Applications/microchip/xc32/v2.05/bin/bin/../../lib/gcc/pic32mx/4.8.3/../../../../pic32mx/lib/libm.a(fp32subadd.o)
                0x9d0036c4                __subsf3
                0x9d0036c4                fpsub
                0x9d0036cc                fpadd
                0x9d0036cc                __addsf3
