
Optional file libmchp_peripheral.a not found

Optional file libmchp_peripheral_32MX250F128B.a not found
Archive member included because of file (symbol)

/Applications/microchip/xc32/v2.05/bin/bin/../../lib/gcc/pic32mx/4.8.3/../../../../pic32mx/lib/libpic32.a(memcmp.o)
                              build/default/production/_ext/1360937237/app.o (memcmp)
/Applications/microchip/xc32/v2.05/bin/bin/../../lib/gcc/pic32mx/4.8.3/../../../../pic32mx/lib/libpic32.a(memcpy.o)
                              build/default/production/_ext/2122810968/usb_device.o (memcpy)
/Applications/microchip/xc32/v2.05/bin/bin/../../lib/gcc/pic32mx/4.8.3/../../../../pic32mx/lib/libpic32.a(default-bootstrap-exception-handler.o)
                              /Applications/microchip/xc32/v2.05/bin/bin/../../lib/gcc/pic32mx/4.8.3/../../../../pic32mx/lib/./proc/32MX250F128B/crt0_mips32r2.o (_bootstrap_exception_handler)
/Applications/microchip/xc32/v2.05/bin/bin/../../lib/gcc/pic32mx/4.8.3/../../../../pic32mx/lib/libpic32.a(default-on-reset.o)
                              /Applications/microchip/xc32/v2.05/bin/bin/../../lib/gcc/pic32mx/4.8.3/../../../../pic32mx/lib/./proc/32MX250F128B/crt0_mips32r2.o (_on_reset)
/Applications/microchip/xc32/v2.05/bin/bin/../../lib/gcc/pic32mx/4.8.3/../../../../pic32mx/lib/libpic32.a(default-on-bootstrap.o)
                              /Applications/microchip/xc32/v2.05/bin/bin/../../lib/gcc/pic32mx/4.8.3/../../../../pic32mx/lib/./proc/32MX250F128B/crt0_mips32r2.o (_on_bootstrap)
/Applications/microchip/xc32/v2.05/bin/bin/../../lib/gcc/pic32mx/4.8.3/../../../../pic32mx/lib/libpic32.a(default-nmi-handler.o)
                              /Applications/microchip/xc32/v2.05/bin/bin/../../lib/gcc/pic32mx/4.8.3/../../../../pic32mx/lib/./proc/32MX250F128B/crt0_mips32r2.o (_nmi_handler)
/Applications/microchip/xc32/v2.05/bin/bin/../../lib/gcc/pic32mx/4.8.3/../../../../pic32mx/lib/libpic32.a(general-exception.o)
                              /Applications/microchip/xc32/v2.05/bin/bin/../../lib/gcc/pic32mx/4.8.3/../../../../pic32mx/lib/./proc/32MX250F128B/crt0_mips32r2.o (_general_exception_context)
/Applications/microchip/xc32/v2.05/bin/bin/../../lib/gcc/pic32mx/4.8.3/../../../../pic32mx/lib/libpic32.a(vector0.o)
                              /Applications/microchip/xc32/v2.05/bin/bin/../../lib/gcc/pic32mx/4.8.3/../../../../pic32mx/lib/./proc/32MX250F128B/default_isr_vectors.o (__vector_dispatch_0)
/Applications/microchip/xc32/v2.05/bin/bin/../../lib/gcc/pic32mx/4.8.3/../../../../pic32mx/lib/libpic32.a(vector1.o)
                              /Applications/microchip/xc32/v2.05/bin/bin/../../lib/gcc/pic32mx/4.8.3/../../../../pic32mx/lib/./proc/32MX250F128B/default_isr_vectors.o (__vector_dispatch_1)
/Applications/microchip/xc32/v2.05/bin/bin/../../lib/gcc/pic32mx/4.8.3/../../../../pic32mx/lib/libpic32.a(vector2.o)
                              /Applications/microchip/xc32/v2.05/bin/bin/../../lib/gcc/pic32mx/4.8.3/../../../../pic32mx/lib/./proc/32MX250F128B/default_isr_vectors.o (__vector_dispatch_2)
/Applications/microchip/xc32/v2.05/bin/bin/../../lib/gcc/pic32mx/4.8.3/../../../../pic32mx/lib/libpic32.a(vector3.o)
                              /Applications/microchip/xc32/v2.05/bin/bin/../../lib/gcc/pic32mx/4.8.3/../../../../pic32mx/lib/./proc/32MX250F128B/default_isr_vectors.o (__vector_dispatch_3)
/Applications/microchip/xc32/v2.05/bin/bin/../../lib/gcc/pic32mx/4.8.3/../../../../pic32mx/lib/libpic32.a(vector4.o)
                              /Applications/microchip/xc32/v2.05/bin/bin/../../lib/gcc/pic32mx/4.8.3/../../../../pic32mx/lib/./proc/32MX250F128B/default_isr_vectors.o (__vector_dispatch_4)
/Applications/microchip/xc32/v2.05/bin/bin/../../lib/gcc/pic32mx/4.8.3/../../../../pic32mx/lib/libpic32.a(vector5.o)
                              /Applications/microchip/xc32/v2.05/bin/bin/../../lib/gcc/pic32mx/4.8.3/../../../../pic32mx/lib/./proc/32MX250F128B/default_isr_vectors.o (__vector_dispatch_5)
/Applications/microchip/xc32/v2.05/bin/bin/../../lib/gcc/pic32mx/4.8.3/../../../../pic32mx/lib/libpic32.a(vector6.o)
                              /Applications/microchip/xc32/v2.05/bin/bin/../../lib/gcc/pic32mx/4.8.3/../../../../pic32mx/lib/./proc/32MX250F128B/default_isr_vectors.o (__vector_dispatch_6)
/Applications/microchip/xc32/v2.05/bin/bin/../../lib/gcc/pic32mx/4.8.3/../../../../pic32mx/lib/libpic32.a(vector7.o)
                              /Applications/microchip/xc32/v2.05/bin/bin/../../lib/gcc/pic32mx/4.8.3/../../../../pic32mx/lib/./proc/32MX250F128B/default_isr_vectors.o (__vector_dispatch_7)
/Applications/microchip/xc32/v2.05/bin/bin/../../lib/gcc/pic32mx/4.8.3/../../../../pic32mx/lib/libpic32.a(vector8.o)
                              /Applications/microchip/xc32/v2.05/bin/bin/../../lib/gcc/pic32mx/4.8.3/../../../../pic32mx/lib/./proc/32MX250F128B/default_isr_vectors.o (__vector_dispatch_8)
[...]
Memory Configuration

Name             Origin             Length             Attributes
kseg0_program_mem 0x9d000000         0x0001f000         xr
exception_mem    0x9d01f000         0x00001000
debug_exec_mem   0x9fc00490         0x00000760
kseg0_boot_mem   0x9fc00490         0x00000000
kseg1_boot_mem   0xbfc00000         0x00000490
config3          0xbfc00bf0         0x00000004
config2          0xbfc00bf4         0x00000004
config1          0xbfc00bf8         0x00000004
config0          0xbfc00bfc         0x00000004
kseg1_data_mem   0xa0000000         0x00008000         w !x
sfrs             0xbf800000         0x00100000
configsfrs       0xbfc00bf0         0x00000010
*default*        0x00000000         0xffffffff

Linker script and memory map

LOAD /Applications/microchip/xc32/v2.05/bin/bin/../../lib/gcc/pic32mx/4.8.3/../../../../pic32mx/lib/./proc/32MX250F128B/crt0_mips32r2.o
LOAD /Applications/microchip/xc32/v2.05/bin/bin/../../lib/gcc/pic32mx/4.8.3/../../../../pic32mx/lib/debug-exception-return.o
LOAD build/default/production/_ext/1873525429/sys_int_pic32.o
LOAD build/default/production/_ext/951802379/drv_usbfs.o
LOAD build/default/production/_ext/2122810968/usb_device.o
LOAD build/default/production/_ext/951802379/drv_usbfs_device.o
LOAD build/default/production/_ext/2122810968/usb_device_hid.o
LOAD build/default/production/_ext/1360937237/app.o
LOAD build/default/production/_ext/639803181/sys_clk_pic32mx.o
LOAD build/default/production/_ext/340578644/sys_devcon.o
LOAD build/default/production/_ext/340578644/sys_devcon_pic32mx.o
LOAD build/default/production/_ext/822048611/sys_ports_static.o
LOAD build/default/production/_ext/1688732426/system_init.o
LOAD build/default/production/_ext/1688732426/system_interrupt.o
LOAD build/default/production/_ext/1688732426/system_exceptions.o
LOAD build/default/production/_ext/1360937237/main.o
LOAD build/default/production/_ext/1688732426/system_tasks.o
LOAD build/default/production/_ext/1360937237/mouse.o
LOAD build/default/production/_ext/1360937237/imu.o
LOAD build/default/production/_ext/1360937237/i2c.o
LOAD build/default/production/_ext/1360937237/ST7735.o
LOAD ../../../../../microchip/harmony/v2_05_01/bin/framework/peripheral/PIC32MX250F128B_peripherals.a
                0x00000001                __MPLAB_BUILD = 0x1
                0x00000000                _min_heap_size = 0x0
LOAD /Applications/microchip/xc32/v2.05/bin/bin/../../lib/gcc/pic32mx/4.8.3/../../../../pic32mx/lib/./proc/32MX250F128B/default_isr_vectors.o
LOAD /Applications/microchip/xc32/v2.05/bin/bin/../../lib/gcc/pic32mx/4.8.3/../../../../pic32mx/lib/pic32_software_reset.o
                0x00000400                PROVIDE (_min_stack_size, 0x400)
LOAD /Applications/microchip/xc32/v2.05/bin/bin/../../lib/gcc/pic32mx/4.8.3/../../../../pic32mx/lib/./proc/32MX250F128B/processor.o
START GROUP
LOAD libmchp_peripheral.a
END GROUP
START GROUP
LOAD libmchp_peripheral_32MX250F128B.a
END GROUP
                0x00000001                PROVIDE (_vector_spacing, 0x1)
                0x9d01f000                PROVIDE (_ebase_address, 0x9d01f000)
                0xbfc00000                _RESET_ADDR = 0xbfc00000
                0xbfc00380                _BEV_EXCPT_ADDR = 0xbfc00380
                0xbfc00480                _DBG_EXCPT_ADDR = 0xbfc00480
                0x9fc00490                _DBG_CODE_ADDR = 0x9fc00490
                0x00000760                _DBG_CODE_SIZE = 0x760
                0x9d01f180                _GEN_EXCPT_ADDR = (_ebase_address + 0x180)

.config_BFC00BF0
                0xbfc00bf0        0x4
 *(.config_BFC00BF0)
 .config_BFC00BF0
                0xbfc00bf0        0x4 build/default/production/_ext/1688732426/system_init.o

.config_BFC00BF4
                0xbfc00bf4        0x4
 *(.config_BFC00BF4)
 .config_BFC00BF4
                0xbfc00bf4        0x4 build/default/production/_ext/1688732426/system_init.o

.config_BFC00BF8
                0xbfc00bf8        0x4
 *(.config_BFC00BF8)
 .config_BFC00BF8
                0xbfc00bf8        0x4 build/default/production/_ext/1688732426/system_init.o

.config_BFC00BFC
                0xbfc00bfc        0x4
 *(.config_BFC00BFC)
 .config_BFC00BFC
                0xbfc00bfc        0x4 build/default/production/_ext/1688732426/system_init.o
                0xbfc02000                PROVIDE (_DBG_CODE_ADDR, 0xbfc02000)
                0x00000ff0                PROVIDE (_DBG_CODE_SIZE, 0xff0)

.reset          0xbfc00000      0x1e4
 *(.reset)
 .reset         0xbfc00000        0x8 /Applications/microchip/xc32/v2.05/bin/bin/../../lib/gcc/pic32mx/4.8.3/../../../../pic32mx/lib/./proc/32MX250F128B/crt0_mips32r2.o
                0xbfc00000                _reset
 *(.reset.startup)
 .reset.startup
                0xbfc00008      0x1dc /Applications/microchip/xc32/v2.05/bin/bin/../../lib/gcc/pic32mx/4.8.3/../../../../pic32mx/lib/./proc/32MX250F128B/crt0_mips32r2.o
                0xbfc00008                _startup

.bev_excpt      0xbfc00380       0x10
 *(.bev_handler)
 .bev_handler   0xbfc00380       0x10 /Applications/microchip/xc32/v2.05/bin/bin/../../lib/gcc/pic32mx/4.8.3/../../../../pic32mx/lib/./proc/32MX250F128B/crt0_mips32r2.o

.dbg_excpt      0xbfc00480        0x0
                0xbfc00480                . = (. + DEFINED (_DEBUGGER)?0x8:0x0)

.dbg_code       0x9fc00490        0x0
                0x9fc00490                . = (. + DEFINED (_DEBUGGER)?_DBG_CODE_SIZE:0x0)

.app_excpt      0x9d01f180       0x10
 *(.gen_handler)
 .gen_handler   0x9d01f180       0x10 /Applications/microchip/xc32/v2.05/bin/bin/../../lib/gcc/pic32mx/4.8.3/../../../../pic32mx/lib/./proc/32MX250F128B/crt0_mips32r2.o

.vector_0       0x9d01f200        0x8
 *(.vector_0)
 .vector_0      0x9d01f200        0x8 /Applications/microchip/xc32/v2.05/bin/bin/../../lib/gcc/pic32mx/4.8.3/../../../../pic32mx/lib/libpic32.a(vector0.o)
                0x9d01f200                __vector_dispatch_0
                0x00000001                ASSERT (((_vector_spacing == 0x0) || (SIZEOF (.vector_0) <= (_vector_spacing << 0x5))), function at exception vector 0 too large)

.vector_1       0x9d01f220        0x8
 *(.vector_1)
 .vector_1      0x9d01f220        0x8 /Applications/microchip/xc32/v2.05/bin/bin/../../lib/gcc/pic32mx/4.8.3/../../../../pic32mx/lib/libpic32.a(vector1.o)
                0x9d01f220                __vector_dispatch_1
                0x00000001                ASSERT (((_vector_spacing == 0x0) || (SIZEOF (.vector_1) <= (_vector_spacing << 0x5))), function at exception vector 1 too large)

.vector_2       0x9d01f240        0x8
 *(.vector_2)
 .vector_2      0x9d01f240        0x8 /Applications/microchip/xc32/v2.05/bin/bin/../../lib/gcc/pic32mx/4.8.3/../../../../pic32mx/lib/libpic32.a(vector2.o)
                0x9d01f240                __vector_dispatch_2
                0x00000001                ASSERT (((_vector_spacing == 0x0) || (SIZEOF (.vector_2) <= (_vector_spacing << 0x5))), function at exception vector 2 too large)

.vector_3       0x9d01f260        0x8
 *(.vector_3)
 .vector_3      0x9d01f260        0x8 /Applications/microchip/xc32/v2.05/bin/bin/../../lib/gcc/pic32mx/4.8.3/../../../../pic32mx/lib/libpic32.a(vector3.o)
                0x9d01f260                __vector_dispatch_3
                0x00000001                ASSERT (((_vector_spacing == 0x0) || (SIZEOF (.vector_3) <= (_vector_spacing << 0x5))), function at exception vector 3 too large)

.vector_4       0x9d01f280        0x8
 *(.vector_4)
 .vector_4      0x9d01f280        0x8 /Applications/microchip/xc32/v2.05/bin/bin/../../lib/gcc/pic32mx/4.8.3/../../../../pic32mx/lib/libpic32.a(vector4.o)
                0x9d01f280                __vector_dispatch_4
                0x00000001                ASSERT (((_vector_spacing == 0x0) || (SIZEOF (.vector_4) <= (_vector_spacing << 0x5))), function at exception vector 4 too large)

.vector_5       0x9d01f2a0        0x8
 *(.vector_5)
 .vector_5      0x9d01f2a0        0x8 /Applications/microchip/xc32/v2.05/bin/bin/../../lib/gcc/pic32mx/4.8.3/../../../../pic32mx/lib/libpic32.a(vector5.o)
                0x9d01f2a0                __vector_dispatch_5
                0x00000001                ASSERT (((_vector_spacing == 0x0) || (SIZEOF (.vector_5) <= (_vector_spacing << 0x5))), function at exception vector 5 too large)

.vector_6       0x9d01f2c0        0x8
 *(.vector_6)
 .vector_6      0x9d01f2c0        0x8 /Applications/microchip/xc32/v2.05/bin/bin/../../lib/gcc/pic32mx/4.8.3/../../../../pic32mx/lib/libpic32.a(vector6.o)
                0x9d01f2c0                __vector_dispatch_6
                0x00000001                ASSERT (((_vector_spacing == 0x0) || (SIZEOF (.vector_6) <= (_vector_spacing << 0x5))), function at exception vector 6 too large)

.vector_7       0x9d01f2e0        0x8
 *(.vector_7)
 .vector_7      0x9d01f2e0        0x8 /Applications/microchip/xc32/v2.05/bin/bin/../../lib/gcc/pic32mx/4.8.3/../../../../pic32mx/lib/libpic32.a(vector7.o)
                0x9d01f2e0                __vector_dispatch_7
                0x00000001                ASSERT (((_vector_spacing == 0x0) || (SIZEOF (.vector_7) <= (_vector_spacing << 0x5))), function at exception vector 7 too large)

.vector_8       0x9d01f300        0x8
 *(.vector_8)
 .vector_8      0x9d01f300        0x8 /Applications/microchip/xc32/v2.05/bin/bin/../../lib/gcc/pic32mx/4.8.3/../../../../pic32mx/lib/libpic32.a(vector8.o)
                0x9d01f300                __vector_dispatch_8
                0x00000001                ASSERT (((_vector_spacing == 0x0) || (SIZEOF (.vector_8) <= (_vector_spacing << 0x5))), function at exception vector 8 too large)

.vector_9       0x9d01f320        0x8
 *(.vector_9)
 .vector_9      0x9d01f320        0x8 /Applications/microchip/xc32/v2.05/bin/bin/../../lib/gcc/pic32mx/4.8.3/../../../../pic32mx/lib/libpic32.a(vector9.o)
                0x9d01f320                __vector_dispatch_9
                0x00000001                ASSERT (((_vector_spacing == 0x0) || (SIZEOF (.vector_9) <= (_vector_spacing << 0x5))), function at exception vector 9 too large)

.vector_10      0x9d01f340        0x8
 *(.vector_10)
 .vector_10     0x9d01f340        0x8 /Applications/microchip/xc32/v2.05/bin/bin/../../lib/gcc/pic32mx/4.8.3/../../../../pic32mx/lib/libpic32.a(vector10.o)
                0x9d01f340                __vector_dispatch_10
                0x00000001                ASSERT (((_vector_spacing == 0x0) || (SIZEOF (.vector_10) <= (_vector_spacing << 0x5))), function at exception vector 10 too large)

.vector_11      0x9d01f360        0x8
 *(.vector_11)
 .vector_11     0x9d01f360        0x8 /Applications/microchip/xc32/v2.05/bin/bin/../../lib/gcc/pic32mx/4.8.3/../../../../pic32mx/lib/libpic32.a(vector11.o)
                0x9d01f360                __vector_dispatch_11
                0x00000001                ASSERT (((_vector_spacing == 0x0) || (SIZEOF (.vector_11) <= (_vector_spacing << 0x5))), function at exception vector 11 too large)

.vector_12      0x9d01f380        0x8
 *(.vector_12)
 .vector_12     0x9d01f380        0x8 /Applications/microchip/xc32/v2.05/bin/bin/../../lib/gcc/pic32mx/4.8.3/../../../../pic32mx/lib/libpic32.a(vector12.o)
                0x9d01f380                __vector_dispatch_12
                0x00000001                ASSERT (((_vector_spacing == 0x0) || (SIZEOF (.vector_12) <= (_vector_spacing << 0x5))), function at exception vector 12 too large)

.vector_13      0x9d01f3a0        0x8
 *(.vector_13)
 .vector_13     0x9d01f3a0        0x8 /Applications/microchip/xc32/v2.05/bin/bin/../../lib/gcc/pic32mx/4.8.3/../../../../pic32mx/lib/libpic32.a(vector13.o)
                0x9d01f3a0                __vector_dispatch_13
                0x00000001                ASSERT (((_vector_spacing == 0x0) || (SIZEOF (.vector_13) <= (_vector_spacing << 0x5))), function at exception vector 13 too large)

.vector_14      0x9d01f3c0        0x8
 *(.vector_14)
 .vector_14     0x9d01f3c0        0x8 /Applications/microchip/xc32/v2.05/bin/bin/../../lib/gcc/pic32mx/4.8.3/../../../../pic32mx/lib/libpic32.a(vector14.o)
                0x9d01f3c0                __vector_dispatch_14
                0x00000001                ASSERT (((_vector_spacing == 0x0) || (SIZEOF (.vector_14) <= (_vector_spacing << 0x5))), function at exception vector 14 too large)

.vector_15      0x9d01f3e0        0x8
 *(.vector_15)
 .vector_15     0x9d01f3e0        0x8 /Applications/microchip/xc32/v2.05/bin/bin/../../lib/gcc/pic32mx/4.8.3/../../../../pic32mx/lib/libpic32.a(vector15.o)
                0x9d01f3e0                __vector_dispatch_15
                0x00000001                ASSERT (((_vector_spacing == 0x0) || (SIZEOF (.vector_15) <= (_vector_spacing << 0x5))), function at exception vector 15 too large)

.vector_16      0x9d01f400        0x8
 *(.vector_16)
 .vector_16     0x9d01f400        0x8 /Applications/microchip/xc32/v2.05/bin/bin/../../lib/gcc/pic32mx/4.8.3/../../../../pic32mx/lib/libpic32.a(vector16.o)
                0x9d01f400                __vector_dispatch_16
                0x00000001                ASSERT (((_vector_spacing == 0x0) || (SIZEOF (.vector_16) <= (_vector_spacing << 0x5))), function at exception vector 16 too large)

.vector_17      0x9d01f420        0x8
 *(.vector_17)
 .vector_17     0x9d01f420        0x8 /Applications/microchip/xc32/v2.05/bin/bin/../../lib/gcc/pic32mx/4.8.3/../../../../pic32mx/lib/libpic32.a(vector17.o)
                0x9d01f420                __vector_dispatch_17
                0x00000001                ASSERT (((_vector_spacing == 0x0) || (SIZEOF (.vector_17) <= (_vector_spacing << 0x5))), function at exception vector 17 too large)

.vector_18      0x9d01f440        0x8
 *(.vector_18)
 .vector_18     0x9d01f440        0x8 /Applications/microchip/xc32/v2.05/bin/bin/../../lib/gcc/pic32mx/4.8.3/../../../../pic32mx/lib/libpic32.a(vector18.o)
                0x9d01f440                __vector_dispatch_18
                0x00000001                ASSERT (((_vector_spacing == 0x0) || (SIZEOF (.vector_18) <= (_vector_spacing << 0x5))), function at exception vector 18 too large)

.vector_19      0x9d01f460        0x8
 *(.vector_19)
 .vector_19     0x9d01f460        0x8 /Applications/microchip/xc32/v2.05/bin/bin/../../lib/gcc/pic32mx/4.8.3/../../../../pic32mx/lib/libpic32.a(vector19.o)
                0x9d01f460                __vector_dispatch_19
                0x00000001                ASSERT (((_vector_spacing == 0x0) || (SIZEOF (.vector_19) <= (_vector_spacing << 0x5))), function at exception vector 19 too large)

.vector_20      0x9d01f480        0x8
 *(.vector_20)
 .vector_20     0x9d01f480        0x8 /Applications/microchip/xc32/v2.05/bin/bin/../../lib/gcc/pic32mx/4.8.3/../../../../pic32mx/lib/libpic32.a(vector20.o)
                0x9d01f480                __vector_dispatch_20
                0x00000001                ASSERT (((_vector_spacing == 0x0) || (SIZEOF (.vector_20) <= (_vector_spacing << 0x5))), function at exception vector 20 too large)

.vector_21      0x9d01f4a0        0x8
 *(.vector_21)
 .vector_21     0x9d01f4a0        0x8 /Applications/microchip/xc32/v2.05/bin/bin/../../lib/gcc/pic32mx/4.8.3/../../../../pic32mx/lib/libpic32.a(vector21.o)
                0x9d01f4a0                __vector_dispatch_21
                0x00000001                ASSERT (((_vector_spacing == 0x0) || (SIZEOF (.vector_21) <= (_vector_spacing << 0x5))), function at exception vector 21 too large)

.vector_22      0x9d01f4c0        0x8
 *(.vector_22)
 .vector_22     0x9d01f4c0        0x8 /Applications/microchip/xc32/v2.05/bin/bin/../../lib/gcc/pic32mx/4.8.3/../../../../pic32mx/lib/libpic32.a(vector22.o)
                0x9d01f4c0                __vector_dispatch_22
                0x00000001                ASSERT (((_vector_spacing == 0x0) || (SIZEOF (.vector_22) <= (_vector_spacing << 0x5))), function at exception vector 22 too large)

.vector_23      0x9d01f4e0        0x8
 *(.vector_23)
 .vector_23     0x9d01f4e0        0x8 /Applications/microchip/xc32/v2.05/bin/bin/../../lib/gcc/pic32mx/4.8.3/../../../../pic32mx/lib/libpic32.a(vector23.o)
                0x9d01f4e0                __vector_dispatch_23
                0x00000001                ASSERT (((_vector_spacing == 0x0) || (SIZEOF (.vector_23) <= (_vector_spacing << 0x5))), function at exception vector 23 too large)

.vector_24      0x9d01f500        0x8
 *(.vector_24)
 .vector_24     0x9d01f500        0x8 /Applications/microchip/xc32/v2.05/bin/bin/../../lib/gcc/pic32mx/4.8.3/../../../../pic32mx/lib/libpic32.a(vector24.o)
                0x9d01f500                __vector_dispatch_24
                0x00000001                ASSERT (((_vector_spacing == 0x0) || (SIZEOF (.vector_24) <= (_vector_spacing << 0x5))), function at exception vector 24 too large)

.vector_25      0x9d01f520        0x8
 *(.vector_25)
 .vector_25     0x9d01f520        0x8 /Applications/microchip/xc32/v2.05/bin/bin/../../lib/gcc/pic32mx/4.8.3/../../../../pic32mx/lib/libpic32.a(vector25.o)
                0x9d01f520                __vector_dispatch_25
                0x00000001                ASSERT (((_vector_spacing == 0x0) || (SIZEOF (.vector_25) <= (_vector_spacing << 0x5))), function at exception vector 25 too large)

.vector_26      0x9d01f540        0x8
 *(.vector_26)
 .vector_26     0x9d01f540        0x8 /Applications/microchip/xc32/v2.05/bin/bin/../../lib/gcc/pic32mx/4.8.3/../../../../pic32mx/lib/libpic32.a(vector26.o)
                0x9d01f540                __vector_dispatch_26
                0x00000001                ASSERT (((_vector_spacing == 0x0) || (SIZEOF (.vector_26) <= (_vector_spacing << 0x5))), function at exception vector 26 too large)

.vector_27      0x9d01f560        0x8
 *(.vector_27)
 .vector_27     0x9d01f560        0x8 /Applications/microchip/xc32/v2.05/bin/bin/../../lib/gcc/pic32mx/4.8.3/../../../../pic32mx/lib/libpic32.a(vector27.o)
                0x9d01f560                __vector_dispatch_27
                0x00000001                ASSERT (((_vector_spacing == 0x0) || (SIZEOF (.vector_27) <= (_vector_spacing << 0x5))), function at exception vector 27 too large)

.vector_28      0x9d01f580        0x8
 *(.vector_28)
 .vector_28     0x9d01f580        0x8 /Applications/microchip/xc32/v2.05/bin/bin/../../lib/gcc/pic32mx/4.8.3/../../../../pic32mx/lib/libpic32.a(vector28.o)
                0x9d01f580                __vector_dispatch_28
                0x00000001                ASSERT (((_vector_spacing == 0x0) || (SIZEOF (.vector_28) <= (_vector_spacing << 0x5))), function at exception vector 28 too large)

.vector_29      0x9d01f5a0        0x8
 *(.vector_29)
 .vector_29     0x9d01f5a0        0x8 /Applications/microchip/xc32/v2.05/bin/bin/../../lib/gcc/pic32mx/4.8.3/../../../../pic32mx/lib/libpic32.a(vector29.o)
                0x9d01f5a0                __vector_dispatch_29
                0x00000001                ASSERT (((_vector_spacing == 0x0) || (SIZEOF (.vector_29) <= (_vector_spacing << 0x5))), function at exception vector 29 too large)

.vector_30      0x9d01f5c0        0x8
 *(.vector_30)
 .vector_30     0x9d01f5c0        0x8 build/default/production/_ext/1688732426/system_interrupt.o
                0x9d01f5c0                __vector_dispatch_30
                0x00000001                ASSERT (((_vector_spacing == 0x0) || (SIZEOF (.vector_30) <= (_vector_spacing << 0x5))), function at exception vector 30 too large)

.vector_31      0x9d01f5e0        0x8
 *(.vector_31)
 .vector_31     0x9d01f5e0        0x8 /Applications/microchip/xc32/v2.05/bin/bin/../../lib/gcc/pic32mx/4.8.3/../../../../pic32mx/lib/libpic32.a(vector31.o)
                0x9d01f5e0                __vector_dispatch_31
                0x00000001                ASSERT (((_vector_spacing == 0x0) || (SIZEOF (.vector_31) <= (_vector_spacing << 0x5))), function at exception vector 31 too large)

.vector_32      0x9d01f600        0x8
 *(.vector_32)
 .vector_32     0x9d01f600        0x8 /Applications/microchip/xc32/v2.05/bin/bin/../../lib/gcc/pic32mx/4.8.3/../../../../pic32mx/lib/libpic32.a(vector32.o)
                0x9d01f600                __vector_dispatch_32
                0x00000001                ASSERT (((_vector_spacing == 0x0) || (SIZEOF (.vector_32) <= (_vector_spacing << 0x5))), function at exception vector 32 too large)

.vector_33      0x9d01f620        0x8
 *(.vector_33)
 .vector_33     0x9d01f620        0x8 /Applications/microchip/xc32/v2.05/bin/bin/../../lib/gcc/pic32mx/4.8.3/../../../../pic32mx/lib/libpic32.a(vector33.o)
                0x9d01f620                __vector_dispatch_33
                0x00000001                ASSERT (((_vector_spacing == 0x0) || (SIZEOF (.vector_33) <= (_vector_spacing << 0x5))), function at exception vector 33 too large)

.vector_34      0x9d01f640        0x8
 *(.vector_34)
 .vector_34     0x9d01f640        0x8 /Applications/microchip/xc32/v2.05/bin/bin/../../lib/gcc/pic32mx/4.8.3/../../../../pic32mx/lib/libpic32.a(vector34.o)
                0x9d01f640                __vector_dispatch_34
                0x00000001                ASSERT (((_vector_spacing == 0x0) || (SIZEOF (.vector_34) <= (_vector_spacing << 0x5))), function at exception vector 34 too large)

.vector_35      0x9d01f660        0x8
 *(.vector_35)
 .vector_35     0x9d01f660        0x8 /Applications/microchip/xc32/v2.05/bin/bin/../../lib/gcc/pic32mx/4.8.3/../../../../pic32mx/lib/libpic32.a(vector35.o)
                0x9d01f660                __vector_dispatch_35
                0x00000001                ASSERT (((_vector_spacing == 0x0) || (SIZEOF (.vector_35) <= (_vector_spacing << 0x5))), function at exception vector 35 too large)

.vector_36      0x9d01f680        0x8
 *(.vector_36)
 .vector_36     0x9d01f680        0x8 /Applications/microchip/xc32/v2.05/bin/bin/../../lib/gcc/pic32mx/4.8.3/../../../../pic32mx/lib/libpic32.a(vector36.o)
                0x9d01f680                __vector_dispatch_36
                0x00000001                ASSERT (((_vector_spacing == 0x0) || (SIZEOF (.vector_36) <= (_vector_spacing << 0x5))), function at exception vector 36 too large)

.vector_37      0x9d01f6a0        0x8
 *(.vector_37)
 .vector_37     0x9d01f6a0        0x8 /Applications/microchip/xc32/v2.05/bin/bin/../../lib/gcc/pic32mx/4.8.3/../../../../pic32mx/lib/libpic32.a(vector37.o)
                0x9d01f6a0                __vector_dispatch_37
                0x00000001                ASSERT (((_vector_spacing == 0x0) || (SIZEOF (.vector_37) <= (_vector_spacing << 0x5))), function at exception vector 37 too large)

.vector_38      0x9d01f6c0        0x8
 *(.vector_38)
 .vector_38     0x9d01f6c0        0x8 /Applications/microchip/xc32/v2.05/bin/bin/../../lib/gcc/pic32mx/4.8.3/../../../../pic32mx/lib/libpic32.a(vector38.o)
                0x9d01f6c0                __vector_dispatch_38
                0x00000001                ASSERT (((_vector_spacing == 0x0) || (SIZEOF (.vector_38) <= (_vector_spacing << 0x5))), function at exception vector 38 too large)

.vector_39      0x9d01f6e0        0x8
 *(.vector_39)
 .vector_39     0x9d01f6e0        0x8 /Applications/microchip/xc32/v2.05/bin/bin/../../lib/gcc/pic32mx/4.8.3/../../../../pic32mx/lib/libpic32.a(vector39.o)
                0x9d01f6e0                __vector_dispatch_39
                0x00000001                ASSERT (((_vector_spacing == 0x0) || (SIZEOF (.vector_39) <= (_vector_spacing << 0x5))), function at exception vector 39 too large)

.vector_40      0x9d01f700        0x8
 *(.vector_40)
 .vector_40     0x9d01f700        0x8 /Applications/microchip/xc32/v2.05/bin/bin/../../lib/gcc/pic32mx/4.8.3/../../../../pic32mx/lib/libpic32.a(vector40.o)
                0x9d01f700                __vector_dispatch_40
                0x00000001                ASSERT (((_vector_spacing == 0x0) || (SIZEOF (.vector_40) <= (_vector_spacing << 0x5))), function at exception vector 40 too large)

.vector_41      0x9d01f720        0x8
 *(.vector_41)
 .vector_41     0x9d01f720        0x8 /Applications/microchip/xc32/v2.05/bin/bin/../../lib/gcc/pic32mx/4.8.3/../../../../pic32mx/lib/libpic32.a(vector41.o)
                0x9d01f720                __vector_dispatch_41
                0x00000001                ASSERT (((_vector_spacing == 0x0) || (SIZEOF (.vector_41) <= (_vector_spacing << 0x5))), function at exception vector 41 too large)

.vector_42      0x9d01f740        0x8
 *(.vector_42)
 .vector_42     0x9d01f740        0x8 /Applications/microchip/xc32/v2.05/bin/bin/../../lib/gcc/pic32mx/4.8.3/../../../../pic32mx/lib/libpic32.a(vector42.o)
                0x9d01f740                __vector_dispatch_42
                0x00000001                ASSERT (((_vector_spacing == 0x0) || (SIZEOF (.vector_42) <= (_vector_spacing << 0x5))), function at exception vector 42 too large)

.vector_43      0x9d01f760        0x8
 *(.vector_43)
 .vector_43     0x9d01f760        0x8 /Applications/microchip/xc32/v2.05/bin/bin/../../lib/gcc/pic32mx/4.8.3/../../../../pic32mx/lib/libpic32.a(vector43.o)
                0x9d01f760                __vector_dispatch_43
                0x00000001                ASSERT (((_vector_spacing == 0x0) || (SIZEOF (.vector_43) <= (_vector_spacing << 0x5))), function at exception vector 43 too large)

.vector_44      0x9d01f780        0x0
 *(.vector_44)
                0x00000001                ASSERT (((_vector_spacing == 0x0) || (SIZEOF (.vector_44) <= (_vector_spacing << 0x5))), function at exception vector 44 too large)

.vector_45      0x9d01f7a0        0x0
 *(.vector_45)
                0x00000001                ASSERT (((_vector_spacing == 0x0) || (SIZEOF (.vector_45) <= (_vector_spacing << 0x5))), function at exception vector 45 too large)

.vector_46      0x9d01f7c0        0x0
 *(.vector_46)
                0x00000001                ASSERT (((_vector_spacing == 0x0) || (SIZEOF (.vector_46) <= (_vector_spacing << 0x5))), function at exception vector 46 too large)

.vector_47      0x9d01f7e0        0x0
 *(.vector_47)
                0x00000001                ASSERT (((_vector_spacing == 0x0) || (SIZEOF (.vector_47) <= (_vector_spacing << 0x5))), function at exception vector 47 too large)

.vector_48      0x9d01f800        0x0
 *(.vector_48)
                0x00000001                ASSERT (((_vector_spacing == 0x0) || (SIZEOF (.vector_48) <= (_vector_spacing << 0x5))), function at exception vector 48 too large)

.vector_49      0x9d01f820        0x0
 *(.vector_49)
                0x00000001                ASSERT (((_vector_spacing == 0x0) || (SIZEOF (.vector_49) <= (_vector_spacing << 0x5))), function at exception vector 49 too large)

.vector_50      0x9d01f840        0x0
 *(.vector_50)
                0x00000001                ASSERT (((_vector_spacing == 0x0) || (SIZEOF (.vector_50) <= (_vector_spacing << 0x5))), function at exception vector 50 too large)

.vector_51      0x9d01f860        0x0
 *(.vector_51)
                0x00000001                ASSERT (((_vector_spacing == 0x0) || (SIZEOF (.vector_51) <= (_vector_spacing << 0x5))), function at exception vector 51 too large)

.vector_52      0x9d01f880        0x0
 *(.vector_52)
                0x00000001                ASSERT (((_vector_spacing == 0x0) || (SIZEOF (.vector_52) <= (_vector_spacing << 0x5))), function at exception vector 52 too large)

.vector_53      0x9d01f8a0        0x0
 *(.vector_53)
                0x00000001                ASSERT (((_vector_spacing == 0x0) || (SIZEOF (.vector_53) <= (_vector_spacing << 0x5))), function at exception vector 53 too large)

.vector_54      0x9d01f8c0        0x0
 *(.vector_54)
                0x00000001                ASSERT (((_vector_spacing == 0x0) || (SIZEOF (.vector_54) <= (_vector_spacing << 0x5))), function at exception vector 54 too large)

.vector_55      0x9d01f8e0        0x0
 *(.vector_55)
                0x00000001                ASSERT (((_vector_spacing == 0x0) || (SIZEOF (.vector_55) <= (_vector_spacing << 0x5))), function at exception vector 55 too large)

.vector_56      0x9d01f900        0x0
 *(.vector_56)
                0x00000001                ASSERT (((_vector_spacing == 0x0) || (SIZEOF (.vector_56) <= (_vector_spacing << 0x5))), function at exception vector 56 too large)

.vector_57      0x9d01f920        0x0
 *(.vector_57)
                0x00000001                ASSERT (((_vector_spacing == 0x0) || (SIZEOF (.vector_57) <= (_vector_spacing << 0x5))), function at exception vector 57 too large)

.vector_58      0x9d01f940        0x0
 *(.vector_58)
                0x00000001                ASSERT (((_vector_spacing == 0x0) || (SIZEOF (.vector_58) <= (_vector_spacing << 0x5))), function at exception vector 58 too large)

.vector_59      0x9d01f960        0x0
 *(.vector_59)
                0x00000001                ASSERT (((_vector_spacing == 0x0) || (SIZEOF (.vector_59) <= (_vector_spacing << 0x5))), function at exception vector 59 too large)

.vector_60      0x9d01f980        0x0
 *(.vector_60)
                0x00000001                ASSERT (((_vector_spacing == 0x0) || (SIZEOF (.vector_60) <= (_vector_spacing << 0x5))), function at exception vector 60 too large)

.vector_61      0x9d01f9a0        0x0
 *(.vector_61)
                0x00000001                ASSERT (((_vector_spacing == 0x0) || (SIZEOF (.vector_61) <= (_vector_spacing << 0x5))), function at exception vector 61 too large)

.vector_62      0x9d01f9c0        0x0
 *(.vector_62)
                0x00000001                ASSERT (((_vector_spacing == 0x0) || (SIZEOF (.vector_62) <= (_vector_spacing << 0x5))), function at exception vector 62 too large)

.vector_63      0x9d01f9e0        0x0
 *(.vector_63)
                0x00000001                ASSERT (((_vector_spacing == 0x0) || (SIZEOF (.vector_63) <= (_vector_spacing << 0x5))), function at exception vector 63 too large)

.startup
 *(.startup)

.text           0x9d000000        0x0
 *(.stub .gnu.linkonce.t.*)
 *(.text.*personality*)
 *(.mips16.fn.*)
 *(.mips16.call.*)
 *(.gnu.warning)
                0x9d000000                . = ALIGN (0x4)

.init           0x9d000000        0x0
 *crti.o(.init)
 *crtbegin.o(.init)
 *(EXCLUDE_FILE(*crtn.o *crtend?.o *crtend.o) .init)
 *crtend.o(.init)
 *crtn.o(.init)
                0x9d000000                . = ALIGN (0x4)

.fini           0x9d000000        0x0
 *(.fini)
                0x9d000000                . = ALIGN (0x4)

.preinit_array  0x9d000000        0x0
                0x9d000000                PROVIDE (__preinit_array_start, .)
 *(.preinit_array)
                0x9d000000                PROVIDE (__preinit_array_end, .)
                0x9d000000                . = ALIGN (0x4)

.init_array     0x9d000000        0x0
                0x9d000000                PROVIDE (__init_array_start, .)
 *(SORT(.init_array.*))
 *(.init_array)
                0x9d000000                PROVIDE (__init_array_end, .)
                0x9d000000                . = ALIGN (0x4)

.fini_array     0x9d000000        0x0
                0x9d000000                PROVIDE (__fini_array_start, .)
 *(SORT(.fini_array.*))
 *(.fini_array)
                0x9d000000                PROVIDE (__fini_array_end, .)
                0x9d000000                . = ALIGN (0x4)

.ctors          0x9d000000        0x0
 *crtbegin.o(.ctors)
 *crtbegin?.o(.ctors)
 *(EXCLUDE_FILE(*crtend?.o *crtend.o) .ctors)
 *(SORT(.ctors.*))
 *(.ctors)
                0x9d000000                . = ALIGN (0x4)

.dtors          0x9d000000        0x0
 *crtbegin.o(.dtors)
 *crtbegin?.o(.dtors)
 *(EXCLUDE_FILE(*crtend?.o *crtend.o) .dtors)
 *(SORT(.dtors.*))
 *(.dtors)
                0x9d000000                . = ALIGN (0x4)

.rodata         0x9d000000        0x0
 *(.gnu.linkonce.r.*)
 *(.rodata1)
                0x9d000000                . = ALIGN (0x4)

.sdata2         0x9fc00490        0x0
 *(.sdata2 .sdata2.* .gnu.linkonce.s2.*)
                0x9fc00490                . = ALIGN (0x4)

.sbss2          0x9fc00490        0x0
 *(.sbss2 .sbss2.* .gnu.linkonce.sb2.*)
                0x9fc00490                . = ALIGN (0x4)

.eh_frame_hdr
 *(.eh_frame_hdr)
                0x9fc00490                . = ALIGN (0x4)

.eh_frame
 *(.eh_frame)
                0x9fc00490                . = ALIGN (0x4)

.gcc_except_table
 *(.gcc_except_table .gcc_except_table.*)
                0x9fc00490                . = ALIGN (0x4)

.dbg_data       0xa0000000        0x0
                0xa0000000                . = (. + DEFINED (_DEBUGGER)?0x200:0x0)

.jcr            0xa0000000        0x0
 *(.jcr)
                0xa0000000                . = ALIGN (0x4)

.eh_frame
 *(.eh_frame)
                0xa0000000                . = ALIGN (0x4)

.gcc_except_table
 *(.gcc_except_table .gcc_except_table.*)
                0xa0000000                . = ALIGN (0x4)

.persist        0xa0000000        0x0
                0xa0000000                _persist_begin = .
 *(.persist .persist.*)
 *(.pbss .pbss.*)
                0xa0000000                . = ALIGN (0x4)
                0xa0000000                _persist_end = .

.data           0xa0000000        0x0
 *(.gnu.linkonce.d.*)
 *(.data1)
                0xa0000000                . = ALIGN (0x4)
                0xa0000000                . = .
                0xa0007ff0                _gp = (ALIGN (0x10) + 0x7ff0)

.got            0xa0000000        0x0
 *(.got.plt)
 *(.got)
                0xa0000000                . = ALIGN (0x4)

.sdata          0xa0000000        0x0
                0xa0000000                _sdata_begin = .
 *(.sdata .sdata.* .gnu.linkonce.s.*)
                0xa0000000                . = ALIGN (0x4)
                0xa0000000                _sdata_end = .

.lit8
 *(.lit8)

.lit4
 *(.lit4)
                0xa0000000                . = ALIGN (0x4)
                0xa0000000                _data_end = .
                0xa0000000                _bss_begin = .

.sbss           0xa0000000       0x40
                0xa0000000                _sbss_begin = .
 *(.dynsbss)
 *(.sbss .sbss.* .gnu.linkonce.sb.*)
 .sbss          0xa0000000        0x1 build/default/production/_ext/2122810968/usb_device_hid.o
 *fill*         0xa0000001        0x3 
 .sbss          0xa0000004        0x4 build/default/production/_ext/1360937237/app.o
                0xa0000004                inc
 .sbss          0xa0000008        0xc build/default/production/_ext/1688732426/system_exceptions.o
 *(.scommon)
 .scommon       0xa0000014        0x2 build/default/production/_ext/2122810968/usb_device_hid.o
                0xa0000014                gUSBDeviceHidCommonDataObj
 *fill*         0xa0000016        0x2 
 .scommon       0xa0000018       0x16 build/default/production/_ext/1360937237/app.o
                0xa0000018                y2raw
                0xa000001c                mouseReportPrevious
                0xa0000020                yraw
                0xa0000024                xraw
                0xa0000028                mouseReport
                0xa000002c                x2raw
 *fill*         0xa000002e        0x2 
 .scommon       0xa0000030        0x8 build/default/production/_ext/340578644/sys_devcon.o
                0xa0000030                sysDevconObj
 .scommon       0xa0000038        0x8 build/default/production/_ext/1688732426/system_init.o
                0xa0000038                sysObj
                0xa0000040                _sbss_end = .
                0xa0000040                . = ALIGN (0x4)

.bss            0xa0000200      0x240
 *(.dynbss)
 *(COMMON)
 COMMON         0xa0000200       0x98 build/default/production/_ext/951802379/drv_usbfs.o
                0xa0000200                gDrvUSBGroup
 COMMON         0xa0000298       0x70 build/default/production/_ext/2122810968/usb_device_hid.o
                0xa0000298                gUsbDeviceHidInstance
                0xa00002c0                gUSBDeviceHIDIRP
 COMMON         0xa0000308       0x38 build/default/production/_ext/1360937237/app.o
                0xa0000308                r
                0xa0000318                appData
 *fill*         0xa0000340       0xc0 
 COMMON         0xa0000400       0x40 build/default/production/_ext/1688732426/system_init.o
                0xa0000400                endPointTable
                0xa0000440                . = ALIGN ((. != 0x0)?0x4:0x1)
                0xa0000440                . = ALIGN (0x4)
                0xa0000440                _end = .
                0xa0000440                _bss_end = .
                0x00008000                _bmxdudba_address = 0x8000
                0x00008000                _bmxdupba_address = 0x8000

/DISCARD/
 *(.pdr)
 *(.rel.dyn)
 *(.note.GNU-stack)
 *(.note.GNU-stack)
 *(.gnu_debuglink)
 *(.gnu.lto_*)
 *(.discard)

.gptab.sdata
 *(.gptab.data)
 *(.gptab.sdata)

.gptab.sbss
 *(.gptab.bss)
 *(.gptab.sbss)

.mdebug.abi32   0xa0000440        0x0
 *(.mdebug.abi32)
 .mdebug.abi32  0xa0000440        0x0 build/default/production/_ext/1873525429/sys_int_pic32.o
 .mdebug.abi32  0xa0000440        0x0 build/default/production/_ext/951802379/drv_usbfs.o
 .mdebug.abi32  0xa0000440        0x0 build/default/production/_ext/2122810968/usb_device.o
 .mdebug.abi32  0xa0000440        0x0 build/default/production/_ext/951802379/drv_usbfs_device.o
 .mdebug.abi32  0xa0000440        0x0 build/default/production/_ext/2122810968/usb_device_hid.o
 .mdebug.abi32  0xa0000440        0x0 build/default/production/_ext/1360937237/app.o
 .mdebug.abi32  0xa0000440        0x0 build/default/production/_ext/639803181/sys_clk_pic32mx.o
 .mdebug.abi32  0xa0000440        0x0 build/default/production/_ext/340578644/sys_devcon.o
 .mdebug.abi32  0xa0000440        0x0 build/default/production/_ext/340578644/sys_devcon_pic32mx.o
 .mdebug.abi32  0xa0000440        0x0 build/default/production/_ext/822048611/sys_ports_static.o
 .mdebug.abi32  0xa0000440        0x0 build/default/production/_ext/1688732426/system_init.o
 .mdebug.abi32  0xa0000440        0x0 build/default/production/_ext/1688732426/system_interrupt.o
 .mdebug.abi32  0xa0000440        0x0 build/default/production/_ext/1688732426/system_exceptions.o
 .mdebug.abi32  0xa0000440        0x0 build/default/production/_ext/1360937237/main.o
 .mdebug.abi32  0xa0000440        0x0 build/default/production/_ext/1688732426/system_tasks.o
 .mdebug.abi32  0xa0000440        0x0 build/default/production/_ext/1360937237/mouse.o
 .mdebug.abi32  0xa0000440        0x0 build/default/production/_ext/1360937237/imu.o
 .mdebug.abi32  0xa0000440        0x0 build/default/production/_ext/1360937237/i2c.o
 .mdebug.abi32  0xa0000440        0x0 build/default/production/_ext/1360937237/ST7735.o
 .mdebug.abi32  0xa0000440        0x0 /Applications/microchip/xc32/v2.05/bin/bin/../../lib/gcc/pic32mx/4.8.3/../../../../pic32mx/lib/libpic32.a(default-bootstrap-exception-handler.o)
 .mdebug.abi32  0xa0000440        0x0 /Applications/microchip/xc32/v2.05/bin/bin/../../lib/gcc/pic32mx/4.8.3/../../../../pic32mx/lib/libpic32.a(default-on-reset.o)
 .mdebug.abi32  0xa0000440        0x0 /Applications/microchip/xc32/v2.05/bin/bin/../../lib/gcc/pic32mx/4.8.3/../../../../pic32mx/lib/libpic32.a(default-on-bootstrap.o)
 .mdebug.abi32  0xa0000440        0x0 /Applications/microchip/xc32/v2.05/bin/bin/../../lib/gcc/pic32mx/4.8.3/../../../../pic32mx/lib/libpic32.a(defaultinterrupt.o)

.mdebug.abiN32
 *(.mdebug.abiN32)

.mdebug.abi64
 *(.mdebug.abi64)

.mdebug.abiO64
 *(.mdebug.abiO64)

.mdebug.eabi32
 *(.mdebug.eabi32)

.mdebug.eabi64
 *(.mdebug.eabi64)

.gcc_compiled_long32
 *(.gcc_compiled_long32)

.gcc_compiled_long64
 *(.gcc_compiled_long64)

.stab
 *(.stab)

.stabstr
 *(.stabstr)

.stab.excl
 *(.stab.excl)

.stab.exclstr
 *(.stab.exclstr)

.stab.index
 *(.stab.index)

.stab.indexstr
 *(.stab.indexstr)

.comment        0x00000000       0x54
 *(.comment)
 .comment       0x00000000       0x3c build/default/production/_ext/1873525429/sys_int_pic32.o
                                 0x3d (size before relaxing)
 .comment       0x00000000       0x3d build/default/production/_ext/951802379/drv_usbfs.o
 .comment       0x00000000       0x3d build/default/production/_ext/2122810968/usb_device.o
 .comment       0x00000000       0x3d build/default/production/_ext/951802379/drv_usbfs_device.o
 .comment       0x00000000       0x3d build/default/production/_ext/2122810968/usb_device_hid.o
 .comment       0x00000000       0x3d build/default/production/_ext/1360937237/app.o
 .comment       0x00000000       0x3d build/default/production/_ext/639803181/sys_clk_pic32mx.o
 .comment       0x00000000       0x3d build/default/production/_ext/340578644/sys_devcon.o
 .comment       0x00000000       0x3d build/default/production/_ext/340578644/sys_devcon_pic32mx.o
 .comment       0x00000000       0x3d build/default/production/_ext/822048611/sys_ports_static.o
 .comment       0x00000000       0x3d build/default/production/_ext/1688732426/system_init.o
 .comment       0x00000000       0x3d build/default/production/_ext/1688732426/system_interrupt.o
 .comment       0x00000000       0x3d build/default/production/_ext/1688732426/system_exceptions.o
 .comment       0x00000000       0x3d build/default/production/_ext/1360937237/main.o
 .comment       0x00000000       0x3d build/default/production/_ext/1688732426/system_tasks.o
 .comment       0x00000000       0x3d build/default/production/_ext/1360937237/mouse.o
 .comment       0x00000000       0x3d build/default/production/_ext/1360937237/imu.o
 .comment       0x00000000       0x3d build/default/production/_ext/1360937237/i2c.o
 .comment       0x00000000       0x3d build/default/production/_ext/1360937237/ST7735.o
 .comment       0x0000003c       0x18 /Applications/microchip/xc32/v2.05/bin/bin/../../lib/gcc/pic32mx/4.8.3/../../../../pic32mx/lib/libpic32.a(memcmp.o)
                                 0x19 (size before relaxing)
 .comment       0x00000000       0x3d /Applications/microchip/xc32/v2.05/bin/bin/../../lib/gcc/pic32mx/4.8.3/../../../../pic32mx/lib/libpic32.a(default-bootstrap-exception-handler.o)
 .comment       0x00000000       0x3d /Applications/microchip/xc32/v2.05/bin/bin/../../lib/gcc/pic32mx/4.8.3/../../../../pic32mx/lib/libpic32.a(default-on-reset.o)
 .comment       0x00000000       0x3d /Applications/microchip/xc32/v2.05/bin/bin/../../lib/gcc/pic32mx/4.8.3/../../../../pic32mx/lib/libpic32.a(default-on-bootstrap.o)
 .comment       0x00000000       0x3d /Applications/microchip/xc32/v2.05/bin/bin/../../lib/gcc/pic32mx/4.8.3/../../../../pic32mx/lib/libpic32.a(defaultinterrupt.o)

.debug
 *(.debug)

.line
 *(.line)

.debug_srcinfo
 *(.debug_srcinfo)

.debug_sfnames
 *(.debug_sfnames)

.debug_aranges  0x00000000      0x840
 *(.debug_aranges)
 .debug_aranges
                0x00000000       0x48 build/default/production/_ext/1873525429/sys_int_pic32.o
 .debug_aranges
                0x00000048       0x60 build/default/production/_ext/951802379/drv_usbfs.o
 .debug_aranges
                0x000000a8      0x1a0 build/default/production/_ext/2122810968/usb_device.o
 .debug_aranges
                0x00000248       0xc0 build/default/production/_ext/951802379/drv_usbfs_device.o
 .debug_aranges
                0x00000308       0x68 build/default/production/_ext/2122810968/usb_device_hid.o
 .debug_aranges
                0x00000370       0x38 build/default/production/_ext/1360937237/app.o
 .debug_aranges
                0x000003a8       0x50 build/default/production/_ext/639803181/sys_clk_pic32mx.o
 .debug_aranges
                0x000003f8       0x78 build/default/production/_ext/340578644/sys_devcon.o
 .debug_aranges
                0x00000470       0x20 build/default/production/_ext/340578644/sys_devcon_pic32mx.o
 .debug_aranges
                0x00000490      0x148 build/default/production/_ext/822048611/sys_ports_static.o
 .debug_aranges
                0x000005d8       0x20 build/default/production/_ext/1688732426/system_init.o
 .debug_aranges
                0x000005f8       0x20 build/default/production/_ext/1688732426/system_interrupt.o
 .debug_aranges
                0x00000618       0x20 build/default/production/_ext/1688732426/system_exceptions.o
 .debug_aranges
                0x00000638       0x20 build/default/production/_ext/1360937237/main.o
 .debug_aranges
                0x00000658       0x20 build/default/production/_ext/1688732426/system_tasks.o
 .debug_aranges
                0x00000678       0x20 build/default/production/_ext/1360937237/mouse.o
 .debug_aranges
                0x00000698       0x78 build/default/production/_ext/1360937237/imu.o
 .debug_aranges
                0x00000710       0x50 build/default/production/_ext/1360937237/i2c.o
 .debug_aranges
                0x00000760       0x60 build/default/production/_ext/1360937237/ST7735.o
 .debug_aranges
                0x000007c0       0x20 /Applications/microchip/xc32/v2.05/bin/bin/../../lib/gcc/pic32mx/4.8.3/../../../../pic32mx/lib/libpic32.a(default-bootstrap-exception-handler.o)
 .debug_aranges
                0x000007e0       0x20 /Applications/microchip/xc32/v2.05/bin/bin/../../lib/gcc/pic32mx/4.8.3/../../../../pic32mx/lib/libpic32.a(default-on-reset.o)
 .debug_aranges
                0x00000800       0x20 /Applications/microchip/xc32/v2.05/bin/bin/../../lib/gcc/pic32mx/4.8.3/../../../../pic32mx/lib/libpic32.a(default-on-bootstrap.o)
 .debug_aranges
                0x00000820       0x20 /Applications/microchip/xc32/v2.05/bin/bin/../../lib/gcc/pic32mx/4.8.3/../../../../pic32mx/lib/libpic32.a(defaultinterrupt.o)

.debug_pubnames
 *(.debug_pubnames)

.debug_info     0x00000000    0x29a5a
 *(.debug_info .gnu.linkonce.wi.*)
 .debug_info    0x00000000     0x112c build/default/production/_ext/1873525429/sys_int_pic32.o
 .debug_info    0x0000112c     0x49a1 build/default/production/_ext/951802379/drv_usbfs.o
 .debug_info    0x00005acd     0x5c7a build/default/production/_ext/2122810968/usb_device.o
 .debug_info    0x0000b747     0x7f18 build/default/production/_ext/951802379/drv_usbfs_device.o
 .debug_info    0x0001365f     0x32d8 build/default/production/_ext/2122810968/usb_device_hid.o
 .debug_info    0x00016937     0x22c2 build/default/production/_ext/1360937237/app.o
 .debug_info    0x00018bf9     0x18c9 build/default/production/_ext/639803181/sys_clk_pic32mx.o
 .debug_info    0x0001a4c2     0x164f build/default/production/_ext/340578644/sys_devcon.o
 .debug_info    0x0001bb11     0x1071 build/default/production/_ext/340578644/sys_devcon_pic32mx.o
 .debug_info    0x0001cb82     0x37a9 build/default/production/_ext/822048611/sys_ports_static.o
 .debug_info    0x0002032b     0x45ee build/default/production/_ext/1688732426/system_init.o
 .debug_info    0x00024919      0xc40 build/default/production/_ext/1688732426/system_interrupt.o
 .debug_info    0x00025559      0xc06 build/default/production/_ext/1688732426/system_exceptions.o
 .debug_info    0x0002615f      0x1aa build/default/production/_ext/1360937237/main.o
 .debug_info    0x00026309      0xc72 build/default/production/_ext/1688732426/system_tasks.o
 .debug_info    0x00026f7b      0x4a2 build/default/production/_ext/1360937237/mouse.o
 .debug_info    0x0002741d      0x81e build/default/production/_ext/1360937237/imu.o
 .debug_info    0x00027c3b      0x60b build/default/production/_ext/1360937237/i2c.o
 .debug_info    0x00028246     0x13e7 build/default/production/_ext/1360937237/ST7735.o
 .debug_info    0x0002962d      0x120 /Applications/microchip/xc32/v2.05/bin/bin/../../lib/gcc/pic32mx/4.8.3/../../../../pic32mx/lib/libpic32.a(default-bootstrap-exception-handler.o)
 .debug_info    0x0002974d       0xf9 /Applications/microchip/xc32/v2.05/bin/bin/../../lib/gcc/pic32mx/4.8.3/../../../../pic32mx/lib/libpic32.a(default-on-reset.o)
 .debug_info    0x00029846      0x101 /Applications/microchip/xc32/v2.05/bin/bin/../../lib/gcc/pic32mx/4.8.3/../../../../pic32mx/lib/libpic32.a(default-on-bootstrap.o)
 .debug_info    0x00029947      0x113 /Applications/microchip/xc32/v2.05/bin/bin/../../lib/gcc/pic32mx/4.8.3/../../../../pic32mx/lib/libpic32.a(defaultinterrupt.o)

.debug_abbrev   0x00000000     0x2c5c
 *(.debug_abbrev)
 .debug_abbrev  0x00000000      0x237 build/default/production/_ext/1873525429/sys_int_pic32.o
 .debug_abbrev  0x00000237      0x42b build/default/production/_ext/951802379/drv_usbfs.o
 .debug_abbrev  0x00000662      0x42f build/default/production/_ext/2122810968/usb_device.o
 .debug_abbrev  0x00000a91      0x4bc build/default/production/_ext/951802379/drv_usbfs_device.o
 .debug_abbrev  0x00000f4d      0x40f build/default/production/_ext/2122810968/usb_device_hid.o
 .debug_abbrev  0x0000135c      0x27d build/default/production/_ext/1360937237/app.o
 .debug_abbrev  0x000015d9      0x27d build/default/production/_ext/639803181/sys_clk_pic32mx.o
 .debug_abbrev  0x00001856      0x2a0 build/default/production/_ext/340578644/sys_devcon.o
 .debug_abbrev  0x00001af6      0x204 build/default/production/_ext/340578644/sys_devcon_pic32mx.o
 .debug_abbrev  0x00001cfa      0x29e build/default/production/_ext/822048611/sys_ports_static.o
 .debug_abbrev  0x00001f98      0x346 build/default/production/_ext/1688732426/system_init.o
 .debug_abbrev  0x000022de      0x12d build/default/production/_ext/1688732426/system_interrupt.o
 .debug_abbrev  0x0000240b       0xf3 build/default/production/_ext/1688732426/system_exceptions.o
 .debug_abbrev  0x000024fe       0x93 build/default/production/_ext/1360937237/main.o
 .debug_abbrev  0x00002591      0x140 build/default/production/_ext/1688732426/system_tasks.o
 .debug_abbrev  0x000026d1      0x122 build/default/production/_ext/1360937237/mouse.o
 .debug_abbrev  0x000027f3      0x157 build/default/production/_ext/1360937237/imu.o
 .debug_abbrev  0x0000294a      0x107 build/default/production/_ext/1360937237/i2c.o
 .debug_abbrev  0x00002a51      0x16b build/default/production/_ext/1360937237/ST7735.o
 .debug_abbrev  0x00002bbc       0x28 /Applications/microchip/xc32/v2.05/bin/bin/../../lib/gcc/pic32mx/4.8.3/../../../../pic32mx/lib/libpic32.a(default-bootstrap-exception-handler.o)
 .debug_abbrev  0x00002be4       0x28 /Applications/microchip/xc32/v2.05/bin/bin/../../lib/gcc/pic32mx/4.8.3/../../../../pic32mx/lib/libpic32.a(default-on-reset.o)
 .debug_abbrev  0x00002c0c       0x28 /Applications/microchip/xc32/v2.05/bin/bin/../../lib/gcc/pic32mx/4.8.3/../../../../pic32mx/lib/libpic32.a(default-on-bootstrap.o)
 .debug_abbrev  0x00002c34       0x28 /Applications/microchip/xc32/v2.05/bin/bin/../../lib/gcc/pic32mx/4.8.3/../../../../pic32mx/lib/libpic32.a(defaultinterrupt.o)

.debug_line     0x00000000     0x5dd3
 *(.debug_line)
 .debug_line    0x00000000      0x30f build/default/production/_ext/1873525429/sys_int_pic32.o
 .debug_line    0x0000030f      0x83a build/default/production/_ext/951802379/drv_usbfs.o
 .debug_line    0x00000b49      0xa60 build/default/production/_ext/2122810968/usb_device.o
 .debug_line    0x000015a9      0xe99 build/default/production/_ext/951802379/drv_usbfs_device.o
 .debug_line    0x00002442      0x5fb build/default/production/_ext/2122810968/usb_device_hid.o
 .debug_line    0x00002a3d      0x340 build/default/production/_ext/1360937237/app.o
 .debug_line    0x00002d7d      0x50c build/default/production/_ext/639803181/sys_clk_pic32mx.o
 .debug_line    0x00003289      0x6d1 build/default/production/_ext/340578644/sys_devcon.o
 .debug_line    0x0000395a      0x3dd build/default/production/_ext/340578644/sys_devcon_pic32mx.o
 .debug_line    0x00003d37      0x86f build/default/production/_ext/822048611/sys_ports_static.o
 .debug_line    0x000045a6      0x738 build/default/production/_ext/1688732426/system_init.o
 .debug_line    0x00004cde      0x242 build/default/production/_ext/1688732426/system_interrupt.o
 .debug_line    0x00004f20      0x176 build/default/production/_ext/1688732426/system_exceptions.o
 .debug_line    0x00005096       0xcc build/default/production/_ext/1360937237/main.o
 .debug_line    0x00005162      0x292 build/default/production/_ext/1688732426/system_tasks.o
 .debug_line    0x000053f4      0x119 build/default/production/_ext/1360937237/mouse.o
 .debug_line    0x0000550d      0x1bf build/default/production/_ext/1360937237/imu.o
 .debug_line    0x000056cc      0x180 build/default/production/_ext/1360937237/i2c.o
 .debug_line    0x0000584c      0x262 build/default/production/_ext/1360937237/ST7735.o
 .debug_line    0x00005aae       0xd2 /Applications/microchip/xc32/v2.05/bin/bin/../../lib/gcc/pic32mx/4.8.3/../../../../pic32mx/lib/libpic32.a(default-bootstrap-exception-handler.o)
 .debug_line    0x00005b80       0xbf /Applications/microchip/xc32/v2.05/bin/bin/../../lib/gcc/pic32mx/4.8.3/../../../../pic32mx/lib/libpic32.a(default-on-reset.o)
 .debug_line    0x00005c3f       0xc3 /Applications/microchip/xc32/v2.05/bin/bin/../../lib/gcc/pic32mx/4.8.3/../../../../pic32mx/lib/libpic32.a(default-on-bootstrap.o)
 .debug_line    0x00005d02       0xd1 /Applications/microchip/xc32/v2.05/bin/bin/../../lib/gcc/pic32mx/4.8.3/../../../../pic32mx/lib/libpic32.a(defaultinterrupt.o)

.debug_frame    0x00000000     0x11e8
 *(.debug_frame)
 .debug_frame   0x00000000       0x90 build/default/production/_ext/1873525429/sys_int_pic32.o
 .debug_frame   0x00000090       0xc8 build/default/production/_ext/951802379/drv_usbfs.o
 .debug_frame   0x00000158      0x4d8 build/default/production/_ext/2122810968/usb_device.o
 .debug_frame   0x00000630      0x1e0 build/default/production/_ext/951802379/drv_usbfs_device.o
 .debug_frame   0x00000810      0x100 build/default/production/_ext/2122810968/usb_device_hid.o
 .debug_frame   0x00000910       0x80 build/default/production/_ext/1360937237/app.o
 .debug_frame   0x00000990       0xa0 build/default/production/_ext/639803181/sys_clk_pic32mx.o
 .debug_frame   0x00000a30       0xe8 build/default/production/_ext/340578644/sys_devcon.o
 .debug_frame   0x00000b18       0x28 build/default/production/_ext/340578644/sys_devcon_pic32mx.o
 .debug_frame   0x00000b40      0x270 build/default/production/_ext/822048611/sys_ports_static.o
 .debug_frame   0x00000db0       0x28 build/default/production/_ext/1688732426/system_init.o
 .debug_frame   0x00000dd8       0x64 build/default/production/_ext/1688732426/system_interrupt.o
 .debug_frame   0x00000e3c       0x28 build/default/production/_ext/1688732426/system_exceptions.o
 .debug_frame   0x00000e64       0x28 build/default/production/_ext/1360937237/main.o
 .debug_frame   0x00000e8c       0x28 build/default/production/_ext/1688732426/system_tasks.o
 .debug_frame   0x00000eb4       0x20 build/default/production/_ext/1360937237/mouse.o
 .debug_frame   0x00000ed4      0x11c build/default/production/_ext/1360937237/imu.o
 .debug_frame   0x00000ff0       0x80 build/default/production/_ext/1360937237/i2c.o
 .debug_frame   0x00001070       0xec build/default/production/_ext/1360937237/ST7735.o
 .debug_frame   0x0000115c       0x2c /Applications/microchip/xc32/v2.05/bin/bin/../../lib/gcc/pic32mx/4.8.3/../../../../pic32mx/lib/libpic32.a(default-bootstrap-exception-handler.o)
 .debug_frame   0x00001188       0x20 /Applications/microchip/xc32/v2.05/bin/bin/../../lib/gcc/pic32mx/4.8.3/../../../../pic32mx/lib/libpic32.a(default-on-reset.o)
 .debug_frame   0x000011a8       0x20 /Applications/microchip/xc32/v2.05/bin/bin/../../lib/gcc/pic32mx/4.8.3/../../../../pic32mx/lib/libpic32.a(default-on-bootstrap.o)
 .debug_frame   0x000011c8       0x20 /Applications/microchip/xc32/v2.05/bin/bin/../../lib/gcc/pic32mx/4.8.3/../../../../pic32mx/lib/libpic32.a(defaultinterrupt.o)

.debug_str      0x00000000      0x81f
 *(.debug_str)
 .debug_str     0x00000000       0x1d build/default/production/_ext/1873525429/sys_int_pic32.o
 .debug_str     0x0000001d       0xa2 build/default/production/_ext/951802379/drv_usbfs.o
 .debug_str     0x000000bf      0x2d7 build/default/production/_ext/2122810968/usb_device.o
 .debug_str     0x00000396      0x173 build/default/production/_ext/951802379/drv_usbfs_device.o
 .debug_str     0x00000509       0xc7 build/default/production/_ext/2122810968/usb_device_hid.o
 .debug_str     0x000005d0       0x33 build/default/production/_ext/1360937237/app.o
 .debug_str     0x00000603       0x46 build/default/production/_ext/639803181/sys_clk_pic32mx.o
 .debug_str     0x00000649       0x16 build/default/production/_ext/340578644/sys_devcon.o
 .debug_str     0x0000065f        0x6 build/default/production/_ext/340578644/sys_devcon_pic32mx.o
 .debug_str     0x00000665       0x98 build/default/production/_ext/822048611/sys_ports_static.o
 .debug_str     0x000006fd      0x119 build/default/production/_ext/1688732426/system_init.o
 .debug_str     0x00000816        0x0 build/default/production/_ext/1688732426/system_interrupt.o
 .debug_str     0x00000816        0x0 build/default/production/_ext/1688732426/system_exceptions.o
 .debug_str     0x00000816        0x0 build/default/production/_ext/1360937237/main.o
 .debug_str     0x00000816        0x0 build/default/production/_ext/1688732426/system_tasks.o
 .debug_str     0x00000816        0x0 build/default/production/_ext/1360937237/mouse.o
 .debug_str     0x00000816        0x9 build/default/production/_ext/1360937237/imu.o
 .debug_str     0x0000081f        0x0 build/default/production/_ext/1360937237/i2c.o
 .debug_str     0x0000081f        0x0 build/default/production/_ext/1360937237/ST7735.o
 .debug_str     0x0000081f        0x0 /Applications/microchip/xc32/v2.05/bin/bin/../../lib/gcc/pic32mx/4.8.3/../../../../pic32mx/lib/libpic32.a(default-bootstrap-exception-handler.o)
 .debug_str     0x0000081f        0x0 /Applications/microchip/xc32/v2.05/bin/bin/../../lib/gcc/pic32mx/4.8.3/../../../../pic32mx/lib/libpic32.a(default-on-reset.o)
 .debug_str     0x0000081f        0x0 /Applications/microchip/xc32/v2.05/bin/bin/../../lib/gcc/pic32mx/4.8.3/../../../../pic32mx/lib/libpic32.a(default-on-bootstrap.o)
 .debug_str     0x0000081f        0x0 /Applications/microchip/xc32/v2.05/bin/bin/../../lib/gcc/pic32mx/4.8.3/../../../../pic32mx/lib/libpic32.a(defaultinterrupt.o)

.debug_loc      0x00000000     0x677e
 *(.debug_loc)
 .debug_loc     0x00000000       0x7c build/default/production/_ext/1873525429/sys_int_pic32.o
 .debug_loc     0x0000007c      0x4d6 build/default/production/_ext/951802379/drv_usbfs.o
 .debug_loc     0x00000552     0x1f0b build/default/production/_ext/2122810968/usb_device.o
 .debug_loc     0x0000245d     0x22ed build/default/production/_ext/951802379/drv_usbfs_device.o
 .debug_loc     0x0000474a      0xd4c build/default/production/_ext/2122810968/usb_device_hid.o
 .debug_loc     0x00005496      0x2a0 build/default/production/_ext/1360937237/app.o
 .debug_loc     0x00005736       0x49 build/default/production/_ext/639803181/sys_clk_pic32mx.o
 .debug_loc     0x0000577f       0xf0 build/default/production/_ext/340578644/sys_devcon.o
 .debug_loc     0x0000586f       0x91 build/default/production/_ext/340578644/sys_devcon_pic32mx.o
 .debug_loc     0x00005900      0x7ca build/default/production/_ext/822048611/sys_ports_static.o
 .debug_loc     0x000060ca       0x21 build/default/production/_ext/1688732426/system_init.o
 .debug_loc     0x000060eb       0x2c build/default/production/_ext/1360937237/mouse.o
 .debug_loc     0x00006117      0x24a build/default/production/_ext/1360937237/imu.o
 .debug_loc     0x00006361       0x21 build/default/production/_ext/1360937237/i2c.o
 .debug_loc     0x00006382      0x3d0 build/default/production/_ext/1360937237/ST7735.o
 .debug_loc     0x00006752       0x2c /Applications/microchip/xc32/v2.05/bin/bin/../../lib/gcc/pic32mx/4.8.3/../../../../pic32mx/lib/libpic32.a(default-bootstrap-exception-handler.o)

.debug_macinfo
 *(.debug_macinfo)

.debug_weaknames
 *(.debug_weaknames)

.debug_funcnames
 *(.debug_funcnames)

.debug_typenames
 *(.debug_typenames)

.debug_varnames
 *(.debug_varnames)

.debug_pubtypes
 *(.debug_pubtypes)

.debug_ranges   0x00000000      0x778
 *(.debug_ranges)
 .debug_ranges  0x00000000       0x50 build/default/production/_ext/1873525429/sys_int_pic32.o
 .debug_ranges  0x00000050       0x50 build/default/production/_ext/951802379/drv_usbfs.o
 .debug_ranges  0x000000a0      0x190 build/default/production/_ext/2122810968/usb_device.o
 .debug_ranges  0x00000230      0x140 build/default/production/_ext/951802379/drv_usbfs_device.o
 .debug_ranges  0x00000370       0x58 build/default/production/_ext/2122810968/usb_device_hid.o
 .debug_ranges  0x000003c8       0x28 build/default/production/_ext/1360937237/app.o
 .debug_ranges  0x000003f0       0x40 build/default/production/_ext/639803181/sys_clk_pic32mx.o
 .debug_ranges  0x00000430       0x68 build/default/production/_ext/340578644/sys_devcon.o
 .debug_ranges  0x00000498       0x10 build/default/production/_ext/340578644/sys_devcon_pic32mx.o
 .debug_ranges  0x000004a8      0x138 build/default/production/_ext/822048611/sys_ports_static.o
 .debug_ranges  0x000005e0       0x10 build/default/production/_ext/1688732426/system_init.o
 .debug_ranges  0x000005f0       0x10 build/default/production/_ext/1688732426/system_interrupt.o
 .debug_ranges  0x00000600       0x10 build/default/production/_ext/1688732426/system_exceptions.o
 .debug_ranges  0x00000610       0x10 build/default/production/_ext/1360937237/main.o
 .debug_ranges  0x00000620       0x10 build/default/production/_ext/1688732426/system_tasks.o
 .debug_ranges  0x00000630       0x10 build/default/production/_ext/1360937237/mouse.o
 .debug_ranges  0x00000640       0x68 build/default/production/_ext/1360937237/imu.o
 .debug_ranges  0x000006a8       0x40 build/default/production/_ext/1360937237/i2c.o
 .debug_ranges  0x000006e8       0x50 build/default/production/_ext/1360937237/ST7735.o
 .debug_ranges  0x00000738       0x10 /Applications/microchip/xc32/v2.05/bin/bin/../../lib/gcc/pic32mx/4.8.3/../../../../pic32mx/lib/libpic32.a(default-bootstrap-exception-handler.o)
 .debug_ranges  0x00000748       0x10 /Applications/microchip/xc32/v2.05/bin/bin/../../lib/gcc/pic32mx/4.8.3/../../../../pic32mx/lib/libpic32.a(default-on-reset.o)
 .debug_ranges  0x00000758       0x10 /Applications/microchip/xc32/v2.05/bin/bin/../../lib/gcc/pic32mx/4.8.3/../../../../pic32mx/lib/libpic32.a(default-on-bootstrap.o)
 .debug_ranges  0x00000768       0x10 /Applications/microchip/xc32/v2.05/bin/bin/../../lib/gcc/pic32mx/4.8.3/../../../../pic32mx/lib/libpic32.a(defaultinterrupt.o)

.gnu.attributes
                0x00000000       0x10
 *(.gnu.attributes)
 .gnu.attributes
                0x00000000       0x10 build/default/production/_ext/1873525429/sys_int_pic32.o
 .gnu.attributes
                0x00000010       0x10 build/default/production/_ext/951802379/drv_usbfs.o
 .gnu.attributes
                0x00000020       0x10 build/default/production/_ext/2122810968/usb_device.o
 .gnu.attributes
                0x00000030       0x10 build/default/production/_ext/951802379/drv_usbfs_device.o
 .gnu.attributes
                0x00000040       0x10 build/default/production/_ext/2122810968/usb_device_hid.o
 .gnu.attributes
                0x00000050       0x10 build/default/production/_ext/1360937237/app.o
 .gnu.attributes
                0x00000060       0x10 build/default/production/_ext/639803181/sys_clk_pic32mx.o
 .gnu.attributes
                0x00000070       0x10 build/default/production/_ext/340578644/sys_devcon.o
 .gnu.attributes
                0x00000080       0x10 build/default/production/_ext/340578644/sys_devcon_pic32mx.o
 .gnu.attributes
                0x00000090       0x10 build/default/production/_ext/822048611/sys_ports_static.o
 .gnu.attributes
                0x000000a0       0x10 build/default/production/_ext/1688732426/system_init.o
 .gnu.attributes
                0x000000b0       0x10 build/default/production/_ext/1688732426/system_interrupt.o
 .gnu.attributes
                0x000000c0       0x10 build/default/production/_ext/1688732426/system_exceptions.o
 .gnu.attributes
                0x000000d0       0x10 build/default/production/_ext/1360937237/main.o
 .gnu.attributes
                0x000000e0       0x10 build/default/production/_ext/1688732426/system_tasks.o
 .gnu.attributes
                0x000000f0       0x10 build/default/production/_ext/1360937237/mouse.o
 .gnu.attributes
                0x00000100       0x10 build/default/production/_ext/1360937237/imu.o
 .gnu.attributes
                0x00000110       0x10 build/default/production/_ext/1360937237/i2c.o
 .gnu.attributes
                0x00000120       0x10 build/default/production/_ext/1360937237/ST7735.o
 .gnu.attributes
                0x00000130       0x10 /Applications/microchip/xc32/v2.05/bin/bin/../../lib/gcc/pic32mx/4.8.3/../../../../pic32mx/lib/libpic32.a(default-bootstrap-exception-handler.o)
 .gnu.attributes
                0x00000140       0x10 /Applications/microchip/xc32/v2.05/bin/bin/../../lib/gcc/pic32mx/4.8.3/../../../../pic32mx/lib/libpic32.a(default-on-reset.o)
 .gnu.attributes
                0x00000150       0x10 /Applications/microchip/xc32/v2.05/bin/bin/../../lib/gcc/pic32mx/4.8.3/../../../../pic32mx/lib/libpic32.a(default-on-bootstrap.o)
 .gnu.attributes
                0x00000160       0x10 /Applications/microchip/xc32/v2.05/bin/bin/../../lib/gcc/pic32mx/4.8.3/../../../../pic32mx/lib/libpic32.a(defaultinterrupt.o)
LOAD /Applications/microchip/xc32/v2.05/bin/bin/../../lib/gcc/pic32mx/4.8.3/libgcc.a
START GROUP
LOAD /Applications/microchip/xc32/v2.05/bin/bin/../../lib/gcc/pic32mx/4.8.3/../../../../pic32mx/lib/libpic32.a
LOAD /Applications/microchip/xc32/v2.05/bin/bin/../../lib/gcc/pic32mx/4.8.3/../../../../pic32mx/lib/libdebug.a
LOAD /Applications/microchip/xc32/v2.05/bin/bin/../../lib/gcc/pic32mx/4.8.3/../../../../pic32mx/lib/libpic32.a
LOAD /Applications/microchip/xc32/v2.05/bin/bin/../../lib/gcc/pic32mx/4.8.3/../../../../pic32mx/lib/libc.a
LOAD /Applications/microchip/xc32/v2.05/bin/bin/../../lib/gcc/pic32mx/4.8.3/../../../../pic32mx/lib/libc.a
LOAD /Applications/microchip/xc32/v2.05/bin/bin/../../lib/gcc/pic32mx/4.8.3/../../../../pic32mx/lib/libm.a
LOAD /Applications/microchip/xc32/v2.05/bin/bin/../../lib/gcc/pic32mx/4.8.3/../../../../pic32mx/lib/libe.a
LOAD /Applications/microchip/xc32/v2.05/bin/bin/../../lib/gcc/pic32mx/4.8.3/../../../../pic32mx/lib/libdsp.a
LOAD /Applications/microchip/xc32/v2.05/bin/bin/../../lib/gcc/pic32mx/4.8.3/libgcc.a
LOAD /Applications/microchip/xc32/v2.05/bin/bin/../../lib/gcc/pic32mx/4.8.3/../../../../pic32mx/lib/libpic32.a
END GROUP
LOAD /Applications/microchip/xc32/v2.05/bin/bin/../../lib/gcc/pic32mx/4.8.3/libgcc.a
OUTPUT(dist/default/production/homework11.X.production.elf elf32-tradlittlemips)
LOAD stack
LOAD data_init

.reginfo        0x00000000       0x18
 .reginfo       0x00000000       0x18 /Applications/microchip/xc32/v2.05/bin/bin/../../lib/gcc/pic32mx/4.8.3/../../../../pic32mx/lib/./proc/32MX250F128B/crt0_mips32r2.o

.stack          0xa0000460      0x400
 .stack         0xa0000460      0x400 stack

.bss            0xa0000040       0xbc
 .bss           0xa0000040       0xbc build/default/production/_ext/2122810968/usb_device.o

.data           0xa00000fc       0x50
 .data          0xa00000fc       0x50 build/default/production/_ext/951802379/drv_usbfs_device.o
                0xa00000fc                gDrvUSBFSDeviceInterface

._debug_exception
                0xbfc00480       0x2c
 ._debug_exception
                0xbfc00480       0x2c /Applications/microchip/xc32/v2.05/bin/bin/../../lib/gcc/pic32mx/4.8.3/../../../../pic32mx/lib/debug-exception-return.o
                0xbfc00480                __DbgExecReturn

.text._DRV_USBFS_DEVICE_Tasks_ISR
                0x9d000000      0x664
 .text._DRV_USBFS_DEVICE_Tasks_ISR
                0x9d000000      0x664 build/default/production/_ext/951802379/drv_usbfs_device.o
                0x9d000000                _DRV_USBFS_DEVICE_Tasks_ISR

.text.LCD_init  0x9d000664      0x4e4
 .text.LCD_init
                0x9d000664      0x4e4 build/default/production/_ext/1360937237/ST7735.o
                0x9d000664                LCD_init

.text._USB_DEVICE_HID_ControlTransferHandler
                0x9d000b48      0x2fc
 .text._USB_DEVICE_HID_ControlTransferHandler
                0x9d000b48      0x2fc build/default/production/_ext/2122810968/usb_device_hid.o
                0x9d000b48                _USB_DEVICE_HID_ControlTransferHandler

.text.APP_Tasks
                0x9d000e44      0x284
 .text.APP_Tasks
                0x9d000e44      0x284 build/default/production/_ext/1360937237/app.o
                0x9d000e44                APP_Tasks

.text.fpsubadd  0x9d0010c8      0x278
 .text.fpsubadd
                0x9d0010c8      0x278 /Applications/microchip/xc32/v2.05/bin/bin/../../lib/gcc/pic32mx/4.8.3/../../../../pic32mx/lib/libm.a(fp32subadd.o)
                0x9d0010c8                __subsf3
                0x9d0010c8                fpsub
                0x9d0010d0                fpadd
                0x9d0010d0                __addsf3

.text.DRV_USBFS_DEVICE_IRPSubmit
                0x9d001340      0x22c
 .text.DRV_USBFS_DEVICE_IRPSubmit
                0x9d001340      0x22c build/default/production/_ext/951802379/drv_usbfs_device.o
                0x9d001340                DRV_USBFS_DEVICE_IRPSubmit

.text._USB_DEVICE_EventHandler
                0x9d00156c      0x218
 .text._USB_DEVICE_EventHandler
                0x9d00156c      0x218 build/default/production/_ext/2122810968/usb_device.o
                0x9d00156c                _USB_DEVICE_EventHandler

.text._USB_DEVICE_ProcessStandardDeviceSetRequests
                0x9d001784      0x214
 .text._USB_DEVICE_ProcessStandardDeviceSetRequests
                0x9d001784      0x214 build/default/production/_ext/2122810968/usb_device.o
                0x9d001784                _USB_DEVICE_ProcessStandardDeviceSetRequests

.text._USB_DEVICE_ProcessStandardDeviceGetRequests
                0x9d001998      0x20c
 .text._USB_DEVICE_ProcessStandardDeviceGetRequests
                0x9d001998      0x20c build/default/production/_ext/2122810968/usb_device.o
                0x9d001998                _USB_DEVICE_ProcessStandardDeviceGetRequests

.text._USB_DEVICE_ControlTransferHandler
                0x9d001ba4      0x1fc
 .text._USB_DEVICE_ControlTransferHandler
                0x9d001ba4      0x1fc build/default/production/_ext/2122810968/usb_device.o
                0x9d001ba4                _USB_DEVICE_ControlTransferHandler

.text.DRV_USBFS_DEVICE_EndpointStallClear
                0x9d001da0      0x1c8
 .text.DRV_USBFS_DEVICE_EndpointStallClear
                0x9d001da0      0x1c8 build/default/production/_ext/951802379/drv_usbfs_device.o
                0x9d001da0                DRV_USBFS_DEVICE_EndpointStallClear

.text.fp32mul   0x9d001f68      0x1bc
 .text.fp32mul  0x9d001f68      0x1bc /Applications/microchip/xc32/v2.05/bin/bin/../../lib/gcc/pic32mx/4.8.3/../../../../pic32mx/lib/libm.a(fp32mul.o)
                0x9d001f68                __mulsf3
                0x9d001f68                fpmul

.text.DRV_USBFS_DEVICE_EndpointStall
                0x9d002124      0x1b8
 .text.DRV_USBFS_DEVICE_EndpointStall
                0x9d002124      0x1b8 build/default/production/_ext/951802379/drv_usbfs_device.o
                0x9d002124                DRV_USBFS_DEVICE_EndpointStall

.text.DRV_USBFS_DEVICE_EndpointEnable
                0x9d0022dc      0x198
 .text.DRV_USBFS_DEVICE_EndpointEnable
                0x9d0022dc      0x198 build/default/production/_ext/951802379/drv_usbfs_device.o
                0x9d0022dc                DRV_USBFS_DEVICE_EndpointEnable

.rodata         0x9d002474      0x18c
 .rodata        0x9d002474      0x18c build/default/production/_ext/1688732426/system_init.o
                0x9d002474                usbDevInitData
                0x9d0024a8                usbMasterDescriptor
                0x9d0024d4                stringDescriptors
                0x9d0024e0                sd002
                0x9d002500                sd001
                0x9d002534                sd000
                0x9d002538                fullSpeedConfigDescSet
                0x9d00253c                fullSpeedConfigurationDescriptor
                0x9d002568                deviceDescriptor
                0x9d00257c                funcRegistrationTable
                0x9d002590                hidInit0
                0x9d0025a0                hid_rpt0
                0x9d0025d4                drvUSBFSInit

.text._USB_DEVICE_Ep0ReceiveCompleteCallback
                0x9d002600      0x184
 .text._USB_DEVICE_Ep0ReceiveCompleteCallback
                0x9d002600      0x184 build/default/production/_ext/2122810968/usb_device.o
                0x9d002600                _USB_DEVICE_Ep0ReceiveCompleteCallback

.text.USB_DEVICE_Tasks
                0x9d002784      0x170
 .text.USB_DEVICE_Tasks
                0x9d002784      0x170 build/default/production/_ext/2122810968/usb_device.o
                0x9d002784                USB_DEVICE_Tasks

.text.USB_DEVICE_HID_ReportSend
                0x9d0028f4      0x170
 .text.USB_DEVICE_HID_ReportSend
                0x9d0028f4      0x170 build/default/production/_ext/2122810968/usb_device_hid.o
                0x9d0028f4                USB_DEVICE_HID_ReportSend

.text           0x9d002a64      0x168
 .text          0x9d002a64      0x168 /Applications/microchip/xc32/v2.05/bin/bin/../../lib/gcc/pic32mx/4.8.3/../../../../pic32mx/lib/libpic32.a(memcpy.o)
                0x9d002a64                memcpy

.text.USB_DEVICE_Initialize
                0x9d002bcc      0x15c
 .text.USB_DEVICE_Initialize
                0x9d002bcc      0x15c build/default/production/_ext/2122810968/usb_device.o
                0x9d002bcc                USB_DEVICE_Initialize

.text.DRV_USBFS_DEVICE_IRPCancelAll
                0x9d002d28      0x158
 .text.DRV_USBFS_DEVICE_IRPCancelAll
                0x9d002d28      0x158 build/default/production/_ext/951802379/drv_usbfs_device.o
                0x9d002d28                DRV_USBFS_DEVICE_IRPCancelAll

.text.DRV_USBFS_DEVICE_EndpointDisable
                0x9d002e80      0x140
 .text.DRV_USBFS_DEVICE_EndpointDisable
                0x9d002e80      0x140 build/default/production/_ext/951802379/drv_usbfs_device.o
                0x9d002e80                DRV_USBFS_DEVICE_EndpointDisable

.text._USB_DEVICE_HID_InitializeByDescriptorType
                0x9d002fc0      0x140
 .text._USB_DEVICE_HID_InitializeByDescriptorType
                0x9d002fc0      0x140 build/default/production/_ext/2122810968/usb_device_hid.o
                0x9d002fc0                _USB_DEVICE_HID_InitializeByDescriptorType

.text.DRV_USBFS_Initialize
                0x9d003100      0x13c
 .text.DRV_USBFS_Initialize
                0x9d003100      0x13c build/default/production/_ext/951802379/drv_usbfs.o
                0x9d003100                DRV_USBFS_Initialize

.text.DRV_USBFS_DEVICE_IRPCancel
                0x9d00323c      0x130
 .text.DRV_USBFS_DEVICE_IRPCancel
                0x9d00323c      0x130 build/default/production/_ext/951802379/drv_usbfs_device.o
                0x9d00323c                DRV_USBFS_DEVICE_IRPCancel

.text._IntHandlerUSBInstance0
                0x9d00336c      0x130
 .text._IntHandlerUSBInstance0
                0x9d00336c      0x130 build/default/production/_ext/1688732426/system_interrupt.o
                0x9d00336c                _IntHandlerUSBInstance0

.rodata         0x9d00349c      0x128
 .rodata        0x9d00349c      0x128 build/default/production/_ext/1688732426/system_exceptions.o

.text._USB_DEVICE_ConfigureDevice
                0x9d0035c4      0x100
 .text._USB_DEVICE_ConfigureDevice
                0x9d0035c4      0x100 build/default/production/_ext/2122810968/usb_device.o
                0x9d0035c4                _USB_DEVICE_ConfigureDevice

.text._USB_DEVICE_ProcessStandardEndpointRequest
                0x9d0036c4      0x100
 .text._USB_DEVICE_ProcessStandardEndpointRequest
                0x9d0036c4      0x100 build/default/production/_ext/2122810968/usb_device.o
                0x9d0036c4                _USB_DEVICE_ProcessStandardEndpointRequest

.text.APP_USBDeviceEventHandler
                0x9d0037c4       0xf8
 .text.APP_USBDeviceEventHandler
                0x9d0037c4       0xf8 build/default/production/_ext/1360937237/app.o
                0x9d0037c4                APP_USBDeviceEventHandler

.text.general_exception
                0x9d0038bc       0xdc
 .text.general_exception
                0x9d0038bc       0xdc /Applications/microchip/xc32/v2.05/bin/bin/../../lib/gcc/pic32mx/4.8.3/../../../../pic32mx/lib/libpic32.a(general-exception.o)
                0x9d0038bc                _general_exception_context

.text._DRV_USBFS_DEVICE_EndpointBDTEntryArm
                0x9d003998       0xd8
 .text._DRV_USBFS_DEVICE_EndpointBDTEntryArm
                0x9d003998       0xd8 build/default/production/_ext/951802379/drv_usbfs_device.o
                0x9d003998                _DRV_USBFS_DEVICE_EndpointBDTEntryArm

.text._USB_DEVICE_GetStringDescriptorRequestProcess
                0x9d003a70       0xd4
 .text._USB_DEVICE_GetStringDescriptorRequestProcess
                0x9d003a70       0xd4 build/default/production/_ext/2122810968/usb_device.o
                0x9d003a70                _USB_DEVICE_GetStringDescriptorRequestProcess

.text.APP_USBDeviceHIDEventHandler
                0x9d003b44       0xd0
 .text.APP_USBDeviceHIDEventHandler
                0x9d003b44       0xd0 build/default/production/_ext/1360937237/app.o
                0x9d003b44                APP_USBDeviceHIDEventHandler

.text.SPI1_init
                0x9d003c14       0xcc
 .text.SPI1_init
                0x9d003c14       0xcc build/default/production/_ext/1360937237/ST7735.o
                0x9d003c14                SPI1_init

.text._USB_DEVICE_Ep0TransmitCompleteCallback
                0x9d003ce0       0xc0
 .text._USB_DEVICE_Ep0TransmitCompleteCallback
                0x9d003ce0       0xc0 build/default/production/_ext/2122810968/usb_device.o
                0x9d003ce0                _USB_DEVICE_Ep0TransmitCompleteCallback

.text.SYS_Initialize
                0x9d003da0       0xc0
 .text.SYS_Initialize
                0x9d003da0       0xc0 build/default/production/_ext/1688732426/system_init.o
                0x9d003da0                SYS_Initialize

.dinit          0x9d003e60       0xc0
 .dinit         0x9d003e60       0xc0 data_init

.text._USB_DEVICE_HID_ReportSendCallBack
                0x9d003f20       0xb0
 .text._USB_DEVICE_HID_ReportSendCallBack
                0x9d003f20       0xb0 build/default/production/_ext/2122810968/usb_device_hid.o
                0x9d003f20                _USB_DEVICE_HID_ReportSendCallBack

.text._USB_DEVICE_DeInitializeAllFunctionDrivers
                0x9d003fd0       0xa8
 .text._USB_DEVICE_DeInitializeAllFunctionDrivers
                0x9d003fd0       0xa8 build/default/production/_ext/2122810968/usb_device.o
                0x9d003fd0                _USB_DEVICE_DeInitializeAllFunctionDrivers

.text.APP_Initialize
                0x9d004078       0xa4
 .text.APP_Initialize
                0x9d004078       0xa4 build/default/production/_ext/1360937237/app.o
                0x9d004078                APP_Initialize

.text.I2Cmultipleread
                0x9d00411c       0xa0
 .text.I2Cmultipleread
                0x9d00411c       0xa0 build/default/production/_ext/1360937237/imu.o
                0x9d00411c                I2Cmultipleread

.text._USB_DEVICE_ForwardControlXfrToFunction
                0x9d0041bc       0x9c
 .text._USB_DEVICE_ForwardControlXfrToFunction
                0x9d0041bc       0x9c build/default/production/_ext/2122810968/usb_device.o
                0x9d0041bc                _USB_DEVICE_ForwardControlXfrToFunction

.text           0x9d004258       0x98
 .text          0x9d004258       0x98 /Applications/microchip/xc32/v2.05/bin/bin/../../lib/gcc/pic32mx/4.8.3/../../../../pic32mx/lib/libpic32.a(memcmp.o)
                0x9d004258                memcmp

.text.imu_init  0x9d0042f0       0x94
 .text.imu_init
                0x9d0042f0       0x94 build/default/production/_ext/1360937237/imu.o
                0x9d0042f0                imu_init

.text._USB_DEVICE_HID_DeInitialize
                0x9d004384       0x88
 .text._USB_DEVICE_HID_DeInitialize
                0x9d004384       0x88 build/default/production/_ext/2122810968/usb_device_hid.o
                0x9d004384                _USB_DEVICE_HID_DeInitialize

.text._USB_DEVICE_GetFunctionDriverEntryByInterface
                0x9d00440c       0x84
 .text._USB_DEVICE_GetFunctionDriverEntryByInterface
                0x9d00440c       0x84 build/default/production/_ext/2122810968/usb_device.o
                0x9d00440c                _USB_DEVICE_GetFunctionDriverEntryByInterface

.text._USB_DEVICE_FindEndpoint
                0x9d004490       0x84
 .text._USB_DEVICE_FindEndpoint
                0x9d004490       0x84 build/default/production/_ext/2122810968/usb_device.o
                0x9d004490                _USB_DEVICE_FindEndpoint

.text.USB_DEVICE_ControlSend
                0x9d004514       0x84
 .text.USB_DEVICE_ControlSend
                0x9d004514       0x84 build/default/production/_ext/2122810968/usb_device.o
                0x9d004514                USB_DEVICE_ControlSend

.text.DRV_USBFS_Tasks_ISR
                0x9d004598       0x80
 .text.DRV_USBFS_Tasks_ISR
                0x9d004598       0x80 build/default/production/_ext/951802379/drv_usbfs.o
                0x9d004598                DRV_USBFS_Tasks_ISR

.text.fptoli    0x9d004618       0x80
 .text.fptoli   0x9d004618       0x80 /Applications/microchip/xc32/v2.05/bin/bin/../../lib/gcc/pic32mx/4.8.3/../../../../pic32mx/lib/libm.a(fptoli.o)
                0x9d004618                __fixsfsi
                0x9d004618                fptoli
                0x9d004618                fptosi

.text.USB_DEVICE_ControlStatus
                0x9d004698       0x7c
 .text.USB_DEVICE_ControlStatus
                0x9d004698       0x7c build/default/production/_ext/2122810968/usb_device.o
                0x9d004698                USB_DEVICE_ControlStatus

.text.LCD_setAddr
                0x9d004714       0x7c
 .text.LCD_setAddr
                0x9d004714       0x7c build/default/production/_ext/1360937237/ST7735.o
                0x9d004714                LCD_setAddr

.text.DRV_USBFS_DEVICE_Attach
                0x9d004790       0x70
 .text.DRV_USBFS_DEVICE_Attach
                0x9d004790       0x70 build/default/production/_ext/951802379/drv_usbfs_device.o
                0x9d004790                DRV_USBFS_DEVICE_Attach

.text.DRV_USBFS_ClientEventCallBackSet
                0x9d004800       0x6c
 .text.DRV_USBFS_ClientEventCallBackSet
                0x9d004800       0x6c build/default/production/_ext/951802379/drv_usbfs.o
                0x9d004800                DRV_USBFS_ClientEventCallBackSet

.text.LCD_data16
                0x9d00486c       0x6c
 .text.LCD_data16
                0x9d00486c       0x6c build/default/production/_ext/1360937237/ST7735.o
                0x9d00486c                LCD_data16

.text._DRV_USBFS_DEVICE_IRPQueueFlush
                0x9d0048d8       0x68
 .text._DRV_USBFS_DEVICE_IRPQueueFlush
                0x9d0048d8       0x68 build/default/production/_ext/951802379/drv_usbfs_device.o
                0x9d0048d8                _DRV_USBFS_DEVICE_IRPQueueFlush

.text.sitofp    0x9d004940       0x60
 .text.sitofp   0x9d004940       0x60 /Applications/microchip/xc32/v2.05/bin/bin/../../lib/gcc/pic32mx/4.8.3/../../../../pic32mx/lib/libm.a(sitofp.o)
                0x9d004940                sitofp
                0x9d004940                __floatsisf
                0x9d004940                litofp

.text.USB_DEVICE_EndpointEnable
                0x9d0049a0       0x5c
 .text.USB_DEVICE_EndpointEnable
                0x9d0049a0       0x5c build/default/production/_ext/2122810968/usb_device.o
                0x9d0049a0                USB_DEVICE_EndpointEnable

.text.USB_DEVICE_EventHandlerSet
                0x9d0049fc       0x58
 .text.USB_DEVICE_EventHandlerSet
                0x9d0049fc       0x58 build/default/production/_ext/2122810968/usb_device.o
                0x9d0049fc                USB_DEVICE_EventHandlerSet

.text.USB_DEVICE_IRPSubmit
                0x9d004a54       0x58
 .text.USB_DEVICE_IRPSubmit
                0x9d004a54       0x58 build/default/production/_ext/2122810968/usb_device.o
                0x9d004a54                USB_DEVICE_IRPSubmit

.text.SYS_CLK_Initialize
                0x9d004aac       0x58
 .text.SYS_CLK_Initialize
                0x9d004aac       0x58 build/default/production/_ext/639803181/sys_clk_pic32mx.o
                0x9d004aac                SYS_CLK_Initialize

.text.SYS_DEVCON_SystemUnlock
                0x9d004b04       0x58
 .text.SYS_DEVCON_SystemUnlock
                0x9d004b04       0x58 build/default/production/_ext/340578644/sys_devcon.o
                0x9d004b04                SYS_DEVCON_SystemUnlock

.text.SYS_DEVCON_PerformanceConfig
                0x9d004b5c       0x58
 .text.SYS_DEVCON_PerformanceConfig
                0x9d004b5c       0x58 build/default/production/_ext/340578644/sys_devcon_pic32mx.o
                0x9d004b5c                SYS_DEVCON_PerformanceConfig

.text.LCD_data  0x9d004bb4       0x58
 .text.LCD_data
                0x9d004bb4       0x58 build/default/production/_ext/1360937237/ST7735.o
                0x9d004bb4                LCD_data

.text.main_entry
                0x9d004c0c       0x54
 .text.main_entry
                0x9d004c0c       0x54 /Applications/microchip/xc32/v2.05/bin/bin/../../lib/gcc/pic32mx/4.8.3/../../../../pic32mx/lib/./proc/32MX250F128B/crt0_mips32r2.o
                0x9d004c40                __crt0_exit

.text.SYS_INT_SourceDisable
                0x9d004c60       0x54
 .text.SYS_INT_SourceDisable
                0x9d004c60       0x54 build/default/production/_ext/1873525429/sys_int_pic32.o
                0x9d004c60                SYS_INT_SourceDisable

.text.USB_DEVICE_Detach
                0x9d004cb4       0x50
 .text.USB_DEVICE_Detach
                0x9d004cb4       0x50 build/default/production/_ext/2122810968/usb_device.o
                0x9d004cb4                USB_DEVICE_Detach

.text.LCD_command
                0x9d004d04       0x50
 .text.LCD_command
                0x9d004d04       0x50 build/default/production/_ext/1360937237/ST7735.o
                0x9d004d04                LCD_command

.text.LCD_clearScreen
                0x9d004d54       0x50
 .text.LCD_clearScreen
                0x9d004d54       0x50 build/default/production/_ext/1360937237/ST7735.o
                0x9d004d54                LCD_clearScreen

.text.USB_DEVICE_Open
                0x9d004da4       0x4c
 .text.USB_DEVICE_Open
                0x9d004da4       0x4c build/default/production/_ext/2122810968/usb_device.o
                0x9d004da4                USB_DEVICE_Open

.text._USB_DEVICE_RedirectControlXfrToClient
                0x9d004df0       0x4c
 .text._USB_DEVICE_RedirectControlXfrToClient
                0x9d004df0       0x4c build/default/production/_ext/2122810968/usb_device.o
                0x9d004df0                _USB_DEVICE_RedirectControlXfrToClient

.text.DRV_USBFS_DEVICE_Detach
                0x9d004e3c       0x4c
 .text.DRV_USBFS_DEVICE_Detach
                0x9d004e3c       0x4c build/default/production/_ext/951802379/drv_usbfs_device.o
                0x9d004e3c                DRV_USBFS_DEVICE_Detach

.text.DRV_USBFS_DEVICE_EndpointIsEnabled
                0x9d004e88       0x4c
 .text.DRV_USBFS_DEVICE_EndpointIsEnabled
                0x9d004e88       0x4c build/default/production/_ext/951802379/drv_usbfs_device.o
                0x9d004e88                DRV_USBFS_DEVICE_EndpointIsEnabled

.text.DRV_USBFS_DEVICE_EndpointIsStalled
                0x9d004ed4       0x4c
 .text.DRV_USBFS_DEVICE_EndpointIsStalled
                0x9d004ed4       0x4c build/default/production/_ext/951802379/drv_usbfs_device.o
                0x9d004ed4                DRV_USBFS_DEVICE_EndpointIsStalled

.text.USB_DEVICE_HID_EventHandlerSet
                0x9d004f20       0x4c
 .text.USB_DEVICE_HID_EventHandlerSet
                0x9d004f20       0x4c build/default/production/_ext/2122810968/usb_device_hid.o
                0x9d004f20                USB_DEVICE_HID_EventHandlerSet

.text.USB_DEVICE_Attach
                0x9d004f6c       0x48
 .text.USB_DEVICE_Attach
                0x9d004f6c       0x48 build/default/production/_ext/2122810968/usb_device.o
                0x9d004f6c                USB_DEVICE_Attach

.text.USB_DEVICE_EndpointDisable
                0x9d004fb4       0x48
 .text.USB_DEVICE_EndpointDisable
                0x9d004fb4       0x48 build/default/production/_ext/2122810968/usb_device.o
                0x9d004fb4                USB_DEVICE_EndpointDisable

.text.USB_DEVICE_IRPCancelAll
                0x9d004ffc       0x48
 .text.USB_DEVICE_IRPCancelAll
                0x9d004ffc       0x48 build/default/production/_ext/2122810968/usb_device.o
                0x9d004ffc                USB_DEVICE_IRPCancelAll

.text.SYS_DEVCON_SystemLock
                0x9d005044       0x48
 .text.SYS_DEVCON_SystemLock
                0x9d005044       0x48 build/default/production/_ext/340578644/sys_devcon.o
                0x9d005044                SYS_DEVCON_SystemLock

.text._bootstrap_exception_handler
                0x9d00508c       0x48
 .text._bootstrap_exception_handler
                0x9d00508c       0x48 /Applications/microchip/xc32/v2.05/bin/bin/../../lib/gcc/pic32mx/4.8.3/../../../../pic32mx/lib/libpic32.a(default-bootstrap-exception-handler.o)
                0x9d00508c                _bootstrap_exception_handler

.vector_default
                0x9d0050d4       0x48
 .vector_default
                0x9d0050d4       0x48 /Applications/microchip/xc32/v2.05/bin/bin/../../lib/gcc/pic32mx/4.8.3/../../../../pic32mx/lib/libpic32.a(defaultinterrupt.o)
                0x9d0050d4                _DefaultInterrupt

.text.DRV_USBFS_Open
                0x9d00511c       0x44
 .text.DRV_USBFS_Open
                0x9d00511c       0x44 build/default/production/_ext/951802379/drv_usbfs.o
                0x9d00511c                DRV_USBFS_Open

.text           0x9d005160       0x44
 .text          0x9d005160       0x44 /Applications/microchip/xc32/v2.05/bin/bin/../../lib/gcc/pic32mx/4.8.3/../../../../pic32mx/lib/pic32_software_reset.o
                0x9d005160                __pic32_software_reset

.text._general_exception_handler
                0x9d0051a4       0x40
 .text._general_exception_handler
                0x9d0051a4       0x40 build/default/production/_ext/1688732426/system_exceptions.o
                0x9d0051a4                _general_exception_handler

.text.i2c_master_ack
                0x9d0051e4       0x3c
 .text.i2c_master_ack
                0x9d0051e4       0x3c build/default/production/_ext/1360937237/i2c.o
                0x9d0051e4                i2c_master_ack

.text.DRV_USBFS_DEVICE_SOFNumberGet
                0x9d005220       0x34
 .text.DRV_USBFS_DEVICE_SOFNumberGet
                0x9d005220       0x34 build/default/production/_ext/951802379/drv_usbfs_device.o
                0x9d005220                DRV_USBFS_DEVICE_SOFNumberGet

.text.i2c_master_recv
                0x9d005254       0x34
 .text.i2c_master_recv
                0x9d005254       0x34 build/default/production/_ext/1360937237/i2c.o
                0x9d005254                i2c_master_recv

.text.i2c_master_start
                0x9d005288       0x30
 .text.i2c_master_start
                0x9d005288       0x30 build/default/production/_ext/1360937237/i2c.o
                0x9d005288                i2c_master_start

.text.i2c_master_restart
                0x9d0052b8       0x30
 .text.i2c_master_restart
                0x9d0052b8       0x30 build/default/production/_ext/1360937237/i2c.o
                0x9d0052b8                i2c_master_restart

.text.i2c_master_stop
                0x9d0052e8       0x30
 .text.i2c_master_stop
                0x9d0052e8       0x30 build/default/production/_ext/1360937237/i2c.o
                0x9d0052e8                i2c_master_stop

.text.DRV_USBFS_Close
                0x9d005318       0x2c
 .text.DRV_USBFS_Close
                0x9d005318       0x2c build/default/production/_ext/951802379/drv_usbfs.o
                0x9d005318                DRV_USBFS_Close

.text._DRV_USBFS_DEVICE_Initialize
                0x9d005344       0x2c
 .text._DRV_USBFS_DEVICE_Initialize
                0x9d005344       0x2c build/default/production/_ext/951802379/drv_usbfs_device.o
                0x9d005344                _DRV_USBFS_DEVICE_Initialize

.text.SYS_Tasks
                0x9d005370       0x2c
 .text.SYS_Tasks
                0x9d005370       0x2c build/default/production/_ext/1688732426/system_tasks.o
                0x9d005370                SYS_Tasks

.text._USB_DEVICE_ClientHandleValidate
                0x9d00539c       0x28
 .text._USB_DEVICE_ClientHandleValidate
                0x9d00539c       0x28 build/default/production/_ext/2122810968/usb_device.o
                0x9d00539c                _USB_DEVICE_ClientHandleValidate

.text.DRV_USBFS_DEVICE_AddressSet
                0x9d0053c4       0x28
 .text.DRV_USBFS_DEVICE_AddressSet
                0x9d0053c4       0x28 build/default/production/_ext/951802379/drv_usbfs_device.o
                0x9d0053c4                DRV_USBFS_DEVICE_AddressSet

.text.DRV_USBFS_DEVICE_RemoteWakeupStart
                0x9d0053ec       0x28
 .text.DRV_USBFS_DEVICE_RemoteWakeupStart
                0x9d0053ec       0x28 build/default/production/_ext/951802379/drv_usbfs_device.o
                0x9d0053ec                DRV_USBFS_DEVICE_RemoteWakeupStart

.text.DRV_USBFS_DEVICE_RemoteWakeupStop
                0x9d005414       0x28
 .text.DRV_USBFS_DEVICE_RemoteWakeupStop
                0x9d005414       0x28 build/default/production/_ext/951802379/drv_usbfs_device.o
                0x9d005414                DRV_USBFS_DEVICE_RemoteWakeupStop

.text.i2c_master_setup
                0x9d00543c       0x28
 .text.i2c_master_setup
                0x9d00543c       0x28 build/default/production/_ext/1360937237/i2c.o
                0x9d00543c                i2c_master_setup

.text.i2c_master_send
                0x9d005464       0x28
 .text.i2c_master_send
                0x9d005464       0x28 build/default/production/_ext/1360937237/i2c.o
                0x9d005464                i2c_master_send

.text.spi_io    0x9d00548c       0x28
 .text.spi_io   0x9d00548c       0x28 build/default/production/_ext/1360937237/ST7735.o
                0x9d00548c                spi_io

.text.MOUSE_ReportCreate
                0x9d0054b4       0x24
 .text.MOUSE_ReportCreate
                0x9d0054b4       0x24 build/default/production/_ext/1360937237/mouse.o
                0x9d0054b4                MOUSE_ReportCreate

.text._USB_DEVICE_HID_GlobalInitialize